#! /usr/local/bin/vvp
:ivl_version "11.0 (stable)" "(v11_0)";
:ivl_delay_selection "TYPICAL";
:vpi_time_precision + 0;
:vpi_module "/usr/local/lib/ivl/system.vpi";
:vpi_module "/usr/local/lib/ivl/vhdl_sys.vpi";
:vpi_module "/usr/local/lib/ivl/vhdl_textio.vpi";
:vpi_module "/usr/local/lib/ivl/v2005_math.vpi";
:vpi_module "/usr/local/lib/ivl/va_math.vpi";
S_0x561041b8bbe0 .scope module, "sim_REGULATIONwaltz_ROW26" "sim_REGULATIONwaltz_ROW26" 2 43;
 .timescale 0 0;
o0x7fbb34c4d018 .functor BUFZ 1, C4<z>; HiZ drive
v0x561041ba5290_0 .net "CELG59462", 0 0, o0x7fbb34c4d018;  0 drivers
o0x7fbb34c4d048 .functor BUFZ 1, C4<z>; HiZ drive
v0x561041ba65c0_0 .net "CELSUB40948", 0 0, o0x7fbb34c4d048;  0 drivers
o0x7fbb34c4d078 .functor BUFZ 1, C4<z>; HiZ drive
v0x561041ba66d0_0 .net "CELV96848", 0 0, o0x7fbb34c4d078;  0 drivers
o0x7fbb34c4d0a8 .functor BUFZ 1, C4<z>; HiZ drive
v0x561041ba67c0_0 .net "FB_REGULATION", 0 0, o0x7fbb34c4d0a8;  0 drivers
o0x7fbb34c4d0d8 .functor BUFZ 1, C4<z>; HiZ drive
v0x561041ba68b0_0 .net "GND", 0 0, o0x7fbb34c4d0d8;  0 drivers
o0x7fbb34c4d108 .functor BUFZ 1, C4<z>; HiZ drive
v0x561041ba69a0_0 .net "IP_0d0816e7", 0 0, o0x7fbb34c4d108;  0 drivers
o0x7fbb34c4d138 .functor BUFZ 1, C4<z>; HiZ drive
v0x561041ba6a90_0 .net "IP_70133221", 0 0, o0x7fbb34c4d138;  0 drivers
o0x7fbb34c4d168 .functor BUFZ 1, C4<z>; HiZ drive
v0x561041ba6b80_0 .net "IP_96171c99", 0 0, o0x7fbb34c4d168;  0 drivers
o0x7fbb34c4d198 .functor BUFZ 1, C4<z>; HiZ drive
v0x561041ba6c70_0 .net "IP_f5d94fdd", 0 0, o0x7fbb34c4d198;  0 drivers
o0x7fbb34c4d1c8 .functor BUFZ 1, C4<z>; HiZ drive
v0x561041ba6d10_0 .net "IP_fa70de6e", 0 0, o0x7fbb34c4d1c8;  0 drivers
o0x7fbb34c4d5e8 .functor BUFZ 1, C4<z>; HiZ drive
v0x561041ba6e00_0 .net "IREF_DRIVER", 0 0, o0x7fbb34c4d5e8;  0 drivers
o0x7fbb34c4d228 .functor BUFZ 1, C4<z>; HiZ drive
v0x561041ba6ea0_0 .net "MUDV", 0 0, o0x7fbb34c4d228;  0 drivers
o0x7fbb34c4d258 .functor BUFZ 1, C4<z>; HiZ drive
v0x561041ba6f90_0 .net "REF_REGULATION", 0 0, o0x7fbb34c4d258;  0 drivers
o0x7fbb34c4d288 .functor BUFZ 1, C4<z>; HiZ drive
v0x561041ba7080_0 .net "VSS_REGULATION", 0 0, o0x7fbb34c4d288;  0 drivers
o0x7fbb34c4d2b8 .functor BUFZ 1, C4<z>; HiZ drive
v0x561041ba7170_0 .net "enable_regulation", 0 0, o0x7fbb34c4d2b8;  0 drivers
o0x7fbb34c4d618 .functor BUFZ 1, C4<z>; HiZ drive
v0x561041ba7260_0 .net "go_driver", 0 0, o0x7fbb34c4d618;  0 drivers
o0x7fbb34c4d1f8 .functor BUFZ 1, C4<z>; HiZ drive
v0x561041ba7300_0 .net "kelvin_MUDG", 0 0, o0x7fbb34c4d1f8;  0 drivers
o0x7fbb34c4d648 .functor BUFZ 1, C4<z>; HiZ drive
v0x561041ba74b0_0 .net "ok_regulation", 0 0, o0x7fbb34c4d648;  0 drivers
S_0x561041b8bd70 .scope module, "XFORCE_REGULATIONwaltz1" "FORCE_REGULATIONwaltz" 2 49, 2 2 0, S_0x561041b8bbe0;
 .timescale 0 0;
    .port_info 0 /OUTPUT 1 "GND";
    .port_info 1 /OUTPUT 1 "MUDG";
    .port_info 2 /OUTPUT 1 "MUDV";
    .port_info 3 /OUTPUT 1 "CELG59462";
    .port_info 4 /OUTPUT 1 "CELV96848";
    .port_info 5 /OUTPUT 1 "CELSUB40948";
    .port_info 6 /OUTPUT 1 "IP_0d0816e7";
    .port_info 7 /OUTPUT 1 "IP_70133221";
    .port_info 8 /OUTPUT 1 "IP_96171c99";
    .port_info 9 /OUTPUT 1 "IP_f5d94fdd";
    .port_info 10 /OUTPUT 1 "IP_fa70de6e";
    .port_info 11 /OUTPUT 1 "kelvin_MUDG";
    .port_info 12 /OUTPUT 1 "FB_REGULATION";
    .port_info 13 /OUTPUT 1 "REF_REGULATION";
    .port_info 14 /OUTPUT 1 "VSS_REGULATION";
    .port_info 15 /INOUT 1 "enable_regulation";
v0x561041b534b0_0 .net "CELG59462", 0 0, o0x7fbb34c4d018;  alias, 0 drivers
v0x561041b540f0_0 .net "CELSUB40948", 0 0, o0x7fbb34c4d048;  alias, 0 drivers
v0x561041b53ec0_0 .net "CELV96848", 0 0, o0x7fbb34c4d078;  alias, 0 drivers
v0x561041ba4480_0 .net "FB_REGULATION", 0 0, o0x7fbb34c4d0a8;  alias, 0 drivers
v0x561041ba4540_0 .net "GND", 0 0, o0x7fbb34c4d0d8;  alias, 0 drivers
v0x561041ba4650_0 .net "IP_0d0816e7", 0 0, o0x7fbb34c4d108;  alias, 0 drivers
v0x561041ba4710_0 .net "IP_70133221", 0 0, o0x7fbb34c4d138;  alias, 0 drivers
v0x561041ba47d0_0 .net "IP_96171c99", 0 0, o0x7fbb34c4d168;  alias, 0 drivers
v0x561041ba4890_0 .net "IP_f5d94fdd", 0 0, o0x7fbb34c4d198;  alias, 0 drivers
v0x561041ba4950_0 .net "IP_fa70de6e", 0 0, o0x7fbb34c4d1c8;  alias, 0 drivers
v0x561041ba4a10_0 .net "MUDG", 0 0, o0x7fbb34c4d1f8;  alias, 0 drivers
v0x561041ba4ad0_0 .net "MUDV", 0 0, o0x7fbb34c4d228;  alias, 0 drivers
v0x561041ba4b90_0 .net "REF_REGULATION", 0 0, o0x7fbb34c4d258;  alias, 0 drivers
v0x561041ba4c50_0 .net "VSS_REGULATION", 0 0, o0x7fbb34c4d288;  alias, 0 drivers
v0x561041ba4d10_0 .net "enable_regulation", 0 0, o0x7fbb34c4d2b8;  alias, 0 drivers
v0x561041ba4dd0_0 .net "kelvin_MUDG", 0 0, o0x7fbb34c4d1f8;  alias, 0 drivers
S_0x561041ba50e0 .scope module, "XREGULATIONwaltz1" "REGULATIONwaltz" 2 68, 2 21 0, S_0x561041b8bbe0;
 .timescale 0 0;
    .port_info 0 /INOUT 1 "MUDG";
    .port_info 1 /INPUT 1 "MUDV";
    .port_info 2 /INPUT 1 "CELG59462";
    .port_info 3 /INPUT 1 "CELV96848";
    .port_info 4 /OUTPUT 1 "go_driver";
    .port_info 5 /INPUT 1 "CELSUB40948";
    .port_info 6 /INPUT 1 "IP_0d0816e7";
    .port_info 7 /INPUT 1 "IP_70133221";
    .port_info 8 /INPUT 1 "IP_96171c99";
    .port_info 9 /INPUT 1 "IP_f5d94fdd";
    .port_info 10 /INPUT 1 "IP_fa70de6e";
    .port_info 11 /INOUT 1 "IREF_DRIVER";
    .port_info 12 /INOUT 1 "kelvin_MUDG";
    .port_info 13 /INOUT 1 "FB_REGULATION";
    .port_info 14 /OUTPUT 1 "ok_regulation";
    .port_info 15 /INPUT 1 "REF_REGULATION";
    .port_info 16 /INPUT 1 "VSS_REGULATION";
    .port_info 17 /INPUT 1 "enable_regulation";
v0x561041ba54f0_0 .net "CELG59462", 0 0, o0x7fbb34c4d018;  alias, 0 drivers
v0x561041ba55c0_0 .net "CELSUB40948", 0 0, o0x7fbb34c4d048;  alias, 0 drivers
v0x561041ba5690_0 .net "CELV96848", 0 0, o0x7fbb34c4d078;  alias, 0 drivers
v0x561041ba5790_0 .net "FB_REGULATION", 0 0, o0x7fbb34c4d0a8;  alias, 0 drivers
v0x561041ba5860_0 .net "IP_0d0816e7", 0 0, o0x7fbb34c4d108;  alias, 0 drivers
v0x561041ba5950_0 .net "IP_70133221", 0 0, o0x7fbb34c4d138;  alias, 0 drivers
v0x561041ba5a20_0 .net "IP_96171c99", 0 0, o0x7fbb34c4d168;  alias, 0 drivers
v0x561041ba5af0_0 .net "IP_f5d94fdd", 0 0, o0x7fbb34c4d198;  alias, 0 drivers
v0x561041ba5bc0_0 .net "IP_fa70de6e", 0 0, o0x7fbb34c4d1c8;  alias, 0 drivers
v0x561041ba5c90_0 .net "IREF_DRIVER", 0 0, o0x7fbb34c4d5e8;  alias, 0 drivers
v0x561041ba5d30_0 .net "MUDG", 0 0, o0x7fbb34c4d1f8;  alias, 0 drivers
v0x561041ba5dd0_0 .net "MUDV", 0 0, o0x7fbb34c4d228;  alias, 0 drivers
v0x561041ba5e70_0 .net "REF_REGULATION", 0 0, o0x7fbb34c4d258;  alias, 0 drivers
v0x561041ba5f40_0 .net "VSS_REGULATION", 0 0, o0x7fbb34c4d288;  alias, 0 drivers
v0x561041ba6010_0 .net "enable_regulation", 0 0, o0x7fbb34c4d2b8;  alias, 0 drivers
v0x561041ba60e0_0 .net "go_driver", 0 0, o0x7fbb34c4d618;  alias, 0 drivers
v0x561041ba6180_0 .net "kelvin_MUDG", 0 0, o0x7fbb34c4d1f8;  alias, 0 drivers
v0x561041ba6330_0 .net "ok_regulation", 0 0, o0x7fbb34c4d648;  alias, 0 drivers
# The file index is used to find the file name in the following table.
:file_names 3;
    "N/A";
    "<interactive>";
    "/celera/projects/Sunnyvale/software/REGULATIONwaltz/verilog10/sim_REGULATIONwaltz_ROW26.v";
