#! /usr/local/bin/vvp
:ivl_version "11.0 (stable)" "(v11_0)";
:ivl_delay_selection "TYPICAL";
:vpi_time_precision + 0;
:vpi_module "/usr/local/lib/ivl/system.vpi";
:vpi_module "/usr/local/lib/ivl/vhdl_sys.vpi";
:vpi_module "/usr/local/lib/ivl/vhdl_textio.vpi";
:vpi_module "/usr/local/lib/ivl/v2005_math.vpi";
:vpi_module "/usr/local/lib/ivl/va_math.vpi";
S_0x56022b80af60 .scope module, "sim_DRIVERpuget_ROW6" "sim_DRIVERpuget_ROW6" 2 39;
 .timescale 0 0;
o0x7f4a08f5e018 .functor BUFZ 1, C4<z>; HiZ drive
v0x56022b85ba80_0 .net "BGATE", 0 0, o0x7f4a08f5e018;  0 drivers
o0x7f4a08f5e048 .functor BUFZ 1, C4<z>; HiZ drive
v0x56022b85bb20_0 .net "BST", 0 0, o0x7f4a08f5e048;  0 drivers
o0x7f4a08f5e078 .functor BUFZ 1, C4<z>; HiZ drive
v0x56022b85bc30_0 .net "CELG59462", 0 0, o0x7f4a08f5e078;  0 drivers
o0x7f4a08f5e0a8 .functor BUFZ 1, C4<z>; HiZ drive
v0x56022b85bd20_0 .net "CELSUB40948", 0 0, o0x7f4a08f5e0a8;  0 drivers
o0x7f4a08f5e0d8 .functor BUFZ 1, C4<z>; HiZ drive
v0x56022b85be10_0 .net "CELV96848", 0 0, o0x7f4a08f5e0d8;  0 drivers
o0x7f4a08f5e108 .functor BUFZ 1, C4<z>; HiZ drive
v0x56022b85bf50_0 .net "DRVCC", 0 0, o0x7f4a08f5e108;  0 drivers
o0x7f4a08f5e138 .functor BUFZ 1, C4<z>; HiZ drive
v0x56022b85c040_0 .net "PGND", 0 0, o0x7f4a08f5e138;  0 drivers
o0x7f4a08f5e168 .functor BUFZ 1, C4<z>; HiZ drive
v0x56022b85c130_0 .net "SW", 0 0, o0x7f4a08f5e168;  0 drivers
o0x7f4a08f5e198 .functor BUFZ 1, C4<z>; HiZ drive
v0x56022b85c220_0 .net "TGATE", 0 0, o0x7f4a08f5e198;  0 drivers
o0x7f4a08f5e1c8 .functor BUFZ 1, C4<z>; HiZ drive
v0x56022b85c350_0 .net "bbm_bottomon", 0 0, o0x7f4a08f5e1c8;  0 drivers
o0x7f4a08f5e1f8 .functor BUFZ 1, C4<z>; HiZ drive
v0x56022b85c3f0_0 .net "bbm_topon", 0 0, o0x7f4a08f5e1f8;  0 drivers
o0x7f4a08f5e228 .functor BUFZ 1, C4<z>; HiZ drive
v0x56022b85c490_0 .net "bottom_state", 0 0, o0x7f4a08f5e228;  0 drivers
o0x7f4a08f5e258 .functor BUFZ 1, C4<z>; HiZ drive
v0x56022b85c580_0 .net "enable_driver", 0 0, o0x7f4a08f5e258;  0 drivers
o0x7f4a08f5e288 .functor BUFZ 1, C4<z>; HiZ drive
v0x56022b85c670_0 .net "ok_bst", 0 0, o0x7f4a08f5e288;  0 drivers
o0x7f4a08f5e2b8 .functor BUFZ 1, C4<z>; HiZ drive
v0x56022b85c710_0 .net "refresh_state", 0 0, o0x7f4a08f5e2b8;  0 drivers
o0x7f4a08f5e2e8 .functor BUFZ 1, C4<z>; HiZ drive
v0x56022b85c800_0 .net "top_state", 0 0, o0x7f4a08f5e2e8;  0 drivers
o0x7f4a08f5e318 .functor BUFZ 1, C4<z>; HiZ drive
v0x56022b85c8f0_0 .net "top_status", 0 0, o0x7f4a08f5e318;  0 drivers
S_0x56022b842f10 .scope module, "XDRIVERpuget1" "DRIVERpuget" 2 45, 2 2 0, S_0x56022b80af60;
 .timescale 0 0;
    .port_info 0 /INPUT 1 "SW";
    .port_info 1 /INPUT 1 "BST";
    .port_info 2 /INPUT 1 "PGND";
    .port_info 3 /OUTPUT 1 "BGATE";
    .port_info 4 /INPUT 1 "DRVCC";
    .port_info 5 /OUTPUT 1 "TGATE";
    .port_info 6 /OUTPUT 1 "ok_bst";
    .port_info 7 /INPUT 1 "CELG59462";
    .port_info 8 /INPUT 1 "CELV96848";
    .port_info 9 /OUTPUT 1 "bbm_topon";
    .port_info 10 /INPUT 1 "top_state";
    .port_info 11 /OUTPUT 1 "top_status";
    .port_info 12 /INPUT 1 "CELSUB40948";
    .port_info 13 /OUTPUT 1 "bbm_bottomon";
    .port_info 14 /INPUT 1 "bottom_state";
    .port_info 15 /INPUT 1 "enable_driver";
    .port_info 16 /INPUT 1 "refresh_state";
v0x56022b80a4b0_0 .net "BGATE", 0 0, o0x7f4a08f5e018;  alias, 0 drivers
v0x56022b80b0f0_0 .net "BST", 0 0, o0x7f4a08f5e048;  alias, 0 drivers
v0x56022b80aec0_0 .net "CELG59462", 0 0, o0x7f4a08f5e078;  alias, 0 drivers
v0x56022b859ee0_0 .net "CELSUB40948", 0 0, o0x7f4a08f5e0a8;  alias, 0 drivers
v0x56022b859fa0_0 .net "CELV96848", 0 0, o0x7f4a08f5e0d8;  alias, 0 drivers
v0x56022b85a0b0_0 .net "DRVCC", 0 0, o0x7f4a08f5e108;  alias, 0 drivers
v0x56022b85a170_0 .net "PGND", 0 0, o0x7f4a08f5e138;  alias, 0 drivers
v0x56022b85a230_0 .net "SW", 0 0, o0x7f4a08f5e168;  alias, 0 drivers
v0x56022b85a2f0_0 .net "TGATE", 0 0, o0x7f4a08f5e198;  alias, 0 drivers
v0x56022b85a3b0_0 .net "bbm_bottomon", 0 0, o0x7f4a08f5e1c8;  alias, 0 drivers
v0x56022b85a470_0 .net "bbm_topon", 0 0, o0x7f4a08f5e1f8;  alias, 0 drivers
v0x56022b85a530_0 .net "bottom_state", 0 0, o0x7f4a08f5e228;  alias, 0 drivers
v0x56022b85a5f0_0 .net "enable_driver", 0 0, o0x7f4a08f5e258;  alias, 0 drivers
v0x56022b85a6b0_0 .net "ok_bst", 0 0, o0x7f4a08f5e288;  alias, 0 drivers
v0x56022b85a770_0 .net "refresh_state", 0 0, o0x7f4a08f5e2b8;  alias, 0 drivers
v0x56022b85a830_0 .net "top_state", 0 0, o0x7f4a08f5e2e8;  alias, 0 drivers
v0x56022b85a8f0_0 .net "top_status", 0 0, o0x7f4a08f5e318;  alias, 0 drivers
S_0x56022b85ace0 .scope module, "XFORCE_DRIVERpuget1" "FORCE_DRIVERpuget" 2 65, 2 22 0, S_0x56022b80af60;
 .timescale 0 0;
    .port_info 0 /OUTPUT 1 "SW";
    .port_info 1 /OUTPUT 1 "BST";
    .port_info 2 /OUTPUT 1 "PGND";
    .port_info 3 /OUTPUT 1 "BGATE";
    .port_info 4 /OUTPUT 1 "DRVCC";
    .port_info 5 /OUTPUT 1 "TGATE";
    .port_info 6 /OUTPUT 1 "CELG59462";
    .port_info 7 /OUTPUT 1 "CELV96848";
    .port_info 8 /OUTPUT 1 "top_state";
    .port_info 9 /OUTPUT 1 "CELSUB40948";
    .port_info 10 /OUTPUT 1 "bottom_state";
    .port_info 11 /OUTPUT 1 "enable_driver";
    .port_info 12 /OUTPUT 1 "refresh_state";
v0x56022b85afd0_0 .net "BGATE", 0 0, o0x7f4a08f5e018;  alias, 0 drivers
v0x56022b85b070_0 .net "BST", 0 0, o0x7f4a08f5e048;  alias, 0 drivers
v0x56022b85b140_0 .net "CELG59462", 0 0, o0x7f4a08f5e078;  alias, 0 drivers
v0x56022b85b240_0 .net "CELSUB40948", 0 0, o0x7f4a08f5e0a8;  alias, 0 drivers
v0x56022b85b310_0 .net "CELV96848", 0 0, o0x7f4a08f5e0d8;  alias, 0 drivers
v0x56022b85b400_0 .net "DRVCC", 0 0, o0x7f4a08f5e108;  alias, 0 drivers
v0x56022b85b4d0_0 .net "PGND", 0 0, o0x7f4a08f5e138;  alias, 0 drivers
v0x56022b85b5a0_0 .net "SW", 0 0, o0x7f4a08f5e168;  alias, 0 drivers
v0x56022b85b670_0 .net "TGATE", 0 0, o0x7f4a08f5e198;  alias, 0 drivers
v0x56022b85b740_0 .net "bottom_state", 0 0, o0x7f4a08f5e228;  alias, 0 drivers
v0x56022b85b810_0 .net "enable_driver", 0 0, o0x7f4a08f5e258;  alias, 0 drivers
v0x56022b85b8e0_0 .net "refresh_state", 0 0, o0x7f4a08f5e2b8;  alias, 0 drivers
v0x56022b85b9b0_0 .net "top_state", 0 0, o0x7f4a08f5e2e8;  alias, 0 drivers
# The file index is used to find the file name in the following table.
:file_names 3;
    "N/A";
    "<interactive>";
    "/celera/projects/Sunnyvale/software/DRIVERpuget/verilog10/sim_DRIVERpuget_ROW6.v";
