#! /usr/local/bin/vvp
:ivl_version "11.0 (stable)" "(v11_0)";
:ivl_delay_selection "TYPICAL";
:vpi_time_precision + 0;
:vpi_module "/usr/local/lib/ivl/system.vpi";
:vpi_module "/usr/local/lib/ivl/vhdl_sys.vpi";
:vpi_module "/usr/local/lib/ivl/vhdl_textio.vpi";
:vpi_module "/usr/local/lib/ivl/v2005_math.vpi";
:vpi_module "/usr/local/lib/ivl/va_math.vpi";
S_0x556794b4af60 .scope module, "sim_REGULATIONclock_ROW4" "sim_REGULATIONclock_ROW4" 2 54;
 .timescale 0 0;
o0x7f2722ce10d8 .functor BUFZ 1, C4<z>; HiZ drive
v0x556794ba0e60_0 .net "CELG59462", 0 0, o0x7f2722ce10d8;  0 drivers
o0x7f2722ce1108 .functor BUFZ 1, C4<z>; HiZ drive
v0x556794ba0f00_0 .net "CELREF_0a62f9b4", 0 0, o0x7f2722ce1108;  0 drivers
o0x7f2722ce1018 .functor BUFZ 1, C4<z>; HiZ drive
v0x556794ba1010_0 .net "CELSENSE_RF", 0 0, o0x7f2722ce1018;  0 drivers
o0x7f2722ce1138 .functor BUFZ 1, C4<z>; HiZ drive
v0x556794ba1100_0 .net "CELSUB40948", 0 0, o0x7f2722ce1138;  0 drivers
o0x7f2722ce1168 .functor BUFZ 1, C4<z>; HiZ drive
v0x556794ba11f0_0 .net "CELV96848", 0 0, o0x7f2722ce1168;  0 drivers
o0x7f2722ce1198 .functor BUFZ 1, C4<z>; HiZ drive
v0x556794ba1330_0 .net "GND", 0 0, o0x7f2722ce1198;  0 drivers
o0x7f2722ce11c8 .functor BUFZ 1, C4<z>; HiZ drive
v0x556794ba13d0_0 .net "IP_0a62f9b4", 0 0, o0x7f2722ce11c8;  0 drivers
o0x7f2722ce1528 .functor BUFZ 1, C4<z>; HiZ drive
v0x556794ba14c0_0 .net "ISLOPECOMP", 0 0, o0x7f2722ce1528;  0 drivers
o0x7f2722ce11f8 .functor BUFZ 1, C4<z>; HiZ drive
v0x556794ba1560_0 .net "PORB97836", 0 0, o0x7f2722ce11f8;  0 drivers
o0x7f2722ce1048 .functor BUFZ 1, C4<z>; HiZ drive
v0x556794ba1600_0 .net "RT", 0 0, o0x7f2722ce1048;  0 drivers
o0x7f2722ce1228 .functor BUFZ 1, C4<z>; HiZ drive
v0x556794ba16a0_0 .net "SIMPV", 0 0, o0x7f2722ce1228;  0 drivers
o0x7f2722ce1558 .functor BUFZ 1, C4<z>; HiZ drive
v0x556794ba1790_0 .net "celkelvin_GNDoscillator", 0 0, o0x7f2722ce1558;  0 drivers
o0x7f2722ce1588 .functor BUFZ 1, C4<z>; HiZ drive
v0x556794ba1880_0 .net "clock_divideRT", 0 0, o0x7f2722ce1588;  0 drivers
o0x7f2722ce15b8 .functor BUFZ 1, C4<z>; HiZ drive
v0x556794ba1920_0 .net "clock_rt", 0 0, o0x7f2722ce15b8;  0 drivers
o0x7f2722ce15e8 .functor BUFZ 1, C4<z>; HiZ drive
v0x556794ba19c0_0 .net "dtfprobe_XUREGULATIONclockCLOCKRT_f849bfe4", 0 0, o0x7f2722ce15e8;  0 drivers
o0x7f2722ce1618 .functor BUFZ 1, C4<z>; HiZ drive
v0x556794ba1a60_0 .net "dtfprobe_XUREGULATIONclockCLOCK_f849bfe4", 0 0, o0x7f2722ce1618;  0 drivers
o0x7f2722ce1648 .functor BUFZ 1, C4<z>; HiZ drive
v0x556794ba1b00_0 .net "dtfprobe_XUREGULATIONclockFAULT_f849bfe4", 0 0, o0x7f2722ce1648;  0 drivers
o0x7f2722ce1678 .functor BUFZ 1, C4<z>; HiZ drive
v0x556794ba1cb0_0 .net "dtfprobe_XUREGULATIONclockISLOPECOMP_f849bfe4", 0 0, o0x7f2722ce1678;  0 drivers
o0x7f2722ce16a8 .functor BUFZ 1, C4<z>; HiZ drive
v0x556794ba1d50_0 .net "dtfprobe_XUREGULATIONclockSTARTUP_f849bfe4", 0 0, o0x7f2722ce16a8;  0 drivers
o0x7f2722ce1258 .functor BUFZ 1, C4<z>; HiZ drive
v0x556794ba1df0_0 .net "enable_clock", 0 0, o0x7f2722ce1258;  0 drivers
o0x7f2722ce16d8 .functor BUFZ 1, C4<z>; HiZ drive
v0x556794ba1ee0_0 .net "fault_clock", 0 0, o0x7f2722ce16d8;  0 drivers
o0x7f2722ce1288 .functor BUFZ 1, C4<z>; HiZ drive
v0x556794ba1f80_0 .net "mode_stepup", 0 0, o0x7f2722ce1288;  0 drivers
o0x7f2722ce1708 .functor BUFZ 1, C4<z>; HiZ drive
v0x556794ba2070_0 .net "ok_clock", 0 0, o0x7f2722ce1708;  0 drivers
o0x7f2722ce12b8 .functor BUFZ 1, C4<z>; HiZ drive
v0x556794ba2110_0 .net "request_clockRT", 0 0, o0x7f2722ce12b8;  0 drivers
S_0x556794b822a0 .scope module, "CELSENSE_RF_WRAPPER" "WRAPPER1" 2 101, 2 46 0, S_0x556794b4af60;
 .timescale 0 0;
    .port_info 0 /OUTPUT 1 "o";
    .port_info 1 /INPUT 1 "i";
v0x556794b4a4b0_0 .net "i", 0 0, o0x7f2722ce1018;  alias, 0 drivers
v0x556794b4b0f0_0 .net "o", 0 0, o0x7f2722ce1048;  alias, 0 drivers
S_0x556794b9e480 .scope module, "XFORCE_REGULATIONclock1" "FORCE_REGULATIONclock" 2 60, 2 2 0, S_0x556794b4af60;
 .timescale 0 0;
    .port_info 0 /OUTPUT 1 "RT";
    .port_info 1 /OUTPUT 1 "GND";
    .port_info 2 /OUTPUT 1 "SIMPV";
    .port_info 3 /OUTPUT 1 "CELG59462";
    .port_info 4 /OUTPUT 1 "CELV96848";
    .port_info 5 /OUTPUT 1 "PORB97836";
    .port_info 6 /OUTPUT 1 "CELSUB40948";
    .port_info 7 /OUTPUT 1 "IP_0a62f9b4";
    .port_info 8 /OUTPUT 1 "mode_stepup";
    .port_info 9 /OUTPUT 1 "enable_clock";
    .port_info 10 /OUTPUT 1 "CELREF_0a62f9b4";
    .port_info 11 /OUTPUT 1 "request_clockRT";
v0x556794b4aec0_0 .net "CELG59462", 0 0, o0x7f2722ce10d8;  alias, 0 drivers
v0x556794b9e7b0_0 .net "CELREF_0a62f9b4", 0 0, o0x7f2722ce1108;  alias, 0 drivers
v0x556794b9e870_0 .net "CELSUB40948", 0 0, o0x7f2722ce1138;  alias, 0 drivers
v0x556794b9e910_0 .net "CELV96848", 0 0, o0x7f2722ce1168;  alias, 0 drivers
v0x556794b9e9d0_0 .net "GND", 0 0, o0x7f2722ce1198;  alias, 0 drivers
v0x556794b9eae0_0 .net "IP_0a62f9b4", 0 0, o0x7f2722ce11c8;  alias, 0 drivers
v0x556794b9eba0_0 .net "PORB97836", 0 0, o0x7f2722ce11f8;  alias, 0 drivers
v0x556794b9ec60_0 .net "RT", 0 0, o0x7f2722ce1048;  alias, 0 drivers
v0x556794b9ed00_0 .net "SIMPV", 0 0, o0x7f2722ce1228;  alias, 0 drivers
v0x556794b9eda0_0 .net "enable_clock", 0 0, o0x7f2722ce1258;  alias, 0 drivers
v0x556794b9ee60_0 .net "mode_stepup", 0 0, o0x7f2722ce1288;  alias, 0 drivers
v0x556794b9ef20_0 .net "request_clockRT", 0 0, o0x7f2722ce12b8;  alias, 0 drivers
S_0x556794b9f160 .scope module, "XREGULATIONclock1" "REGULATIONclock" 2 75, 2 17 0, S_0x556794b4af60;
 .timescale 0 0;
    .port_info 0 /OUTPUT 1 "RT";
    .port_info 1 /INPUT 1 "SIMPV";
    .port_info 2 /OUTPUT 1 "clock_rt";
    .port_info 3 /OUTPUT 1 "ok_clock";
    .port_info 4 /INPUT 1 "CELG59462";
    .port_info 5 /INPUT 1 "CELV96848";
    .port_info 6 /INPUT 1 "PORB97836";
    .port_info 7 /INOUT 1 "ISLOPECOMP";
    .port_info 8 /INPUT 1 "CELSENSE_RF";
    .port_info 9 /INPUT 1 "CELSUB40948";
    .port_info 10 /INPUT 1 "IP_0a62f9b4";
    .port_info 11 /OUTPUT 1 "fault_clock";
    .port_info 12 /INPUT 1 "mode_stepup";
    .port_info 13 /INPUT 1 "enable_clock";
    .port_info 14 /OUTPUT 1 "clock_divideRT";
    .port_info 15 /INPUT 1 "CELREF_0a62f9b4";
    .port_info 16 /INPUT 1 "request_clockRT";
    .port_info 17 /INPUT 1 "celkelvin_GNDoscillator";
    .port_info 18 /OUTPUT 1 "dtfprobe_XUREGULATIONclockCLOCK_f849bfe4";
    .port_info 19 /OUTPUT 1 "dtfprobe_XUREGULATIONclockFAULT_f849bfe4";
    .port_info 20 /OUTPUT 1 "dtfprobe_XUREGULATIONclockCLOCKRT_f849bfe4";
    .port_info 21 /OUTPUT 1 "dtfprobe_XUREGULATIONclockSTARTUP_f849bfe4";
    .port_info 22 /OUTPUT 1 "dtfprobe_XUREGULATIONclockISLOPECOMP_f849bfe4";
v0x556794b9f550_0 .net "CELG59462", 0 0, o0x7f2722ce10d8;  alias, 0 drivers
v0x556794b9f620_0 .net "CELREF_0a62f9b4", 0 0, o0x7f2722ce1108;  alias, 0 drivers
v0x556794b9f6f0_0 .net "CELSENSE_RF", 0 0, o0x7f2722ce1018;  alias, 0 drivers
v0x556794b9f7f0_0 .net "CELSUB40948", 0 0, o0x7f2722ce1138;  alias, 0 drivers
v0x556794b9f8c0_0 .net "CELV96848", 0 0, o0x7f2722ce1168;  alias, 0 drivers
v0x556794b9f9b0_0 .net "IP_0a62f9b4", 0 0, o0x7f2722ce11c8;  alias, 0 drivers
v0x556794b9fa80_0 .net "ISLOPECOMP", 0 0, o0x7f2722ce1528;  alias, 0 drivers
v0x556794b9fb20_0 .net "PORB97836", 0 0, o0x7f2722ce11f8;  alias, 0 drivers
v0x556794b9fbf0_0 .net "RT", 0 0, o0x7f2722ce1048;  alias, 0 drivers
v0x556794b9fd20_0 .net "SIMPV", 0 0, o0x7f2722ce1228;  alias, 0 drivers
v0x556794b9fdc0_0 .net "celkelvin_GNDoscillator", 0 0, o0x7f2722ce1558;  alias, 0 drivers
v0x556794b9fe60_0 .net "clock_divideRT", 0 0, o0x7f2722ce1588;  alias, 0 drivers
v0x556794b9ff00_0 .net "clock_rt", 0 0, o0x7f2722ce15b8;  alias, 0 drivers
v0x556794b9ffa0_0 .net "dtfprobe_XUREGULATIONclockCLOCKRT_f849bfe4", 0 0, o0x7f2722ce15e8;  alias, 0 drivers
v0x556794ba0040_0 .net "dtfprobe_XUREGULATIONclockCLOCK_f849bfe4", 0 0, o0x7f2722ce1618;  alias, 0 drivers
v0x556794ba00e0_0 .net "dtfprobe_XUREGULATIONclockFAULT_f849bfe4", 0 0, o0x7f2722ce1648;  alias, 0 drivers
v0x556794ba0180_0 .net "dtfprobe_XUREGULATIONclockISLOPECOMP_f849bfe4", 0 0, o0x7f2722ce1678;  alias, 0 drivers
v0x556794ba0330_0 .net "dtfprobe_XUREGULATIONclockSTARTUP_f849bfe4", 0 0, o0x7f2722ce16a8;  alias, 0 drivers
v0x556794ba03d0_0 .net "enable_clock", 0 0, o0x7f2722ce1258;  alias, 0 drivers
v0x556794ba04a0_0 .net "fault_clock", 0 0, o0x7f2722ce16d8;  alias, 0 drivers
v0x556794ba0540_0 .net "mode_stepup", 0 0, o0x7f2722ce1288;  alias, 0 drivers
v0x556794ba0610_0 .net "ok_clock", 0 0, o0x7f2722ce1708;  alias, 0 drivers
v0x556794ba06b0_0 .net "request_clockRT", 0 0, o0x7f2722ce12b8;  alias, 0 drivers
S_0x556794ba0a40 .scope module, "celkelvin_GNDoscillator_WRAPPER" "WRAPPER1" 2 106, 2 46 0, S_0x556794b4af60;
 .timescale 0 0;
    .port_info 0 /OUTPUT 1 "o";
    .port_info 1 /INPUT 1 "i";
v0x556794ba0c40_0 .net "i", 0 0, o0x7f2722ce1558;  alias, 0 drivers
v0x556794ba0d30_0 .net "o", 0 0, o0x7f2722ce10d8;  alias, 0 drivers
# The file index is used to find the file name in the following table.
:file_names 3;
    "N/A";
    "<interactive>";
    "/celera/projects/Sunnyvale/software/REGULATIONclock/verilog10/sim_REGULATIONclock_ROW4.v";
