#! /usr/local/bin/vvp
:ivl_version "11.0 (stable)" "(v11_0)";
:ivl_delay_selection "TYPICAL";
:vpi_time_precision + 0;
:vpi_module "/usr/local/lib/ivl/system.vpi";
:vpi_module "/usr/local/lib/ivl/vhdl_sys.vpi";
:vpi_module "/usr/local/lib/ivl/vhdl_textio.vpi";
:vpi_module "/usr/local/lib/ivl/v2005_math.vpi";
:vpi_module "/usr/local/lib/ivl/va_math.vpi";
S_0x555555847f60 .scope module, "sim_INCURRENTSENSEpuget_ROW9" "sim_INCURRENTSENSEpuget_ROW9" 2 40;
 .timescale 0 0;
o0x7fffff25f018 .functor BUFZ 1, C4<z>; HiZ drive
v0x555555898910_0 .net "CELG59462", 0 0, o0x7fffff25f018;  0 drivers
o0x7fffff25f048 .functor BUFZ 1, C4<z>; HiZ drive
v0x555555899c60_0 .net "CELSUB40948", 0 0, o0x7fffff25f048;  0 drivers
o0x7fffff25f078 .functor BUFZ 1, C4<z>; HiZ drive
v0x555555899d70_0 .net "CELV96848", 0 0, o0x7fffff25f078;  0 drivers
o0x7fffff25f0a8 .functor BUFZ 1, C4<z>; HiZ drive
v0x555555899e60_0 .net "GND", 0 0, o0x7fffff25f0a8;  0 drivers
o0x7fffff25f0d8 .functor BUFZ 1, C4<z>; HiZ drive
v0x555555899f00_0 .net "IP_INCURRENTSENSEpuget1", 0 0, o0x7fffff25f0d8;  0 drivers
o0x7fffff25f108 .functor BUFZ 1, C4<z>; HiZ drive
v0x55555589a040_0 .net "PORB97836", 0 0, o0x7fffff25f108;  0 drivers
o0x7fffff25f138 .functor BUFZ 1, C4<z>; HiZ drive
v0x55555589a130_0 .net "SIMPV", 0 0, o0x7fffff25f138;  0 drivers
o0x7fffff25f4f8 .functor BUFZ 1, C4<z>; HiZ drive
v0x55555589a220_0 .net "TAO", 0 0, o0x7fffff25f4f8;  0 drivers
o0x7fffff25f168 .functor BUFZ 1, C4<z>; HiZ drive
v0x55555589a2c0_0 .net "VOUTSN", 0 0, o0x7fffff25f168;  0 drivers
o0x7fffff25f198 .functor BUFZ 1, C4<z>; HiZ drive
v0x55555589a360_0 .net "VOUTSP", 0 0, o0x7fffff25f198;  0 drivers
o0x7fffff25f528 .functor BUFZ 1, C4<z>; HiZ drive
v0x55555589a450_0 .net "VSNSI_FILTER", 0 0, o0x7fffff25f528;  0 drivers
o0x7fffff25f558 .functor BUFZ 1, C4<z>; HiZ drive
v0x55555589a4f0_0 .net "VSNSI_LIVE", 0 0, o0x7fffff25f558;  0 drivers
o0x7fffff25f1c8 .functor BUFZ 1, C4<z>; HiZ drive
v0x55555589a590_0 .net "clock_currentsensein", 0 0, o0x7fffff25f1c8;  0 drivers
o0x7fffff25f1f8 .functor BUFZ 1, C4<z>; HiZ drive
v0x55555589a680_0 .net "enable_currentsensein", 0 0, o0x7fffff25f1f8;  0 drivers
o0x7fffff25f228 .functor BUFZ 1, C4<z>; HiZ drive
v0x55555589a770_0 .net "kelvin_GNDcurrentsensein", 0 0, o0x7fffff25f228;  0 drivers
o0x7fffff25f258 .functor BUFZ 1, C4<z>; HiZ drive
v0x55555589a860_0 .net "measure_currentsensein", 0 0, o0x7fffff25f258;  0 drivers
o0x7fffff25f588 .functor BUFZ 1, C4<z>; HiZ drive
v0x55555589a950_0 .net "ok_currentsensein", 0 0, o0x7fffff25f588;  0 drivers
o0x7fffff25f5b8 .functor BUFZ 1, C4<z>; HiZ drive
v0x55555589ab00_0 .net "ok_measurecurrentsensein", 0 0, o0x7fffff25f5b8;  0 drivers
o0x7fffff25f5e8 .functor BUFZ 5, C4<zzzzz>; HiZ drive
v0x55555589aba0_0 .net "tmi", 4 0, o0x7fffff25f5e8;  0 drivers
S_0x55555587f540 .scope module, "XFORCE_INCURRENTSENSEpuget1" "FORCE_INCURRENTSENSEpuget" 2 47, 2 2 0, S_0x555555847f60;
 .timescale 0 0;
    .port_info 0 /INOUT 1 "GND";
    .port_info 1 /OUTPUT 1 "SIMPV";
    .port_info 2 /OUTPUT 1 "VOUTSN";
    .port_info 3 /OUTPUT 1 "VOUTSP";
    .port_info 4 /OUTPUT 1 "CELG59462";
    .port_info 5 /OUTPUT 1 "CELV96848";
    .port_info 6 /OUTPUT 1 "PORB97836";
    .port_info 7 /OUTPUT 1 "CELSUB40948";
    .port_info 8 /OUTPUT 1 "clock_currentsensein";
    .port_info 9 /INOUT 1 "enable_currentsensein";
    .port_info 10 /INOUT 1 "measure_currentsensein";
    .port_info 11 /OUTPUT 1 "IP_INCURRENTSENSEpuget1";
    .port_info 12 /OUTPUT 1 "kelvin_GNDcurrentsensein";
v0x5555558474b0_0 .net "CELG59462", 0 0, o0x7fffff25f018;  alias, 0 drivers
v0x5555558480f0_0 .net "CELSUB40948", 0 0, o0x7fffff25f048;  alias, 0 drivers
v0x555555847ec0_0 .net "CELV96848", 0 0, o0x7fffff25f078;  alias, 0 drivers
v0x555555897df0_0 .net "GND", 0 0, o0x7fffff25f0a8;  alias, 0 drivers
v0x555555897eb0_0 .net "IP_INCURRENTSENSEpuget1", 0 0, o0x7fffff25f0d8;  alias, 0 drivers
v0x555555897fc0_0 .net "PORB97836", 0 0, o0x7fffff25f108;  alias, 0 drivers
v0x555555898080_0 .net "SIMPV", 0 0, o0x7fffff25f138;  alias, 0 drivers
v0x555555898140_0 .net "VOUTSN", 0 0, o0x7fffff25f168;  alias, 0 drivers
v0x555555898200_0 .net "VOUTSP", 0 0, o0x7fffff25f198;  alias, 0 drivers
v0x5555558982c0_0 .net "clock_currentsensein", 0 0, o0x7fffff25f1c8;  alias, 0 drivers
v0x555555898380_0 .net "enable_currentsensein", 0 0, o0x7fffff25f1f8;  alias, 0 drivers
v0x555555898440_0 .net "kelvin_GNDcurrentsensein", 0 0, o0x7fffff25f228;  alias, 0 drivers
v0x555555898500_0 .net "measure_currentsensein", 0 0, o0x7fffff25f258;  alias, 0 drivers
S_0x555555898760 .scope module, "XINCURRENTSENSEpuget1" "INCURRENTSENSEpuget" 2 63, 2 18 0, S_0x555555847f60;
 .timescale 0 0;
    .port_info 0 /INOUT 1 "TAO";
    .port_info 1 /INOUT 5 "tmi";
    .port_info 2 /INPUT 1 "SIMPV";
    .port_info 3 /INPUT 1 "VOUTSN";
    .port_info 4 /INPUT 1 "VOUTSP";
    .port_info 5 /INPUT 1 "CELG59462";
    .port_info 6 /INPUT 1 "CELV96848";
    .port_info 7 /INPUT 1 "PORB97836";
    .port_info 8 /INOUT 1 "VSNSI_LIVE";
    .port_info 9 /INPUT 1 "CELSUB40948";
    .port_info 10 /INOUT 1 "VSNSI_FILTER";
    .port_info 11 /OUTPUT 1 "ok_currentsensein";
    .port_info 12 /INPUT 1 "clock_currentsensein";
    .port_info 13 /INPUT 1 "enable_currentsensein";
    .port_info 14 /INPUT 1 "measure_currentsensein";
    .port_info 15 /INPUT 1 "IP_INCURRENTSENSEpuget1";
    .port_info 16 /INOUT 1 "kelvin_GNDcurrentsensein";
    .port_info 17 /OUTPUT 1 "ok_measurecurrentsensein";
v0x555555898b70_0 .net "CELG59462", 0 0, o0x7fffff25f018;  alias, 0 drivers
v0x555555898c10_0 .net "CELSUB40948", 0 0, o0x7fffff25f048;  alias, 0 drivers
v0x555555898ce0_0 .net "CELV96848", 0 0, o0x7fffff25f078;  alias, 0 drivers
v0x555555898de0_0 .net "IP_INCURRENTSENSEpuget1", 0 0, o0x7fffff25f0d8;  alias, 0 drivers
v0x555555898eb0_0 .net "PORB97836", 0 0, o0x7fffff25f108;  alias, 0 drivers
v0x555555898fa0_0 .net "SIMPV", 0 0, o0x7fffff25f138;  alias, 0 drivers
v0x555555899070_0 .net "TAO", 0 0, o0x7fffff25f4f8;  alias, 0 drivers
v0x555555899110_0 .net "VOUTSN", 0 0, o0x7fffff25f168;  alias, 0 drivers
v0x5555558991e0_0 .net "VOUTSP", 0 0, o0x7fffff25f198;  alias, 0 drivers
v0x5555558992b0_0 .net "VSNSI_FILTER", 0 0, o0x7fffff25f528;  alias, 0 drivers
v0x555555899350_0 .net "VSNSI_LIVE", 0 0, o0x7fffff25f558;  alias, 0 drivers
v0x5555558993f0_0 .net "clock_currentsensein", 0 0, o0x7fffff25f1c8;  alias, 0 drivers
v0x5555558994c0_0 .net "enable_currentsensein", 0 0, o0x7fffff25f1f8;  alias, 0 drivers
v0x555555899590_0 .net "kelvin_GNDcurrentsensein", 0 0, o0x7fffff25f228;  alias, 0 drivers
v0x555555899660_0 .net "measure_currentsensein", 0 0, o0x7fffff25f258;  alias, 0 drivers
v0x555555899730_0 .net "ok_currentsensein", 0 0, o0x7fffff25f588;  alias, 0 drivers
v0x5555558997d0_0 .net "ok_measurecurrentsensein", 0 0, o0x7fffff25f5b8;  alias, 0 drivers
v0x555555899980_0 .net "tmi", 4 0, o0x7fffff25f5e8;  alias, 0 drivers
# The file index is used to find the file name in the following table.
:file_names 3;
    "N/A";
    "<interactive>";
    "/celera/projects/Sunnyvale/software/INCURRENTSENSEpuget/verilog10/sim_INCURRENTSENSEpuget_ROW9.v";
