#! /usr/local/bin/vvp
:ivl_version "11.0 (stable)" "(v11_0)";
:ivl_delay_selection "TYPICAL";
:vpi_time_precision + 0;
:vpi_module "/usr/local/lib/ivl/system.vpi";
:vpi_module "/usr/local/lib/ivl/vhdl_sys.vpi";
:vpi_module "/usr/local/lib/ivl/vhdl_textio.vpi";
:vpi_module "/usr/local/lib/ivl/v2005_math.vpi";
:vpi_module "/usr/local/lib/ivl/va_math.vpi";
S_0x55b722b97f60 .scope module, "TELEMETRYadcCLOCK" "TELEMETRYadcCLOCK" 2 49;
 .timescale 0 0;
    .port_info 0 /INPUT 1 "SIMPV";
    .port_info 1 /OUTPUT 1 "clock";
    .port_info 2 /INPUT 1 "CELG59462";
    .port_info 3 /INPUT 1 "CELV96848";
    .port_info 4 /INPUT 1 "PORB97836";
    .port_info 5 /INPUT 1 "clock_adc";
    .port_info 6 /OUTPUT 1 "dft_clock";
    .port_info 7 /INPUT 1 "enable_adc";
    .port_info 8 /INPUT 1 "CELSUB40948";
    .port_info 9 /OUTPUT 1 "ok_adcclock";
    .port_info 10 /OUTPUT 1 "fault_adcclock";
    .port_info 11 /INPUT 1 "IP_TELEMETRYadcCLOCK1";
o0x7ff91599c018 .functor BUFZ 1, C4<z>; HiZ drive
v0x55b722be9da0_0 .net "CELG59462", 0 0, o0x7ff91599c018;  0 drivers
o0x7ff91599c4f8 .functor BUFZ 1, C4<z>; HiZ drive
v0x55b722be9e40_0 .net "CELREF84329", 0 0, o0x7ff91599c4f8;  0 drivers
o0x7ff91599c048 .functor BUFZ 1, C4<z>; HiZ drive
v0x55b722be9f30_0 .net "CELSUB40948", 0 0, o0x7ff91599c048;  0 drivers
o0x7ff91599c078 .functor BUFZ 1, C4<z>; HiZ drive
v0x55b722bea000_0 .net "CELV96848", 0 0, o0x7ff91599c078;  0 drivers
o0x7ff91599c0a8 .functor BUFZ 1, C4<z>; HiZ drive
v0x55b722bea0a0_0 .net "IP_68c3961a_Xoscillator1", 0 0, o0x7ff91599c0a8;  0 drivers
o0x7ff91599c0d8 .functor BUFZ 1, C4<z>; HiZ drive
v0x55b722bea1e0_0 .net "IP_TELEMETRYadcCLOCK1", 0 0, o0x7ff91599c0d8;  0 drivers
o0x7ff91599c528 .functor BUFZ 1, C4<z>; HiZ drive
v0x55b722bea280_0 .net "PORB97836", 0 0, o0x7ff91599c528;  0 drivers
o0x7ff91599c558 .functor BUFZ 1, C4<z>; HiZ drive
v0x55b722bea320_0 .net "SIMPV", 0 0, o0x7ff91599c558;  0 drivers
o0x7ff91599c588 .functor BUFZ 1, C4<z>; HiZ drive
v0x55b722bea3f0_0 .net "clock", 0 0, o0x7ff91599c588;  0 drivers
o0x7ff91599c5b8 .functor BUFZ 1, C4<z>; HiZ drive
v0x55b722bea550_0 .net "clock_adc", 0 0, o0x7ff91599c5b8;  0 drivers
o0x7ff91599c2b8 .functor BUFZ 1, C4<z>; HiZ drive
v0x55b722bea620_0 .net "dft_clock", 0 0, o0x7ff91599c2b8;  0 drivers
o0x7ff91599c108 .functor BUFZ 1, C4<z>; HiZ drive
v0x55b722bea6c0_0 .net "enable_adc", 0 0, o0x7ff91599c108;  0 drivers
o0x7ff91599c2e8 .functor BUFZ 1, C4<z>; HiZ drive
v0x55b722bea7b0_0 .net "fault_adcclock", 0 0, o0x7ff91599c2e8;  0 drivers
o0x7ff91599c318 .functor BUFZ 1, C4<z>; HiZ drive
v0x55b722bea8a0_0 .net "net_34", 0 0, o0x7ff91599c318;  0 drivers
o0x7ff91599c138 .functor BUFZ 1, C4<z>; HiZ drive
v0x55b722bea990_0 .net "noconn", 0 0, o0x7ff91599c138;  0 drivers
o0x7ff91599c348 .functor BUFZ 1, C4<z>; HiZ drive
v0x55b722beaa80_0 .net "ok_adcclock", 0 0, o0x7ff91599c348;  0 drivers
S_0x55b722bd2b80 .scope module, "XCurrentMirror1" "currentmirror_369e5658" 2 98, 2 38 0, S_0x55b722b97f60;
 .timescale 0 0;
    .port_info 0 /INOUT 1 "I0";
    .port_info 1 /INPUT 1 "CELG";
    .port_info 2 /INPUT 1 "CELV";
    .port_info 3 /INPUT 1 "ISET";
    .port_info 4 /INPUT 1 "CELSUB";
    .port_info 5 /OUTPUT 1 "ok_currentmirror";
    .port_info 6 /INPUT 1 "enable_currentmirror";
v0x55b722b974b0_0 .net "CELG", 0 0, o0x7ff91599c018;  alias, 0 drivers
v0x55b722b980f0_0 .net "CELSUB", 0 0, o0x7ff91599c048;  alias, 0 drivers
v0x55b722b97ec0_0 .net "CELV", 0 0, o0x7ff91599c078;  alias, 0 drivers
v0x55b722be7d90_0 .net "I0", 0 0, o0x7ff91599c0a8;  alias, 0 drivers
v0x55b722be7e50_0 .net "ISET", 0 0, o0x7ff91599c0d8;  alias, 0 drivers
v0x55b722be7f60_0 .net "enable_currentmirror", 0 0, o0x7ff91599c108;  alias, 0 drivers
v0x55b722be8020_0 .net "ok_currentmirror", 0 0, o0x7ff91599c138;  alias, 0 drivers
S_0x55b722be81c0 .scope module, "XDEBUG" "TELEMETRYadcCLOCKdebug" 2 67, 2 2 0, S_0x55b722b97f60;
 .timescale 0 0;
    .port_info 0 /INPUT 1 "CELG59462";
    .port_info 1 /INPUT 1 "CELV96848";
    .port_info 2 /INPUT 1 "dft_clock";
    .port_info 3 /INPUT 1 "enable_adc";
    .port_info 4 /INPUT 1 "CELSUB40948";
    .port_info 5 /INPUT 1 "ok_adcclock";
    .port_info 6 /INPUT 1 "fault_adcclock";
    .port_info 7 /OUTPUT 1 "hijack_enable_adc";
v0x55b722be84e0_0 .net "CELG59462", 0 0, o0x7ff91599c018;  alias, 0 drivers
v0x55b722be8580_0 .net "CELSUB40948", 0 0, o0x7ff91599c048;  alias, 0 drivers
v0x55b722be8650_0 .net "CELV96848", 0 0, o0x7ff91599c078;  alias, 0 drivers
v0x55b722be8750_0 .net "dft_clock", 0 0, o0x7ff91599c2b8;  alias, 0 drivers
v0x55b722be87f0_0 .net "enable_adc", 0 0, o0x7ff91599c108;  alias, 0 drivers
v0x55b722be88e0_0 .net "fault_adcclock", 0 0, o0x7ff91599c2e8;  alias, 0 drivers
v0x55b722be8980_0 .net "hijack_enable_adc", 0 0, o0x7ff91599c318;  alias, 0 drivers
v0x55b722be8a20_0 .net "ok_adcclock", 0 0, o0x7ff91599c348;  alias, 0 drivers
S_0x55b722be8bf0 .scope module, "XMAIN" "TELEMETRYadcCLOCKmain" 2 78, 2 13 0, S_0x55b722b97f60;
 .timescale 0 0;
    .port_info 0 /INPUT 1 "SIMPV";
    .port_info 1 /OUTPUT 1 "clock";
    .port_info 2 /INPUT 1 "CELG59462";
    .port_info 3 /INPUT 1 "CELV96848";
    .port_info 4 /INPUT 1 "PORB97836";
    .port_info 5 /INPUT 1 "clock_adc";
    .port_info 6 /OUTPUT 1 "dft_clock";
    .port_info 7 /INPUT 1 "enable_adc";
    .port_info 8 /INPUT 1 "CELREF84329";
    .port_info 9 /INPUT 1 "CELSUB40948";
    .port_info 10 /OUTPUT 1 "ok_adcclock";
    .port_info 11 /OUTPUT 1 "fault_adcclock";
    .port_info 12 /INPUT 1 "IP_68c3961a_Xoscillator1";
v0x55b722be8ef0_0 .net "CELG59462", 0 0, o0x7ff91599c018;  alias, 0 drivers
v0x55b722be8fe0_0 .net "CELREF84329", 0 0, o0x7ff91599c4f8;  alias, 0 drivers
v0x55b722be90a0_0 .net "CELSUB40948", 0 0, o0x7ff91599c048;  alias, 0 drivers
v0x55b722be9190_0 .net "CELV96848", 0 0, o0x7ff91599c078;  alias, 0 drivers
v0x55b722be9280_0 .net "IP_68c3961a_Xoscillator1", 0 0, o0x7ff91599c0a8;  alias, 0 drivers
v0x55b722be9370_0 .net "PORB97836", 0 0, o0x7ff91599c528;  alias, 0 drivers
v0x55b722be9410_0 .net "SIMPV", 0 0, o0x7ff91599c558;  alias, 0 drivers
v0x55b722be94b0_0 .net "clock", 0 0, o0x7ff91599c588;  alias, 0 drivers
v0x55b722be9570_0 .net "clock_adc", 0 0, o0x7ff91599c5b8;  alias, 0 drivers
v0x55b722be96c0_0 .net "dft_clock", 0 0, o0x7ff91599c2b8;  alias, 0 drivers
v0x55b722be9760_0 .net "enable_adc", 0 0, o0x7ff91599c318;  alias, 0 drivers
v0x55b722be9800_0 .net "fault_adcclock", 0 0, o0x7ff91599c2e8;  alias, 0 drivers
v0x55b722be98d0_0 .net "ok_adcclock", 0 0, o0x7ff91599c348;  alias, 0 drivers
S_0x55b722be9ac0 .scope module, "XNCnoconn" "STONEnoconn" 2 94, 2 32 0, S_0x55b722b97f60;
 .timescale 0 0;
    .port_info 0 /INPUT 1 "noconn";
v0x55b722be9c90_0 .net "noconn", 0 0, o0x7ff91599c138;  alias, 0 drivers
# The file index is used to find the file name in the following table.
:file_names 3;
    "N/A";
    "<interactive>";
    "/celera/projects/Sunnyvale/software/TELEMETRYadcCLOCK/verilog9/TELEMETRYadcCLOCK.v";
