#! /usr/local/bin/vvp
:ivl_version "11.0 (stable)" "(v11_0)";
:ivl_delay_selection "TYPICAL";
:vpi_time_precision + 0;
:vpi_module "/usr/local/lib/ivl/system.vpi";
:vpi_module "/usr/local/lib/ivl/vhdl_sys.vpi";
:vpi_module "/usr/local/lib/ivl/vhdl_textio.vpi";
:vpi_module "/usr/local/lib/ivl/v2005_math.vpi";
:vpi_module "/usr/local/lib/ivl/va_math.vpi";
S_0x55e9f33b1f60 .scope module, "sim_INPOWERPATHpuget_ROW1" "sim_INPOWERPATHpuget_ROW1" 2 53;
 .timescale 0 0;
o0x7f444a48b018 .functor BUFZ 1, C4<z>; HiZ drive
v0x55e9f3406820_0 .net "CELG59462", 0 0, o0x7f444a48b018;  0 drivers
o0x7f444a48b048 .functor BUFZ 1, C4<z>; HiZ drive
v0x55e9f34068c0_0 .net "CELREF_a263afb3", 0 0, o0x7f444a48b048;  0 drivers
o0x7f444a48b078 .functor BUFZ 1, C4<z>; HiZ drive
v0x55e9f34069d0_0 .net "CELSUB40948", 0 0, o0x7f444a48b078;  0 drivers
o0x7f444a48b0a8 .functor BUFZ 1, C4<z>; HiZ drive
v0x55e9f3406ac0_0 .net "CELV96848", 0 0, o0x7f444a48b0a8;  0 drivers
o0x7f444a48b0d8 .functor BUFZ 1, C4<z>; HiZ drive
v0x55e9f3406bb0_0 .net "GNDpowerpathin", 0 0, o0x7f444a48b0d8;  0 drivers
o0x7f444a48b108 .functor BUFZ 1, C4<z>; HiZ drive
v0x55e9f3406cf0_0 .net "INFET", 0 0, o0x7f444a48b108;  0 drivers
o0x7f444a48b138 .functor BUFZ 1, C4<z>; HiZ drive
v0x55e9f3406de0_0 .net "INpowerpath", 0 0, o0x7f444a48b138;  0 drivers
o0x7f444a48b168 .functor BUFZ 1, C4<z>; HiZ drive
v0x55e9f3406e80_0 .net "IP_444d0508", 0 0, o0x7f444a48b168;  0 drivers
o0x7f444a48b198 .functor BUFZ 1, C4<z>; HiZ drive
v0x55e9f3406f70_0 .net "IP_a263afb3", 0 0, o0x7f444a48b198;  0 drivers
o0x7f444a48b1c8 .functor BUFZ 1, C4<z>; HiZ drive
v0x55e9f3407010_0 .net "PORB97836", 0 0, o0x7f444a48b1c8;  0 drivers
o0x7f444a48b1f8 .functor BUFZ 1, C4<z>; HiZ drive
v0x55e9f3407100_0 .net "SIMPV", 0 0, o0x7f444a48b1f8;  0 drivers
o0x7f444a48b228 .functor BUFZ 1, C4<z>; HiZ drive
v0x55e9f34071f0_0 .net "VOUTM5", 0 0, o0x7f444a48b228;  0 drivers
o0x7f444a48b5b8 .functor BUFZ 1, C4<z>; HiZ drive
v0x55e9f34072e0_0 .net "celkelvin_GNDpowerpath", 0 0, o0x7f444a48b5b8;  0 drivers
o0x7f444a48b5e8 .functor BUFZ 1, C4<z>; HiZ drive
v0x55e9f34073d0_0 .net "celkelvin_IN", 0 0, o0x7f444a48b5e8;  0 drivers
o0x7f444a48b258 .functor BUFZ 1, C4<z>; HiZ drive
v0x55e9f34074c0_0 .net "clock_powerpathin", 0 0, o0x7f444a48b258;  0 drivers
o0x7f444a48b288 .functor BUFZ 1, C4<z>; HiZ drive
v0x55e9f34075b0_0 .net "enable_powerpathin", 0 0, o0x7f444a48b288;  0 drivers
o0x7f444a48b2b8 .functor BUFZ 1, C4<z>; HiZ drive
v0x55e9f34076a0_0 .net "kelvin_VOUTSPpowerpathin", 0 0, o0x7f444a48b2b8;  0 drivers
o0x7f444a48b618 .functor BUFZ 1, C4<z>; HiZ drive
v0x55e9f34078a0_0 .net "ok_powerpathin", 0 0, o0x7f444a48b618;  0 drivers
o0x7f444a48b648 .functor BUFZ 1, C4<z>; HiZ drive
v0x55e9f3407940_0 .net "on_powerpathin", 0 0, o0x7f444a48b648;  0 drivers
S_0x55e9f33e9a40 .scope module, "XFORCE_INPOWERPATHpuget1" "FORCE_INPOWERPATHpuget" 2 59, 2 2 0, S_0x55e9f33b1f60;
 .timescale 0 0;
    .port_info 0 /OUTPUT 1 "INFET";
    .port_info 1 /OUTPUT 1 "SIMPV";
    .port_info 2 /OUTPUT 1 "VOUTM5";
    .port_info 3 /OUTPUT 1 "CELG59462";
    .port_info 4 /OUTPUT 1 "CELV96848";
    .port_info 5 /OUTPUT 1 "PORB97836";
    .port_info 6 /OUTPUT 1 "CELSUB40948";
    .port_info 7 /OUTPUT 1 "INpowerpath";
    .port_info 8 /OUTPUT 1 "IP_444d0508";
    .port_info 9 /OUTPUT 1 "IP_a263afb3";
    .port_info 10 /OUTPUT 1 "GNDpowerpathin";
    .port_info 11 /OUTPUT 1 "CELREF_a263afb3";
    .port_info 12 /OUTPUT 1 "clock_powerpathin";
    .port_info 13 /OUTPUT 1 "enable_powerpathin";
    .port_info 14 /OUTPUT 1 "kelvin_VOUTSPpowerpathin";
v0x55e9f33b14b0_0 .net "CELG59462", 0 0, o0x7f444a48b018;  alias, 0 drivers
v0x55e9f33b20f0_0 .net "CELREF_a263afb3", 0 0, o0x7f444a48b048;  alias, 0 drivers
v0x55e9f33b1ec0_0 .net "CELSUB40948", 0 0, o0x7f444a48b078;  alias, 0 drivers
v0x55e9f3403fd0_0 .net "CELV96848", 0 0, o0x7f444a48b0a8;  alias, 0 drivers
v0x55e9f3404090_0 .net "GNDpowerpathin", 0 0, o0x7f444a48b0d8;  alias, 0 drivers
v0x55e9f34041a0_0 .net "INFET", 0 0, o0x7f444a48b108;  alias, 0 drivers
v0x55e9f3404260_0 .net "INpowerpath", 0 0, o0x7f444a48b138;  alias, 0 drivers
v0x55e9f3404320_0 .net "IP_444d0508", 0 0, o0x7f444a48b168;  alias, 0 drivers
v0x55e9f34043e0_0 .net "IP_a263afb3", 0 0, o0x7f444a48b198;  alias, 0 drivers
v0x55e9f34044a0_0 .net "PORB97836", 0 0, o0x7f444a48b1c8;  alias, 0 drivers
v0x55e9f3404560_0 .net "SIMPV", 0 0, o0x7f444a48b1f8;  alias, 0 drivers
v0x55e9f3404620_0 .net "VOUTM5", 0 0, o0x7f444a48b228;  alias, 0 drivers
v0x55e9f34046e0_0 .net "clock_powerpathin", 0 0, o0x7f444a48b258;  alias, 0 drivers
v0x55e9f34047a0_0 .net "enable_powerpathin", 0 0, o0x7f444a48b288;  alias, 0 drivers
v0x55e9f3404860_0 .net "kelvin_VOUTSPpowerpathin", 0 0, o0x7f444a48b2b8;  alias, 0 drivers
S_0x55e9f3404b00 .scope module, "XINPOWERPATHpuget1" "INPOWERPATHpuget" 2 77, 2 20 0, S_0x55e9f33b1f60;
 .timescale 0 0;
    .port_info 0 /OUTPUT 1 "INFET";
    .port_info 1 /INPUT 1 "SIMPV";
    .port_info 2 /OUTPUT 1 "VOUTM5";
    .port_info 3 /INPUT 1 "CELG59462";
    .port_info 4 /INPUT 1 "CELV96848";
    .port_info 5 /INPUT 1 "PORB97836";
    .port_info 6 /INPUT 1 "CELSUB40948";
    .port_info 7 /INPUT 1 "INpowerpath";
    .port_info 8 /INPUT 1 "IP_444d0508";
    .port_info 9 /INPUT 1 "IP_a263afb3";
    .port_info 10 /INPUT 1 "celkelvin_IN";
    .port_info 11 /INPUT 1 "GNDpowerpathin";
    .port_info 12 /OUTPUT 1 "ok_powerpathin";
    .port_info 13 /OUTPUT 1 "on_powerpathin";
    .port_info 14 /INPUT 1 "CELREF_a263afb3";
    .port_info 15 /INPUT 1 "clock_powerpathin";
    .port_info 16 /INPUT 1 "enable_powerpathin";
    .port_info 17 /INPUT 1 "celkelvin_GNDpowerpath";
    .port_info 18 /INPUT 1 "kelvin_VOUTSPpowerpathin";
v0x55e9f3404f20_0 .net "CELG59462", 0 0, o0x7f444a48b018;  alias, 0 drivers
v0x55e9f3404fc0_0 .net "CELREF_a263afb3", 0 0, o0x7f444a48b048;  alias, 0 drivers
v0x55e9f3405090_0 .net "CELSUB40948", 0 0, o0x7f444a48b078;  alias, 0 drivers
v0x55e9f3405190_0 .net "CELV96848", 0 0, o0x7f444a48b0a8;  alias, 0 drivers
v0x55e9f3405260_0 .net "GNDpowerpathin", 0 0, o0x7f444a48b0d8;  alias, 0 drivers
v0x55e9f3405350_0 .net "INFET", 0 0, o0x7f444a48b108;  alias, 0 drivers
v0x55e9f3405420_0 .net "INpowerpath", 0 0, o0x7f444a48b138;  alias, 0 drivers
v0x55e9f34054f0_0 .net "IP_444d0508", 0 0, o0x7f444a48b168;  alias, 0 drivers
v0x55e9f34055c0_0 .net "IP_a263afb3", 0 0, o0x7f444a48b198;  alias, 0 drivers
v0x55e9f3405720_0 .net "PORB97836", 0 0, o0x7f444a48b1c8;  alias, 0 drivers
v0x55e9f34057f0_0 .net "SIMPV", 0 0, o0x7f444a48b1f8;  alias, 0 drivers
v0x55e9f34058c0_0 .net "VOUTM5", 0 0, o0x7f444a48b228;  alias, 0 drivers
v0x55e9f3405990_0 .net "celkelvin_GNDpowerpath", 0 0, o0x7f444a48b5b8;  alias, 0 drivers
v0x55e9f3405a30_0 .net "celkelvin_IN", 0 0, o0x7f444a48b5e8;  alias, 0 drivers
v0x55e9f3405ad0_0 .net "clock_powerpathin", 0 0, o0x7f444a48b258;  alias, 0 drivers
v0x55e9f3405ba0_0 .net "enable_powerpathin", 0 0, o0x7f444a48b288;  alias, 0 drivers
v0x55e9f3405c70_0 .net "kelvin_VOUTSPpowerpathin", 0 0, o0x7f444a48b2b8;  alias, 0 drivers
v0x55e9f3405e50_0 .net "ok_powerpathin", 0 0, o0x7f444a48b618;  alias, 0 drivers
v0x55e9f3405ef0_0 .net "on_powerpathin", 0 0, o0x7f444a48b648;  alias, 0 drivers
S_0x55e9f3406110 .scope module, "celkelvin_GNDpowerpath_WRAPPER" "WRAPPER1" 2 104, 2 45 0, S_0x55e9f33b1f60;
 .timescale 0 0;
    .port_info 0 /OUTPUT 1 "o";
    .port_info 1 /INPUT 1 "i";
v0x55e9f3404cb0_0 .net "i", 0 0, o0x7f444a48b5b8;  alias, 0 drivers
v0x55e9f3406320_0 .net "o", 0 0, o0x7f444a48b018;  alias, 0 drivers
S_0x55e9f3406450 .scope module, "celkelvin_IN_WRAPPER" "WRAPPER1" 2 99, 2 45 0, S_0x55e9f33b1f60;
 .timescale 0 0;
    .port_info 0 /OUTPUT 1 "o";
    .port_info 1 /INPUT 1 "i";
v0x55e9f3406630_0 .net "i", 0 0, o0x7f444a48b5e8;  alias, 0 drivers
v0x55e9f34066f0_0 .net "o", 0 0, o0x7f444a48b138;  alias, 0 drivers
# The file index is used to find the file name in the following table.
:file_names 3;
    "N/A";
    "<interactive>";
    "/celera/projects/Sunnyvale/software/INPOWERPATHpuget/verilog10/sim_INPOWERPATHpuget_ROW1.v";
