#! /usr/local/bin/vvp
:ivl_version "11.0 (stable)" "(v11_0)";
:ivl_delay_selection "TYPICAL";
:vpi_time_precision + 0;
:vpi_module "/usr/local/lib/ivl/system.vpi";
:vpi_module "/usr/local/lib/ivl/vhdl_sys.vpi";
:vpi_module "/usr/local/lib/ivl/vhdl_textio.vpi";
:vpi_module "/usr/local/lib/ivl/v2005_math.vpi";
:vpi_module "/usr/local/lib/ivl/va_math.vpi";
S_0x5565e5aebf60 .scope module, "GREENBANK0_301A" "GREENBANK0_301A" 2 149;
 .timescale 0 0;
    .port_info 0 /INOUT 1 "LDO0";
    .port_info 1 /INOUT 1 "LDO1";
    .port_info 2 /INOUT 1 "LDO2";
    .port_info 3 /INOUT 1 "LDO3";
    .port_info 4 /INOUT 1 "LDO4";
    .port_info 5 /INOUT 1 "LDO5";
    .port_info 6 /INOUT 1 "LDO6";
    .port_info 7 /INOUT 1 "LDO7";
    .port_info 8 /INOUT 1 "LDO8";
    .port_info 9 /INOUT 1 "LDO9";
    .port_info 10 /INOUT 1 "MUDG";
    .port_info 11 /INOUT 1 "MUDV";
    .port_info 12 /INOUT 1 "LDO10";
    .port_info 13 /INOUT 1 "LDO11";
    .port_info 14 /INOUT 1 "LDO12";
    .port_info 15 /INOUT 1 "LDO13";
    .port_info 16 /INOUT 1 "LDO14";
    .port_info 17 /INOUT 1 "LDO15";
    .port_info 18 /INPUT 1 "CELINA";
    .port_info 19 /INOUT 1 "CELPOWER_LDO";
o0x7f3c1c70d018 .functor BUFZ 1, C4<z>; HiZ drive
v0x5565e5b73650_0 .net "CELG59462", 0 0, o0x7f3c1c70d018;  0 drivers
o0x7f3c1c70ebd8 .functor BUFZ 1, C4<z>; HiZ drive
v0x5565e5b73710_0 .net "CELINA", 0 0, o0x7f3c1c70ebd8;  0 drivers
o0x7f3c1c70ec08 .functor BUFZ 1, C4<z>; HiZ drive
v0x5565e5b73800_0 .net "CELPOWER_LDO", 0 0, o0x7f3c1c70ec08;  0 drivers
o0x7f3c1c70d048 .functor BUFZ 1, C4<z>; HiZ drive
v0x5565e5b73900_0 .net "CELPOWER_LDO_214c0f74", 0 0, o0x7f3c1c70d048;  0 drivers
o0x7f3c1c70d078 .functor BUFZ 1, C4<z>; HiZ drive
v0x5565e5b739f0_0 .net "CELPOWER_LDO_4b7cb037", 0 0, o0x7f3c1c70d078;  0 drivers
o0x7f3c1c70d0a8 .functor BUFZ 1, C4<z>; HiZ drive
v0x5565e5b73b30_0 .net "CELPOWER_LDO_601da658", 0 0, o0x7f3c1c70d0a8;  0 drivers
o0x7f3c1c70d0d8 .functor BUFZ 1, C4<z>; HiZ drive
v0x5565e5b73c20_0 .net "CELPOWER_LDO_90e98eb0", 0 0, o0x7f3c1c70d0d8;  0 drivers
o0x7f3c1c70d108 .functor BUFZ 1, C4<z>; HiZ drive
v0x5565e5b73d10_0 .net "CELSUB40948", 0 0, o0x7f3c1c70d108;  0 drivers
o0x7f3c1c70d138 .functor BUFZ 1, C4<z>; HiZ drive
v0x5565e5b73db0_0 .net "CELV96848", 0 0, o0x7f3c1c70d138;  0 drivers
o0x7f3c1c70d168 .functor BUFZ 1, C4<z>; HiZ drive
v0x5565e5b73e50_0 .net "LDO0", 0 0, o0x7f3c1c70d168;  0 drivers
o0x7f3c1c70d198 .functor BUFZ 1, C4<z>; HiZ drive
v0x5565e5b73ef0_0 .net "LDO1", 0 0, o0x7f3c1c70d198;  0 drivers
o0x7f3c1c70d1c8 .functor BUFZ 1, C4<z>; HiZ drive
v0x5565e5b73fe0_0 .net "LDO10", 0 0, o0x7f3c1c70d1c8;  0 drivers
o0x7f3c1c70d1f8 .functor BUFZ 1, C4<z>; HiZ drive
v0x5565e5b740d0_0 .net "LDO11", 0 0, o0x7f3c1c70d1f8;  0 drivers
o0x7f3c1c70d228 .functor BUFZ 1, C4<z>; HiZ drive
v0x5565e5b741c0_0 .net "LDO12", 0 0, o0x7f3c1c70d228;  0 drivers
o0x7f3c1c70d258 .functor BUFZ 1, C4<z>; HiZ drive
v0x5565e5b742b0_0 .net "LDO13", 0 0, o0x7f3c1c70d258;  0 drivers
o0x7f3c1c70d288 .functor BUFZ 1, C4<z>; HiZ drive
v0x5565e5b743a0_0 .net "LDO14", 0 0, o0x7f3c1c70d288;  0 drivers
o0x7f3c1c70d2b8 .functor BUFZ 1, C4<z>; HiZ drive
v0x5565e5b74490_0 .net "LDO15", 0 0, o0x7f3c1c70d2b8;  0 drivers
o0x7f3c1c70d2e8 .functor BUFZ 1, C4<z>; HiZ drive
v0x5565e5b74580_0 .net "LDO2", 0 0, o0x7f3c1c70d2e8;  0 drivers
o0x7f3c1c70d318 .functor BUFZ 1, C4<z>; HiZ drive
v0x5565e5b74670_0 .net "LDO3", 0 0, o0x7f3c1c70d318;  0 drivers
o0x7f3c1c70d348 .functor BUFZ 1, C4<z>; HiZ drive
v0x5565e5b74760_0 .net "LDO4", 0 0, o0x7f3c1c70d348;  0 drivers
o0x7f3c1c70d378 .functor BUFZ 1, C4<z>; HiZ drive
v0x5565e5b74850_0 .net "LDO5", 0 0, o0x7f3c1c70d378;  0 drivers
o0x7f3c1c70d3a8 .functor BUFZ 1, C4<z>; HiZ drive
v0x5565e5b74940_0 .net "LDO6", 0 0, o0x7f3c1c70d3a8;  0 drivers
o0x7f3c1c70d3d8 .functor BUFZ 1, C4<z>; HiZ drive
v0x5565e5b74a30_0 .net "LDO7", 0 0, o0x7f3c1c70d3d8;  0 drivers
o0x7f3c1c70d408 .functor BUFZ 1, C4<z>; HiZ drive
v0x5565e5b74b20_0 .net "LDO8", 0 0, o0x7f3c1c70d408;  0 drivers
o0x7f3c1c70d438 .functor BUFZ 1, C4<z>; HiZ drive
v0x5565e5b74c10_0 .net "LDO9", 0 0, o0x7f3c1c70d438;  0 drivers
o0x7f3c1c70ec38 .functor BUFZ 1, C4<z>; HiZ drive
v0x5565e5b74d00_0 .net "MUDG", 0 0, o0x7f3c1c70ec38;  0 drivers
o0x7f3c1c70d468 .functor BUFZ 1, C4<z>; HiZ drive
v0x5565e5b74da0_0 .net "MUDV", 0 0, o0x7f3c1c70d468;  0 drivers
o0x7f3c1c70d498 .functor BUFZ 1, C4<z>; HiZ drive
v0x5565e5b74e90_0 .net "PORB97836", 0 0, o0x7f3c1c70d498;  0 drivers
o0x7f3c1c70d4c8 .functor BUFZ 1, C4<z>; HiZ drive
v0x5565e5b74f80_0 .net "SENSE_G_924d4d4f", 0 0, o0x7f3c1c70d4c8;  0 drivers
o0x7f3c1c70d4f8 .functor BUFZ 1, C4<z>; HiZ drive
v0x5565e5b75070_0 .net "TAEXT", 0 0, o0x7f3c1c70d4f8;  0 drivers
o0x7f3c1c70d528 .functor BUFZ 1, C4<z>; HiZ drive
v0x5565e5b75160_0 .net "celkelvin_LDO10_9e0b544b", 0 0, o0x7f3c1c70d528;  0 drivers
o0x7f3c1c70d558 .functor BUFZ 1, C4<z>; HiZ drive
v0x5565e5b75250_0 .net "celkelvin_LDO11_c0cd2385", 0 0, o0x7f3c1c70d558;  0 drivers
o0x7f3c1c70d588 .functor BUFZ 1, C4<z>; HiZ drive
v0x5565e5b75340_0 .net "celkelvin_LDO12_73f01841", 0 0, o0x7f3c1c70d588;  0 drivers
o0x7f3c1c70d5b8 .functor BUFZ 1, C4<z>; HiZ drive
v0x5565e5b75640_0 .net "celkelvin_LDO13_f8678617", 0 0, o0x7f3c1c70d5b8;  0 drivers
o0x7f3c1c70d5e8 .functor BUFZ 1, C4<z>; HiZ drive
v0x5565e5b75730_0 .net "celkelvin_LDO14_1d518b73", 0 0, o0x7f3c1c70d5e8;  0 drivers
o0x7f3c1c70d618 .functor BUFZ 1, C4<z>; HiZ drive
v0x5565e5b75820_0 .net "celkelvin_LDO15_ceb54526", 0 0, o0x7f3c1c70d618;  0 drivers
o0x7f3c1c70d648 .functor BUFZ 1, C4<z>; HiZ drive
v0x5565e5b75910_0 .net "celkelvin_LDO8_635a8467", 0 0, o0x7f3c1c70d648;  0 drivers
o0x7f3c1c70d678 .functor BUFZ 1, C4<z>; HiZ drive
v0x5565e5b75a00_0 .net "celkelvin_LDO9_67c0774a", 0 0, o0x7f3c1c70d678;  0 drivers
o0x7f3c1c70d6a8 .functor BUFZ 1, C4<z>; HiZ drive
v0x5565e5b75af0_0 .net "celkelvin_MUDG_1d518b736", 0 0, o0x7f3c1c70d6a8;  0 drivers
o0x7f3c1c70d6d8 .functor BUFZ 1, C4<z>; HiZ drive
v0x5565e5b75be0_0 .net "celkelvin_MUDG_2c5f340512", 0 0, o0x7f3c1c70d6d8;  0 drivers
o0x7f3c1c70d708 .functor BUFZ 1, C4<z>; HiZ drive
v0x5565e5b75cd0_0 .net "celkelvin_MUDG_3f3140ae3", 0 0, o0x7f3c1c70d708;  0 drivers
o0x7f3c1c70d738 .functor BUFZ 1, C4<z>; HiZ drive
v0x5565e5b75dc0_0 .net "celkelvin_MUDG_5b4bc5a72", 0 0, o0x7f3c1c70d738;  0 drivers
o0x7f3c1c70d768 .functor BUFZ 1, C4<z>; HiZ drive
v0x5565e5b75eb0_0 .net "celkelvin_MUDG_614c8f411", 0 0, o0x7f3c1c70d768;  0 drivers
o0x7f3c1c70d798 .functor BUFZ 1, C4<z>; HiZ drive
v0x5565e5b75fa0_0 .net "celkelvin_MUDG_635a84677", 0 0, o0x7f3c1c70d798;  0 drivers
o0x7f3c1c70d7c8 .functor BUFZ 1, C4<z>; HiZ drive
v0x5565e5b76090_0 .net "celkelvin_MUDG_67c0774a9", 0 0, o0x7f3c1c70d7c8;  0 drivers
o0x7f3c1c70d7f8 .functor BUFZ 1, C4<z>; HiZ drive
v0x5565e5b76180_0 .net "celkelvin_MUDG_73f018418", 0 0, o0x7f3c1c70d7f8;  0 drivers
o0x7f3c1c70d828 .functor BUFZ 1, C4<z>; HiZ drive
v0x5565e5b76270_0 .net "celkelvin_MUDG_9e0b544b5", 0 0, o0x7f3c1c70d828;  0 drivers
o0x7f3c1c70d858 .functor BUFZ 1, C4<z>; HiZ drive
v0x5565e5b76360_0 .net "celkelvin_MUDG_c0cd238511", 0 0, o0x7f3c1c70d858;  0 drivers
o0x7f3c1c70d888 .functor BUFZ 1, C4<z>; HiZ drive
v0x5565e5b76450_0 .net "celkelvin_MUDG_ceb545264", 0 0, o0x7f3c1c70d888;  0 drivers
o0x7f3c1c70d8b8 .functor BUFZ 1, C4<z>; HiZ drive
v0x5565e5b76540_0 .net "celkelvin_MUDG_ec7b0f830", 0 0, o0x7f3c1c70d8b8;  0 drivers
o0x7f3c1c70d8e8 .functor BUFZ 1, C4<z>; HiZ drive
v0x5565e5b76630_0 .net "celkelvin_MUDG_f867861710", 0 0, o0x7f3c1c70d8e8;  0 drivers
o0x7f3c1c70d918 .functor BUFZ 1, C4<z>; HiZ drive
v0x5565e5b76720_0 .net "kelvin_MUDGamplifier", 0 0, o0x7f3c1c70d918;  0 drivers
o0x7f3c1c70d948 .functor BUFZ 1, C4<z>; HiZ drive
v0x5565e5b76810_0 .net "kelvin_MUDGservice", 0 0, o0x7f3c1c70d948;  0 drivers
o0x7f3c1c70d978 .functor BUFZ 1, C4<z>; HiZ drive
v0x5565e5b76900_0 .net "kelvin_MUDV", 0 0, o0x7f3c1c70d978;  0 drivers
o0x7f3c1c70e878 .functor BUFZ 1, C4<z>; HiZ drive
v0x5565e5b769f0_0 .net "pd0", 0 0, o0x7f3c1c70e878;  0 drivers
o0x7f3c1c70d9a8 .functor BUFZ 3, C4<zzz>; HiZ drive
v0x5565e5b76a90_0 .net "register_AMPCONTROLHIGHgain_f328e92a_Xdatamap1", 2 0, o0x7f3c1c70d9a8;  0 drivers
o0x7f3c1c70d9d8 .functor BUFZ 3, C4<zzz>; HiZ drive
v0x5565e5b76b80_0 .net "register_AMPCONTROLMEDIUMgain_a341b3ad_Xdatamap1", 2 0, o0x7f3c1c70d9d8;  0 drivers
o0x7f3c1c70da08 .functor BUFZ 3, C4<zzz>; HiZ drive
v0x5565e5b76c70_0 .net "register_AMPCONTROLSLOWgain_8be083fe_Xdatamap1", 2 0, o0x7f3c1c70da08;  0 drivers
o0x7f3c1c70da38 .functor BUFZ 8, C4<zzzzzzzz>; HiZ drive
v0x5565e5b76d60_0 .net "register_AMPLIFIERconfiguration_d770927e_Xdatamap1", 7 0, o0x7f3c1c70da38;  0 drivers
o0x7f3c1c70da68 .functor BUFZ 4, C4<zzzz>; HiZ drive
v0x5565e5b76e50_0 .net "register_LDOconfigurationA_775ec168_Xdatamap2", 3 0, o0x7f3c1c70da68;  0 drivers
o0x7f3c1c70da98 .functor BUFZ 4, C4<zzzz>; HiZ drive
v0x5565e5b76f40_0 .net "register_LDOconfigurationA_d0b55acf_Xdatamap1", 3 0, o0x7f3c1c70da98;  0 drivers
o0x7f3c1c70dac8 .functor BUFZ 3, C4<zzz>; HiZ drive
v0x5565e5b77030_0 .net "register_REF2output_46e2454e_Xdatamap2", 2 0, o0x7f3c1c70dac8;  0 drivers
o0x7f3c1c70daf8 .functor BUFZ 3, C4<zzz>; HiZ drive
v0x5565e5b77140_0 .net "register_REF3output_00f9a76d_Xdatamap1", 2 0, o0x7f3c1c70daf8;  0 drivers
o0x7f3c1c70db28 .functor BUFZ 3, C4<zzz>; HiZ drive
v0x5565e5b77250_0 .net "register_REFERENCEselect_b05f295d_Xdatamap4", 2 0, o0x7f3c1c70db28;  0 drivers
o0x7f3c1c70db58 .functor BUFZ 6, C4<zzzzzz>; HiZ drive
v0x5565e5b77360_0 .net "register_SERVICEconfiguration_d530de71_Xdatamap3", 5 0, o0x7f3c1c70db58;  0 drivers
o0x7f3c1c70e818 .functor BUFZ 1, C4<z>; HiZ drive
v0x5565e5b77860_0 .net "scli", 0 0, o0x7f3c1c70e818;  0 drivers
o0x7f3c1c70e848 .functor BUFZ 1, C4<z>; HiZ drive
v0x5565e5b77900_0 .net "sdai", 0 0, o0x7f3c1c70e848;  0 drivers
o0x7f3c1c70db88 .functor BUFZ 1, C4<z>; HiZ drive
v0x5565e5b779a0_0 .net "sense_LDO2", 0 0, o0x7f3c1c70db88;  0 drivers
o0x7f3c1c70dbb8 .functor BUFZ 1, C4<z>; HiZ drive
v0x5565e5b77a90_0 .net "sense_LDO5", 0 0, o0x7f3c1c70dbb8;  0 drivers
o0x7f3c1c70dbe8 .functor BUFZ 1, C4<z>; HiZ drive
v0x5565e5b77b80_0 .net "sense_LDO7", 0 0, o0x7f3c1c70dbe8;  0 drivers
S_0x5565e5ae9f40 .scope module, "XceleraCORE" "GREENBANK0_301AceleraCORE" 2 185, 2 2 0, S_0x5565e5aebf60;
 .timescale 0 0;
    .port_info 0 /OUTPUT 1 "LDO0";
    .port_info 1 /OUTPUT 1 "LDO1";
    .port_info 2 /OUTPUT 1 "LDO2";
    .port_info 3 /OUTPUT 1 "LDO3";
    .port_info 4 /OUTPUT 1 "LDO4";
    .port_info 5 /OUTPUT 1 "LDO5";
    .port_info 6 /OUTPUT 1 "LDO6";
    .port_info 7 /OUTPUT 1 "LDO7";
    .port_info 8 /OUTPUT 1 "LDO8";
    .port_info 9 /OUTPUT 1 "LDO9";
    .port_info 10 /INPUT 1 "MUDV";
    .port_info 11 /OUTPUT 1 "LDO10";
    .port_info 12 /OUTPUT 1 "LDO11";
    .port_info 13 /OUTPUT 1 "LDO12";
    .port_info 14 /OUTPUT 1 "LDO13";
    .port_info 15 /OUTPUT 1 "LDO14";
    .port_info 16 /OUTPUT 1 "LDO15";
    .port_info 17 /INPUT 1 "TAEXT";
    .port_info 18 /INPUT 1 "CELG59462";
    .port_info 19 /INPUT 1 "CELV96848";
    .port_info 20 /INPUT 1 "PORB97836";
    .port_info 21 /INPUT 1 "sense_LDO2";
    .port_info 22 /INPUT 1 "sense_LDO5";
    .port_info 23 /INPUT 1 "sense_LDO7";
    .port_info 24 /INPUT 1 "CELSUB40948";
    .port_info 25 /INPUT 1 "kelvin_MUDV";
    .port_info 26 /INPUT 1 "SENSE_G_924d4d4f";
    .port_info 27 /INOUT 1 "kelvin_MUDGservice";
    .port_info 28 /INPUT 1 "kelvin_MUDGamplifier";
    .port_info 29 /INPUT 1 "CELPOWER_LDO_214c0f74";
    .port_info 30 /INPUT 1 "CELPOWER_LDO_4b7cb037";
    .port_info 31 /INPUT 1 "CELPOWER_LDO_601da658";
    .port_info 32 /INPUT 1 "CELPOWER_LDO_90e98eb0";
    .port_info 33 /INPUT 1 "celkelvin_LDO8_635a8467";
    .port_info 34 /INPUT 1 "celkelvin_LDO9_67c0774a";
    .port_info 35 /INPUT 1 "celkelvin_LDO10_9e0b544b";
    .port_info 36 /INPUT 1 "celkelvin_LDO11_c0cd2385";
    .port_info 37 /INPUT 1 "celkelvin_LDO12_73f01841";
    .port_info 38 /INPUT 1 "celkelvin_LDO13_f8678617";
    .port_info 39 /INPUT 1 "celkelvin_LDO14_1d518b73";
    .port_info 40 /INPUT 1 "celkelvin_LDO15_ceb54526";
    .port_info 41 /INPUT 1 "celkelvin_MUDG_1d518b736";
    .port_info 42 /INPUT 1 "celkelvin_MUDG_3f3140ae3";
    .port_info 43 /INPUT 1 "celkelvin_MUDG_5b4bc5a72";
    .port_info 44 /INPUT 1 "celkelvin_MUDG_614c8f411";
    .port_info 45 /INPUT 1 "celkelvin_MUDG_635a84677";
    .port_info 46 /INPUT 1 "celkelvin_MUDG_67c0774a9";
    .port_info 47 /INPUT 1 "celkelvin_MUDG_73f018418";
    .port_info 48 /INPUT 1 "celkelvin_MUDG_9e0b544b5";
    .port_info 49 /INPUT 1 "celkelvin_MUDG_ceb545264";
    .port_info 50 /INPUT 1 "celkelvin_MUDG_ec7b0f830";
    .port_info 51 /INPUT 1 "celkelvin_MUDG_2c5f340512";
    .port_info 52 /INPUT 1 "celkelvin_MUDG_c0cd238511";
    .port_info 53 /INPUT 1 "celkelvin_MUDG_f867861710";
    .port_info 54 /OUTPUT 3 "register_REF2output_46e2454e_Xdatamap2";
    .port_info 55 /OUTPUT 3 "register_REF3output_00f9a76d_Xdatamap1";
    .port_info 56 /OUTPUT 3 "register_REFERENCEselect_b05f295d_Xdatamap4";
    .port_info 57 /OUTPUT 4 "register_LDOconfigurationA_775ec168_Xdatamap2";
    .port_info 58 /OUTPUT 4 "register_LDOconfigurationA_d0b55acf_Xdatamap1";
    .port_info 59 /OUTPUT 3 "register_AMPCONTROLHIGHgain_f328e92a_Xdatamap1";
    .port_info 60 /OUTPUT 3 "register_AMPCONTROLSLOWgain_8be083fe_Xdatamap1";
    .port_info 61 /OUTPUT 3 "register_AMPCONTROLMEDIUMgain_a341b3ad_Xdatamap1";
    .port_info 62 /OUTPUT 6 "register_SERVICEconfiguration_d530de71_Xdatamap3";
    .port_info 63 /OUTPUT 8 "register_AMPLIFIERconfiguration_d770927e_Xdatamap1";
v0x5565e5aeb4b0_0 .net "CELG59462", 0 0, o0x7f3c1c70d018;  alias, 0 drivers
v0x5565e5aec0f0_0 .net "CELPOWER_LDO_214c0f74", 0 0, o0x7f3c1c70d048;  alias, 0 drivers
v0x5565e5aebec0_0 .net "CELPOWER_LDO_4b7cb037", 0 0, o0x7f3c1c70d078;  alias, 0 drivers
v0x5565e5b6b270_0 .net "CELPOWER_LDO_601da658", 0 0, o0x7f3c1c70d0a8;  alias, 0 drivers
v0x5565e5b6b330_0 .net "CELPOWER_LDO_90e98eb0", 0 0, o0x7f3c1c70d0d8;  alias, 0 drivers
v0x5565e5b6b440_0 .net "CELSUB40948", 0 0, o0x7f3c1c70d108;  alias, 0 drivers
v0x5565e5b6b500_0 .net "CELV96848", 0 0, o0x7f3c1c70d138;  alias, 0 drivers
v0x5565e5b6b5c0_0 .net "LDO0", 0 0, o0x7f3c1c70d168;  alias, 0 drivers
v0x5565e5b6b680_0 .net "LDO1", 0 0, o0x7f3c1c70d198;  alias, 0 drivers
v0x5565e5b6b740_0 .net "LDO10", 0 0, o0x7f3c1c70d1c8;  alias, 0 drivers
v0x5565e5b6b800_0 .net "LDO11", 0 0, o0x7f3c1c70d1f8;  alias, 0 drivers
v0x5565e5b6b8c0_0 .net "LDO12", 0 0, o0x7f3c1c70d228;  alias, 0 drivers
v0x5565e5b6b980_0 .net "LDO13", 0 0, o0x7f3c1c70d258;  alias, 0 drivers
v0x5565e5b6ba40_0 .net "LDO14", 0 0, o0x7f3c1c70d288;  alias, 0 drivers
v0x5565e5b6bb00_0 .net "LDO15", 0 0, o0x7f3c1c70d2b8;  alias, 0 drivers
v0x5565e5b6bbc0_0 .net "LDO2", 0 0, o0x7f3c1c70d2e8;  alias, 0 drivers
v0x5565e5b6bc80_0 .net "LDO3", 0 0, o0x7f3c1c70d318;  alias, 0 drivers
v0x5565e5b6bd40_0 .net "LDO4", 0 0, o0x7f3c1c70d348;  alias, 0 drivers
v0x5565e5b6be00_0 .net "LDO5", 0 0, o0x7f3c1c70d378;  alias, 0 drivers
v0x5565e5b6bec0_0 .net "LDO6", 0 0, o0x7f3c1c70d3a8;  alias, 0 drivers
v0x5565e5b6bf80_0 .net "LDO7", 0 0, o0x7f3c1c70d3d8;  alias, 0 drivers
v0x5565e5b6c040_0 .net "LDO8", 0 0, o0x7f3c1c70d408;  alias, 0 drivers
v0x5565e5b6c100_0 .net "LDO9", 0 0, o0x7f3c1c70d438;  alias, 0 drivers
v0x5565e5b6c1c0_0 .net "MUDV", 0 0, o0x7f3c1c70d468;  alias, 0 drivers
v0x5565e5b6c280_0 .net "PORB97836", 0 0, o0x7f3c1c70d498;  alias, 0 drivers
v0x5565e5b6c340_0 .net "SENSE_G_924d4d4f", 0 0, o0x7f3c1c70d4c8;  alias, 0 drivers
v0x5565e5b6c400_0 .net "TAEXT", 0 0, o0x7f3c1c70d4f8;  alias, 0 drivers
v0x5565e5b6c4c0_0 .net "celkelvin_LDO10_9e0b544b", 0 0, o0x7f3c1c70d528;  alias, 0 drivers
v0x5565e5b6c580_0 .net "celkelvin_LDO11_c0cd2385", 0 0, o0x7f3c1c70d558;  alias, 0 drivers
v0x5565e5b6c640_0 .net "celkelvin_LDO12_73f01841", 0 0, o0x7f3c1c70d588;  alias, 0 drivers
v0x5565e5b6c700_0 .net "celkelvin_LDO13_f8678617", 0 0, o0x7f3c1c70d5b8;  alias, 0 drivers
v0x5565e5b6c7c0_0 .net "celkelvin_LDO14_1d518b73", 0 0, o0x7f3c1c70d5e8;  alias, 0 drivers
v0x5565e5b6c880_0 .net "celkelvin_LDO15_ceb54526", 0 0, o0x7f3c1c70d618;  alias, 0 drivers
v0x5565e5b6cb50_0 .net "celkelvin_LDO8_635a8467", 0 0, o0x7f3c1c70d648;  alias, 0 drivers
v0x5565e5b6cc10_0 .net "celkelvin_LDO9_67c0774a", 0 0, o0x7f3c1c70d678;  alias, 0 drivers
v0x5565e5b6ccd0_0 .net "celkelvin_MUDG_1d518b736", 0 0, o0x7f3c1c70d6a8;  alias, 0 drivers
v0x5565e5b6cd90_0 .net "celkelvin_MUDG_2c5f340512", 0 0, o0x7f3c1c70d6d8;  alias, 0 drivers
v0x5565e5b6ce50_0 .net "celkelvin_MUDG_3f3140ae3", 0 0, o0x7f3c1c70d708;  alias, 0 drivers
v0x5565e5b6cf10_0 .net "celkelvin_MUDG_5b4bc5a72", 0 0, o0x7f3c1c70d738;  alias, 0 drivers
v0x5565e5b6cfd0_0 .net "celkelvin_MUDG_614c8f411", 0 0, o0x7f3c1c70d768;  alias, 0 drivers
v0x5565e5b6d090_0 .net "celkelvin_MUDG_635a84677", 0 0, o0x7f3c1c70d798;  alias, 0 drivers
v0x5565e5b6d150_0 .net "celkelvin_MUDG_67c0774a9", 0 0, o0x7f3c1c70d7c8;  alias, 0 drivers
v0x5565e5b6d210_0 .net "celkelvin_MUDG_73f018418", 0 0, o0x7f3c1c70d7f8;  alias, 0 drivers
v0x5565e5b6d2d0_0 .net "celkelvin_MUDG_9e0b544b5", 0 0, o0x7f3c1c70d828;  alias, 0 drivers
v0x5565e5b6d390_0 .net "celkelvin_MUDG_c0cd238511", 0 0, o0x7f3c1c70d858;  alias, 0 drivers
v0x5565e5b6d450_0 .net "celkelvin_MUDG_ceb545264", 0 0, o0x7f3c1c70d888;  alias, 0 drivers
v0x5565e5b6d510_0 .net "celkelvin_MUDG_ec7b0f830", 0 0, o0x7f3c1c70d8b8;  alias, 0 drivers
v0x5565e5b6d5d0_0 .net "celkelvin_MUDG_f867861710", 0 0, o0x7f3c1c70d8e8;  alias, 0 drivers
v0x5565e5b6d690_0 .net "kelvin_MUDGamplifier", 0 0, o0x7f3c1c70d918;  alias, 0 drivers
v0x5565e5b6d750_0 .net "kelvin_MUDGservice", 0 0, o0x7f3c1c70d948;  alias, 0 drivers
v0x5565e5b6d810_0 .net "kelvin_MUDV", 0 0, o0x7f3c1c70d978;  alias, 0 drivers
v0x5565e5b6d8d0_0 .net "register_AMPCONTROLHIGHgain_f328e92a_Xdatamap1", 2 0, o0x7f3c1c70d9a8;  alias, 0 drivers
v0x5565e5b6d9b0_0 .net "register_AMPCONTROLMEDIUMgain_a341b3ad_Xdatamap1", 2 0, o0x7f3c1c70d9d8;  alias, 0 drivers
v0x5565e5b6da90_0 .net "register_AMPCONTROLSLOWgain_8be083fe_Xdatamap1", 2 0, o0x7f3c1c70da08;  alias, 0 drivers
v0x5565e5b6db70_0 .net "register_AMPLIFIERconfiguration_d770927e_Xdatamap1", 7 0, o0x7f3c1c70da38;  alias, 0 drivers
v0x5565e5b6dc50_0 .net "register_LDOconfigurationA_775ec168_Xdatamap2", 3 0, o0x7f3c1c70da68;  alias, 0 drivers
v0x5565e5b6dd30_0 .net "register_LDOconfigurationA_d0b55acf_Xdatamap1", 3 0, o0x7f3c1c70da98;  alias, 0 drivers
v0x5565e5b6de10_0 .net "register_REF2output_46e2454e_Xdatamap2", 2 0, o0x7f3c1c70dac8;  alias, 0 drivers
v0x5565e5b6def0_0 .net "register_REF3output_00f9a76d_Xdatamap1", 2 0, o0x7f3c1c70daf8;  alias, 0 drivers
v0x5565e5b6dfd0_0 .net "register_REFERENCEselect_b05f295d_Xdatamap4", 2 0, o0x7f3c1c70db28;  alias, 0 drivers
v0x5565e5b6e0b0_0 .net "register_SERVICEconfiguration_d530de71_Xdatamap3", 5 0, o0x7f3c1c70db58;  alias, 0 drivers
v0x5565e5b6e190_0 .net "sense_LDO2", 0 0, o0x7f3c1c70db88;  alias, 0 drivers
v0x5565e5b6e250_0 .net "sense_LDO5", 0 0, o0x7f3c1c70dbb8;  alias, 0 drivers
v0x5565e5b6e310_0 .net "sense_LDO7", 0 0, o0x7f3c1c70dbe8;  alias, 0 drivers
S_0x5565e5b6ede0 .scope module, "XceleraREGISTER" "GREENBANK0_301AceleraREGISTER" 2 252, 2 69 0, S_0x5565e5aebf60;
 .timescale 0 0;
    .port_info 0 /INPUT 1 "scli";
    .port_info 1 /INPUT 1 "sdai";
    .port_info 2 /INPUT 1 "CELG59462";
    .port_info 3 /INPUT 1 "CELV96848";
    .port_info 4 /INPUT 1 "PORB97836";
    .port_info 5 /INPUT 1 "CELSUB40948";
    .port_info 6 /OUTPUT 1 "sdapd_registermap";
    .port_info 7 /OUTPUT 3 "register_REF2output_46e2454e_Xdatamap2";
    .port_info 8 /OUTPUT 3 "register_REF3output_00f9a76d_Xdatamap1";
    .port_info 9 /OUTPUT 3 "register_REFERENCEselect_b05f295d_Xdatamap4";
    .port_info 10 /OUTPUT 4 "register_LDOconfigurationA_775ec168_Xdatamap2";
    .port_info 11 /OUTPUT 4 "register_LDOconfigurationA_d0b55acf_Xdatamap1";
    .port_info 12 /OUTPUT 3 "register_AMPCONTROLHIGHgain_f328e92a_Xdatamap1";
    .port_info 13 /OUTPUT 3 "register_AMPCONTROLSLOWgain_8be083fe_Xdatamap1";
    .port_info 14 /OUTPUT 3 "register_AMPCONTROLMEDIUMgain_a341b3ad_Xdatamap1";
    .port_info 15 /OUTPUT 6 "register_SERVICEconfiguration_d530de71_Xdatamap3";
    .port_info 16 /OUTPUT 8 "register_AMPLIFIERconfiguration_d770927e_Xdatamap1";
v0x5565e5b6f130_0 .net "CELG59462", 0 0, o0x7f3c1c70d018;  alias, 0 drivers
v0x5565e5b6f1d0_0 .net "CELSUB40948", 0 0, o0x7f3c1c70d108;  alias, 0 drivers
v0x5565e5b6f2a0_0 .net "CELV96848", 0 0, o0x7f3c1c70d138;  alias, 0 drivers
v0x5565e5b6f3a0_0 .net "PORB97836", 0 0, o0x7f3c1c70d498;  alias, 0 drivers
v0x5565e5b6f470_0 .net "register_AMPCONTROLHIGHgain_f328e92a_Xdatamap1", 2 0, o0x7f3c1c70d9a8;  alias, 0 drivers
v0x5565e5b6f560_0 .net "register_AMPCONTROLMEDIUMgain_a341b3ad_Xdatamap1", 2 0, o0x7f3c1c70d9d8;  alias, 0 drivers
v0x5565e5b6f630_0 .net "register_AMPCONTROLSLOWgain_8be083fe_Xdatamap1", 2 0, o0x7f3c1c70da08;  alias, 0 drivers
v0x5565e5b6f700_0 .net "register_AMPLIFIERconfiguration_d770927e_Xdatamap1", 7 0, o0x7f3c1c70da38;  alias, 0 drivers
v0x5565e5b6f7d0_0 .net "register_LDOconfigurationA_775ec168_Xdatamap2", 3 0, o0x7f3c1c70da68;  alias, 0 drivers
v0x5565e5b6f8a0_0 .net "register_LDOconfigurationA_d0b55acf_Xdatamap1", 3 0, o0x7f3c1c70da98;  alias, 0 drivers
v0x5565e5b6f970_0 .net "register_REF2output_46e2454e_Xdatamap2", 2 0, o0x7f3c1c70dac8;  alias, 0 drivers
v0x5565e5b6fa40_0 .net "register_REF3output_00f9a76d_Xdatamap1", 2 0, o0x7f3c1c70daf8;  alias, 0 drivers
v0x5565e5b6fb10_0 .net "register_REFERENCEselect_b05f295d_Xdatamap4", 2 0, o0x7f3c1c70db28;  alias, 0 drivers
v0x5565e5b6fbe0_0 .net "register_SERVICEconfiguration_d530de71_Xdatamap3", 5 0, o0x7f3c1c70db58;  alias, 0 drivers
v0x5565e5b6fcb0_0 .net "scli", 0 0, o0x7f3c1c70e818;  alias, 0 drivers
v0x5565e5b6fd50_0 .net "sdai", 0 0, o0x7f3c1c70e848;  alias, 0 drivers
v0x5565e5b6fdf0_0 .net "sdapd_registermap", 0 0, o0x7f3c1c70e878;  alias, 0 drivers
S_0x5565e5b70070 .scope module, "XceleraRING" "GREENBANK0_301AceleraRING" 2 272, 2 89 0, S_0x5565e5aebf60;
 .timescale 0 0;
    .port_info 0 /INOUT 1 "LDO0";
    .port_info 1 /INOUT 1 "LDO1";
    .port_info 2 /INOUT 1 "LDO2";
    .port_info 3 /INOUT 1 "LDO3";
    .port_info 4 /INOUT 1 "LDO4";
    .port_info 5 /INOUT 1 "LDO5";
    .port_info 6 /INOUT 1 "LDO6";
    .port_info 7 /INOUT 1 "LDO7";
    .port_info 8 /INOUT 1 "LDO8";
    .port_info 9 /INOUT 1 "LDO9";
    .port_info 10 /INOUT 1 "MUDG";
    .port_info 11 /INOUT 1 "MUDV";
    .port_info 12 /INOUT 1 "LDO10";
    .port_info 13 /INOUT 1 "LDO11";
    .port_info 14 /INOUT 1 "LDO12";
    .port_info 15 /INOUT 1 "LDO13";
    .port_info 16 /INOUT 1 "LDO14";
    .port_info 17 /INOUT 1 "LDO15";
    .port_info 18 /OUTPUT 1 "TAEXT";
    .port_info 19 /INPUT 1 "CELINA";
    .port_info 20 /OUTPUT 1 "CELG59462";
    .port_info 21 /OUTPUT 1 "CELV96848";
    .port_info 22 /INOUT 1 "sense_LDO2";
    .port_info 23 /INOUT 1 "sense_LDO5";
    .port_info 24 /INOUT 1 "sense_LDO7";
    .port_info 25 /OUTPUT 1 "CELSUB40948";
    .port_info 26 /INOUT 1 "kelvin_MUDV";
    .port_info 27 /INOUT 1 "CELPOWER_LDO";
    .port_info 28 /OUTPUT 1 "SENSE_G_924d4d4f";
    .port_info 29 /INOUT 1 "kelvin_MUDGservice";
    .port_info 30 /INOUT 1 "kelvin_MUDGamplifier";
    .port_info 31 /OUTPUT 1 "CELPOWER_LDO_214c0f74";
    .port_info 32 /OUTPUT 1 "CELPOWER_LDO_4b7cb037";
    .port_info 33 /OUTPUT 1 "CELPOWER_LDO_601da658";
    .port_info 34 /OUTPUT 1 "CELPOWER_LDO_90e98eb0";
    .port_info 35 /OUTPUT 1 "celkelvin_LDO8_635a8467";
    .port_info 36 /OUTPUT 1 "celkelvin_LDO9_67c0774a";
    .port_info 37 /OUTPUT 1 "celkelvin_LDO10_9e0b544b";
    .port_info 38 /OUTPUT 1 "celkelvin_LDO11_c0cd2385";
    .port_info 39 /OUTPUT 1 "celkelvin_LDO12_73f01841";
    .port_info 40 /OUTPUT 1 "celkelvin_LDO13_f8678617";
    .port_info 41 /OUTPUT 1 "celkelvin_LDO14_1d518b73";
    .port_info 42 /OUTPUT 1 "celkelvin_LDO15_ceb54526";
    .port_info 43 /OUTPUT 1 "celkelvin_MUDG_1d518b736";
    .port_info 44 /OUTPUT 1 "celkelvin_MUDG_3f3140ae3";
    .port_info 45 /OUTPUT 1 "celkelvin_MUDG_5b4bc5a72";
    .port_info 46 /OUTPUT 1 "celkelvin_MUDG_614c8f411";
    .port_info 47 /OUTPUT 1 "celkelvin_MUDG_635a84677";
    .port_info 48 /OUTPUT 1 "celkelvin_MUDG_67c0774a9";
    .port_info 49 /OUTPUT 1 "celkelvin_MUDG_73f018418";
    .port_info 50 /OUTPUT 1 "celkelvin_MUDG_9e0b544b5";
    .port_info 51 /OUTPUT 1 "celkelvin_MUDG_ceb545264";
    .port_info 52 /OUTPUT 1 "celkelvin_MUDG_ec7b0f830";
    .port_info 53 /OUTPUT 1 "celkelvin_MUDG_2c5f340512";
    .port_info 54 /OUTPUT 1 "celkelvin_MUDG_c0cd238511";
    .port_info 55 /OUTPUT 1 "celkelvin_MUDG_f867861710";
v0x5565e5b70780_0 .net "CELG59462", 0 0, o0x7f3c1c70d018;  alias, 0 drivers
v0x5565e5b70870_0 .net "CELINA", 0 0, o0x7f3c1c70ebd8;  alias, 0 drivers
v0x5565e5b70930_0 .net "CELPOWER_LDO", 0 0, o0x7f3c1c70ec08;  alias, 0 drivers
v0x5565e5b709d0_0 .net "CELPOWER_LDO_214c0f74", 0 0, o0x7f3c1c70d048;  alias, 0 drivers
v0x5565e5b70aa0_0 .net "CELPOWER_LDO_4b7cb037", 0 0, o0x7f3c1c70d078;  alias, 0 drivers
v0x5565e5b70b90_0 .net "CELPOWER_LDO_601da658", 0 0, o0x7f3c1c70d0a8;  alias, 0 drivers
v0x5565e5b70c60_0 .net "CELPOWER_LDO_90e98eb0", 0 0, o0x7f3c1c70d0d8;  alias, 0 drivers
v0x5565e5b70d30_0 .net "CELSUB40948", 0 0, o0x7f3c1c70d108;  alias, 0 drivers
v0x5565e5b70e20_0 .net "CELV96848", 0 0, o0x7f3c1c70d138;  alias, 0 drivers
v0x5565e5b70ec0_0 .net "LDO0", 0 0, o0x7f3c1c70d168;  alias, 0 drivers
v0x5565e5b70f60_0 .net "LDO1", 0 0, o0x7f3c1c70d198;  alias, 0 drivers
v0x5565e5b71000_0 .net "LDO10", 0 0, o0x7f3c1c70d1c8;  alias, 0 drivers
v0x5565e5b710d0_0 .net "LDO11", 0 0, o0x7f3c1c70d1f8;  alias, 0 drivers
v0x5565e5b711a0_0 .net "LDO12", 0 0, o0x7f3c1c70d228;  alias, 0 drivers
v0x5565e5b71270_0 .net "LDO13", 0 0, o0x7f3c1c70d258;  alias, 0 drivers
v0x5565e5b71340_0 .net "LDO14", 0 0, o0x7f3c1c70d288;  alias, 0 drivers
v0x5565e5b71410_0 .net "LDO15", 0 0, o0x7f3c1c70d2b8;  alias, 0 drivers
v0x5565e5b715f0_0 .net "LDO2", 0 0, o0x7f3c1c70d2e8;  alias, 0 drivers
v0x5565e5b716c0_0 .net "LDO3", 0 0, o0x7f3c1c70d318;  alias, 0 drivers
v0x5565e5b71790_0 .net "LDO4", 0 0, o0x7f3c1c70d348;  alias, 0 drivers
v0x5565e5b71860_0 .net "LDO5", 0 0, o0x7f3c1c70d378;  alias, 0 drivers
v0x5565e5b71930_0 .net "LDO6", 0 0, o0x7f3c1c70d3a8;  alias, 0 drivers
v0x5565e5b71a00_0 .net "LDO7", 0 0, o0x7f3c1c70d3d8;  alias, 0 drivers
v0x5565e5b71ad0_0 .net "LDO8", 0 0, o0x7f3c1c70d408;  alias, 0 drivers
v0x5565e5b71ba0_0 .net "LDO9", 0 0, o0x7f3c1c70d438;  alias, 0 drivers
v0x5565e5b71c70_0 .net "MUDG", 0 0, o0x7f3c1c70ec38;  alias, 0 drivers
v0x5565e5b71d10_0 .net "MUDV", 0 0, o0x7f3c1c70d468;  alias, 0 drivers
v0x5565e5b71de0_0 .net "SENSE_G_924d4d4f", 0 0, o0x7f3c1c70d4c8;  alias, 0 drivers
v0x5565e5b71eb0_0 .net "TAEXT", 0 0, o0x7f3c1c70d4f8;  alias, 0 drivers
v0x5565e5b71f80_0 .net "celkelvin_LDO10_9e0b544b", 0 0, o0x7f3c1c70d528;  alias, 0 drivers
v0x5565e5b72050_0 .net "celkelvin_LDO11_c0cd2385", 0 0, o0x7f3c1c70d558;  alias, 0 drivers
v0x5565e5b72120_0 .net "celkelvin_LDO12_73f01841", 0 0, o0x7f3c1c70d588;  alias, 0 drivers
v0x5565e5b721f0_0 .net "celkelvin_LDO13_f8678617", 0 0, o0x7f3c1c70d5b8;  alias, 0 drivers
v0x5565e5b722c0_0 .net "celkelvin_LDO14_1d518b73", 0 0, o0x7f3c1c70d5e8;  alias, 0 drivers
v0x5565e5b72390_0 .net "celkelvin_LDO15_ceb54526", 0 0, o0x7f3c1c70d618;  alias, 0 drivers
v0x5565e5b72460_0 .net "celkelvin_LDO8_635a8467", 0 0, o0x7f3c1c70d648;  alias, 0 drivers
v0x5565e5b72530_0 .net "celkelvin_LDO9_67c0774a", 0 0, o0x7f3c1c70d678;  alias, 0 drivers
v0x5565e5b72600_0 .net "celkelvin_MUDG_1d518b736", 0 0, o0x7f3c1c70d6a8;  alias, 0 drivers
v0x5565e5b726d0_0 .net "celkelvin_MUDG_2c5f340512", 0 0, o0x7f3c1c70d6d8;  alias, 0 drivers
v0x5565e5b727a0_0 .net "celkelvin_MUDG_3f3140ae3", 0 0, o0x7f3c1c70d708;  alias, 0 drivers
v0x5565e5b72870_0 .net "celkelvin_MUDG_5b4bc5a72", 0 0, o0x7f3c1c70d738;  alias, 0 drivers
v0x5565e5b72940_0 .net "celkelvin_MUDG_614c8f411", 0 0, o0x7f3c1c70d768;  alias, 0 drivers
v0x5565e5b72a10_0 .net "celkelvin_MUDG_635a84677", 0 0, o0x7f3c1c70d798;  alias, 0 drivers
v0x5565e5b72ae0_0 .net "celkelvin_MUDG_67c0774a9", 0 0, o0x7f3c1c70d7c8;  alias, 0 drivers
v0x5565e5b72bb0_0 .net "celkelvin_MUDG_73f018418", 0 0, o0x7f3c1c70d7f8;  alias, 0 drivers
v0x5565e5b72c80_0 .net "celkelvin_MUDG_9e0b544b5", 0 0, o0x7f3c1c70d828;  alias, 0 drivers
v0x5565e5b72d50_0 .net "celkelvin_MUDG_c0cd238511", 0 0, o0x7f3c1c70d858;  alias, 0 drivers
v0x5565e5b72e20_0 .net "celkelvin_MUDG_ceb545264", 0 0, o0x7f3c1c70d888;  alias, 0 drivers
v0x5565e5b72ef0_0 .net "celkelvin_MUDG_ec7b0f830", 0 0, o0x7f3c1c70d8b8;  alias, 0 drivers
v0x5565e5b72fc0_0 .net "celkelvin_MUDG_f867861710", 0 0, o0x7f3c1c70d8e8;  alias, 0 drivers
v0x5565e5b73090_0 .net "kelvin_MUDGamplifier", 0 0, o0x7f3c1c70d918;  alias, 0 drivers
v0x5565e5b73160_0 .net "kelvin_MUDGservice", 0 0, o0x7f3c1c70d948;  alias, 0 drivers
v0x5565e5b73230_0 .net "kelvin_MUDV", 0 0, o0x7f3c1c70d978;  alias, 0 drivers
v0x5565e5b73300_0 .net "sense_LDO2", 0 0, o0x7f3c1c70db88;  alias, 0 drivers
v0x5565e5b733d0_0 .net "sense_LDO5", 0 0, o0x7f3c1c70dbb8;  alias, 0 drivers
v0x5565e5b734a0_0 .net "sense_LDO7", 0 0, o0x7f3c1c70dbe8;  alias, 0 drivers
# The file index is used to find the file name in the following table.
:file_names 3;
    "N/A";
    "<interactive>";
    "/celera/projects/Sunnyvale/software/GREENBANK0_301A/verilog11/GREENBANK0_301A.v";
