#! /usr/local/bin/vvp
:ivl_version "11.0 (stable)" "(v11_0)";
:ivl_delay_selection "TYPICAL";
:vpi_time_precision + 0;
:vpi_module "/usr/local/lib/ivl/system.vpi";
:vpi_module "/usr/local/lib/ivl/vhdl_sys.vpi";
:vpi_module "/usr/local/lib/ivl/vhdl_textio.vpi";
:vpi_module "/usr/local/lib/ivl/v2005_math.vpi";
:vpi_module "/usr/local/lib/ivl/va_math.vpi";
S_0x564a896fdd50 .scope module, "REGULATIONreference" "REGULATIONreference" 2 106;
 .timescale 0 0;
    .port_info 0 /INPUT 1 "SS";
    .port_info 1 /INOUT 1 "VC";
    .port_info 2 /INPUT 1 "go";
    .port_info 3 /INPUT 1 "IIN";
    .port_info 4 /INOUT 1 "CAPFB";
    .port_info 5 /INOUT 1 "OUTFB";
    .port_info 6 /INPUT 1 "SIMPV";
    .port_info 7 /INPUT 1 "TAEXT";
    .port_info 8 /INPUT 1 "REF_CAP";
    .port_info 9 /INPUT 1 "REF_IIN";
    .port_info 10 /INPUT 1 "REF_OUT";
    .port_info 11 /INOUT 1 "VCsense";
    .port_info 12 /OUTPUT 1 "chrg_ci";
    .port_info 13 /OUTPUT 1 "chrg_cv";
    .port_info 14 /OUTPUT 1 "mode_cv";
    .port_info 15 /INPUT 1 "GMCHARGE";
    .port_info 16 /INPUT 1 "CELG59462";
    .port_info 17 /INPUT 1 "CELV96848";
    .port_info 18 /INPUT 1 "REF_CHARGE";
    .port_info 19 /INPUT 1 "CELSUB40948";
    .port_info 20 /INPUT 1 "IP_1748f38b";
    .port_info 21 /INPUT 1 "IP_51d5b7db";
    .port_info 22 /INPUT 1 "IP_52cba950";
    .port_info 23 /INPUT 1 "IP_5c9afec8";
    .port_info 24 /INPUT 1 "IP_65be5a53";
    .port_info 25 /INPUT 1 "IP_7fd756e8";
    .port_info 26 /INPUT 1 "IP_9b35f469";
    .port_info 27 /INPUT 1 "IP_bd9fd3f3";
    .port_info 28 /INPUT 1 "IP_cb653629";
    .port_info 29 /INPUT 1 "IP_d273c85d";
    .port_info 30 /INPUT 1 "IP_e27f820d";
    .port_info 31 /INPUT 1 "IP_f387a76b";
    .port_info 32 /INPUT 1 "REF_CHARGER";
    .port_info 33 /OUTPUT 1 "ok_reference";
    .port_info 34 /INOUT 1 "GNDregulation";
    .port_info 35 /INPUT 1 "mode_stepdown";
    .port_info 36 /INPUT 1 "freeze_charger";
    .port_info 37 /OUTPUT 1 "chrg_input_ilim";
    .port_info 38 /INPUT 1 "clock_regulation";
    .port_info 39 /INPUT 1 "enable_reference";
    .port_info 40 /INPUT 1 "VCconfigurationUP_0";
    .port_info 41 /INPUT 1 "VCconfigurationUP_1";
    .port_info 42 /INPUT 1 "VCconfigurationUP_2";
    .port_info 43 /INPUT 1 "kelvin_GNDregulation";
    .port_info 44 /INPUT 1 "VCconfigurationDOWN_0";
    .port_info 45 /INPUT 1 "VCconfigurationDOWN_1";
    .port_info 46 /INPUT 1 "VCconfigurationDOWN_2";
o0x7f66a50667f8 .functor BUFZ 1, C4<z>; HiZ drive
v0x564a89775170_0 .net "CAPFB", 0 0, o0x7f66a50667f8;  0 drivers
o0x7f66a5066018 .functor BUFZ 1, C4<z>; HiZ drive
v0x564a89775260_0 .net "CELG59462", 0 0, o0x7f66a5066018;  0 drivers
o0x7f66a5066048 .functor BUFZ 1, C4<z>; HiZ drive
v0x564a89775300_0 .net "CELSUB40948", 0 0, o0x7f66a5066048;  0 drivers
o0x7f66a5066078 .functor BUFZ 1, C4<z>; HiZ drive
v0x564a897753d0_0 .net "CELV96848", 0 0, o0x7f66a5066078;  0 drivers
o0x7f66a5066828 .functor BUFZ 1, C4<z>; HiZ drive
v0x564a89775470_0 .net "GMCHARGE", 0 0, o0x7f66a5066828;  0 drivers
o0x7f66a5066858 .functor BUFZ 1, C4<z>; HiZ drive
v0x564a89775510_0 .net "GNDregulation", 0 0, o0x7f66a5066858;  0 drivers
o0x7f66a5066888 .functor BUFZ 1, C4<z>; HiZ drive
v0x564a897755e0_0 .net "IIN", 0 0, o0x7f66a5066888;  0 drivers
o0x7f66a50668b8 .functor BUFZ 1, C4<z>; HiZ drive
v0x564a897756b0_0 .net "IP_1748f38b", 0 0, o0x7f66a50668b8;  0 drivers
o0x7f66a50668e8 .functor BUFZ 1, C4<z>; HiZ drive
v0x564a89775780_0 .net "IP_51d5b7db", 0 0, o0x7f66a50668e8;  0 drivers
o0x7f66a5066918 .functor BUFZ 1, C4<z>; HiZ drive
v0x564a89775850_0 .net "IP_52cba950", 0 0, o0x7f66a5066918;  0 drivers
o0x7f66a5066948 .functor BUFZ 1, C4<z>; HiZ drive
v0x564a89775920_0 .net "IP_5c9afec8", 0 0, o0x7f66a5066948;  0 drivers
o0x7f66a50677b8 .functor BUFZ 1, C4<z>; HiZ drive
v0x564a897759f0_0 .net "IP_65be5a53", 0 0, o0x7f66a50677b8;  0 drivers
o0x7f66a50677e8 .functor BUFZ 1, C4<z>; HiZ drive
v0x564a89775ac0_0 .net "IP_7fd756e8", 0 0, o0x7f66a50677e8;  0 drivers
o0x7f66a5066978 .functor BUFZ 1, C4<z>; HiZ drive
v0x564a89775b90_0 .net "IP_9b35f469", 0 0, o0x7f66a5066978;  0 drivers
o0x7f66a50669a8 .functor BUFZ 1, C4<z>; HiZ drive
v0x564a89775c60_0 .net "IP_bd9fd3f3", 0 0, o0x7f66a50669a8;  0 drivers
o0x7f66a5067818 .functor BUFZ 1, C4<z>; HiZ drive
v0x564a89775d30_0 .net "IP_cb653629", 0 0, o0x7f66a5067818;  0 drivers
o0x7f66a50669d8 .functor BUFZ 1, C4<z>; HiZ drive
v0x564a89775e00_0 .net "IP_d273c85d", 0 0, o0x7f66a50669d8;  0 drivers
o0x7f66a5067848 .functor BUFZ 1, C4<z>; HiZ drive
v0x564a89775fe0_0 .net "IP_e27f820d", 0 0, o0x7f66a5067848;  0 drivers
o0x7f66a5067878 .functor BUFZ 1, C4<z>; HiZ drive
v0x564a897760b0_0 .net "IP_f387a76b", 0 0, o0x7f66a5067878;  0 drivers
o0x7f66a5066a08 .functor BUFZ 1, C4<z>; HiZ drive
v0x564a89776180_0 .net "OUTFB", 0 0, o0x7f66a5066a08;  0 drivers
o0x7f66a5066a38 .functor BUFZ 1, C4<z>; HiZ drive
v0x564a89776250_0 .net "REF_CAP", 0 0, o0x7f66a5066a38;  0 drivers
o0x7f66a5066a68 .functor BUFZ 1, C4<z>; HiZ drive
v0x564a89776320_0 .net "REF_CHARGE", 0 0, o0x7f66a5066a68;  0 drivers
o0x7f66a50678a8 .functor BUFZ 1, C4<z>; HiZ drive
v0x564a897763f0_0 .net "REF_CHARGER", 0 0, o0x7f66a50678a8;  0 drivers
o0x7f66a5066a98 .functor BUFZ 1, C4<z>; HiZ drive
v0x564a897764c0_0 .net "REF_IIN", 0 0, o0x7f66a5066a98;  0 drivers
o0x7f66a5066ac8 .functor BUFZ 1, C4<z>; HiZ drive
v0x564a89776590_0 .net "REF_OUT", 0 0, o0x7f66a5066ac8;  0 drivers
o0x7f66a5066af8 .functor BUFZ 1, C4<z>; HiZ drive
v0x564a89776660_0 .net "SIMPV", 0 0, o0x7f66a5066af8;  0 drivers
o0x7f66a5066b28 .functor BUFZ 1, C4<z>; HiZ drive
v0x564a89776700_0 .net "SS", 0 0, o0x7f66a5066b28;  0 drivers
o0x7f66a5066b58 .functor BUFZ 1, C4<z>; HiZ drive
v0x564a897767a0_0 .net "TAEXT", 0 0, o0x7f66a5066b58;  0 drivers
o0x7f66a5066b88 .functor BUFZ 1, C4<z>; HiZ drive
v0x564a89776870_0 .net "VC", 0 0, o0x7f66a5066b88;  0 drivers
o0x7f66a5066bb8 .functor BUFZ 1, C4<z>; HiZ drive
v0x564a89776940_0 .net "VCconfigurationDOWN_0", 0 0, o0x7f66a5066bb8;  0 drivers
o0x7f66a5066be8 .functor BUFZ 1, C4<z>; HiZ drive
v0x564a89776a10_0 .net "VCconfigurationDOWN_1", 0 0, o0x7f66a5066be8;  0 drivers
o0x7f66a5066c18 .functor BUFZ 1, C4<z>; HiZ drive
v0x564a89776ae0_0 .net "VCconfigurationDOWN_2", 0 0, o0x7f66a5066c18;  0 drivers
o0x7f66a5066c48 .functor BUFZ 1, C4<z>; HiZ drive
v0x564a89776bb0_0 .net "VCconfigurationUP_0", 0 0, o0x7f66a5066c48;  0 drivers
o0x7f66a5066c78 .functor BUFZ 1, C4<z>; HiZ drive
v0x564a89776e90_0 .net "VCconfigurationUP_1", 0 0, o0x7f66a5066c78;  0 drivers
o0x7f66a5066ca8 .functor BUFZ 1, C4<z>; HiZ drive
v0x564a89776f60_0 .net "VCconfigurationUP_2", 0 0, o0x7f66a5066ca8;  0 drivers
o0x7f66a5066cd8 .functor BUFZ 1, C4<z>; HiZ drive
v0x564a89777030_0 .net "VCsense", 0 0, o0x7f66a5066cd8;  0 drivers
o0x7f66a50678d8 .functor BUFZ 1, C4<z>; HiZ drive
v0x564a89777100_0 .net "chrg_ci", 0 0, o0x7f66a50678d8;  0 drivers
o0x7f66a5067908 .functor BUFZ 1, C4<z>; HiZ drive
v0x564a897771d0_0 .net "chrg_cv", 0 0, o0x7f66a5067908;  0 drivers
o0x7f66a5067938 .functor BUFZ 1, C4<z>; HiZ drive
v0x564a897772a0_0 .net "chrg_input_ilim", 0 0, o0x7f66a5067938;  0 drivers
o0x7f66a5067e18 .functor BUFZ 1, C4<z>; HiZ drive
v0x564a89777370_0 .net "clock_regulation", 0 0, o0x7f66a5067e18;  0 drivers
o0x7f66a50662b8 .functor BUFZ 1, C4<z>; HiZ drive
v0x564a89777410_0 .net "enable_reference", 0 0, o0x7f66a50662b8;  0 drivers
o0x7f66a50662e8 .functor BUFZ 1, C4<z>; HiZ drive
v0x564a897774e0_0 .net "freeze_charger", 0 0, o0x7f66a50662e8;  0 drivers
o0x7f66a5066318 .functor BUFZ 1, C4<z>; HiZ drive
v0x564a897775b0_0 .net "go", 0 0, o0x7f66a5066318;  0 drivers
o0x7f66a5066df8 .functor BUFZ 1, C4<z>; HiZ drive
v0x564a89777680_0 .net "kelvin_GNDregulation", 0 0, o0x7f66a5066df8;  0 drivers
o0x7f66a5067968 .functor BUFZ 1, C4<z>; HiZ drive
v0x564a89777750_0 .net "mode_cv", 0 0, o0x7f66a5067968;  0 drivers
o0x7f66a5066e28 .functor BUFZ 1, C4<z>; HiZ drive
v0x564a89777820_0 .net "mode_stepdown", 0 0, o0x7f66a5066e28;  0 drivers
o0x7f66a5066348 .functor BUFZ 1, C4<z>; HiZ drive
v0x564a897778f0_0 .net "net_177", 0 0, o0x7f66a5066348;  0 drivers
o0x7f66a5066d08 .functor BUFZ 1, C4<z>; HiZ drive
v0x564a897779e0_0 .net "net_178", 0 0, o0x7f66a5066d08;  0 drivers
o0x7f66a50663a8 .functor BUFZ 1, C4<z>; HiZ drive
v0x564a89777ad0_0 .net "net_179", 0 0, o0x7f66a50663a8;  0 drivers
o0x7f66a5066d98 .functor BUFZ 1, C4<z>; HiZ drive
v0x564a89777bc0_0 .net "net_180", 0 0, o0x7f66a5066d98;  0 drivers
o0x7f66a5066378 .functor BUFZ 1, C4<z>; HiZ drive
v0x564a89777cb0_0 .net "net_181", 0 0, o0x7f66a5066378;  0 drivers
o0x7f66a5066d68 .functor BUFZ 1, C4<z>; HiZ drive
v0x564a89777da0_0 .net "net_182", 0 0, o0x7f66a5066d68;  0 drivers
o0x7f66a5066d38 .functor BUFZ 1, C4<z>; HiZ drive
v0x564a89777e90_0 .net "net_183", 0 0, o0x7f66a5066d38;  0 drivers
o0x7f66a5066e58 .functor BUFZ 1, C4<z>; HiZ drive
v0x564a89777f80_0 .net "net_184", 0 0, o0x7f66a5066e58;  0 drivers
o0x7f66a5066dc8 .functor BUFZ 1, C4<z>; HiZ drive
v0x564a89778070_0 .net "net_185", 0 0, o0x7f66a5066dc8;  0 drivers
o0x7f66a50660a8 .functor BUFZ 1, C4<z>; HiZ drive
v0x564a89778160_0 .net "net_186", 0 0, o0x7f66a50660a8;  0 drivers
o0x7f66a5066258 .functor BUFZ 1, C4<z>; HiZ drive
v0x564a89778250_0 .net "net_187", 0 0, o0x7f66a5066258;  0 drivers
o0x7f66a5066198 .functor BUFZ 1, C4<z>; HiZ drive
v0x564a89778340_0 .net "net_188", 0 0, o0x7f66a5066198;  0 drivers
o0x7f66a5066228 .functor BUFZ 1, C4<z>; HiZ drive
v0x564a89778430_0 .net "net_189", 0 0, o0x7f66a5066228;  0 drivers
o0x7f66a50661c8 .functor BUFZ 1, C4<z>; HiZ drive
v0x564a89778520_0 .net "net_190", 0 0, o0x7f66a50661c8;  0 drivers
o0x7f66a50661f8 .functor BUFZ 1, C4<z>; HiZ drive
v0x564a89778610_0 .net "net_191", 0 0, o0x7f66a50661f8;  0 drivers
o0x7f66a5066288 .functor BUFZ 1, C4<z>; HiZ drive
v0x564a89778700_0 .net "net_192", 0 0, o0x7f66a5066288;  0 drivers
o0x7f66a5066138 .functor BUFZ 1, C4<z>; HiZ drive
v0x564a897787f0_0 .net "net_193", 0 0, o0x7f66a5066138;  0 drivers
o0x7f66a50660d8 .functor BUFZ 1, C4<z>; HiZ drive
v0x564a897788e0_0 .net "net_194", 0 0, o0x7f66a50660d8;  0 drivers
o0x7f66a5066108 .functor BUFZ 1, C4<z>; HiZ drive
v0x564a897789d0_0 .net "net_195", 0 0, o0x7f66a5066108;  0 drivers
o0x7f66a5066168 .functor BUFZ 1, C4<z>; HiZ drive
v0x564a89778ed0_0 .net "net_196", 0 0, o0x7f66a5066168;  0 drivers
o0x7f66a50663d8 .functor BUFZ 1, C4<z>; HiZ drive
v0x564a89778fc0_0 .net "ok_reference", 0 0, o0x7f66a50663d8;  0 drivers
S_0x564a896fdee0 .scope module, "XDEBUG" "REGULATIONreferenceDEBUG" 2 159, 2 2 0, S_0x564a896fdd50;
 .timescale 0 0;
    .port_info 0 /INPUT 1 "go";
    .port_info 1 /INPUT 1 "CELG59462";
    .port_info 2 /INPUT 1 "CELV96848";
    .port_info 3 /INPUT 1 "IINREFBUF";
    .port_info 4 /OUTPUT 1 "hijack_go";
    .port_info 5 /OUTPUT 1 "disable_ss";
    .port_info 6 /INPUT 1 "CELSUB40948";
    .port_info 7 /INPUT 1 "dft_INvsCAP";
    .port_info 8 /OUTPUT 1 "disable_cap";
    .port_info 9 /OUTPUT 1 "disable_iin";
    .port_info 10 /OUTPUT 1 "disable_out";
    .port_info 11 /INPUT 1 "ok_reference";
    .port_info 12 /INPUT 1 "dft_CHARGEvsIN";
    .port_info 13 /OUTPUT 1 "disable_charge";
    .port_info 14 /OUTPUT 1 "disable_source";
    .port_info 15 /INPUT 1 "freeze_charger";
    .port_info 16 /INPUT 1 "dft_CHARGEvsCAP";
    .port_info 17 /INPUT 1 "dft_OUTvsCHARGE";
    .port_info 18 /INPUT 1 "enable_reference";
    .port_info 19 /OUTPUT 1 "hijack_freeze_charger";
    .port_info 20 /OUTPUT 1 "hijack_enable_reference";
v0x564a896ff4b0_0 .net "CELG59462", 0 0, o0x7f66a5066018;  alias, 0 drivers
v0x564a897000f0_0 .net "CELSUB40948", 0 0, o0x7f66a5066048;  alias, 0 drivers
v0x564a896ffec0_0 .net "CELV96848", 0 0, o0x7f66a5066078;  alias, 0 drivers
v0x564a8976f240_0 .net "IINREFBUF", 0 0, o0x7f66a50660a8;  alias, 0 drivers
v0x564a8976f300_0 .net "dft_CHARGEvsCAP", 0 0, o0x7f66a50660d8;  alias, 0 drivers
v0x564a8976f410_0 .net "dft_CHARGEvsIN", 0 0, o0x7f66a5066108;  alias, 0 drivers
v0x564a8976f4d0_0 .net "dft_INvsCAP", 0 0, o0x7f66a5066138;  alias, 0 drivers
v0x564a8976f590_0 .net "dft_OUTvsCHARGE", 0 0, o0x7f66a5066168;  alias, 0 drivers
v0x564a8976f650_0 .net "disable_cap", 0 0, o0x7f66a5066198;  alias, 0 drivers
v0x564a8976f710_0 .net "disable_charge", 0 0, o0x7f66a50661c8;  alias, 0 drivers
v0x564a8976f7d0_0 .net "disable_iin", 0 0, o0x7f66a50661f8;  alias, 0 drivers
v0x564a8976f890_0 .net "disable_out", 0 0, o0x7f66a5066228;  alias, 0 drivers
v0x564a8976f950_0 .net "disable_source", 0 0, o0x7f66a5066258;  alias, 0 drivers
v0x564a8976fa10_0 .net "disable_ss", 0 0, o0x7f66a5066288;  alias, 0 drivers
v0x564a8976fad0_0 .net "enable_reference", 0 0, o0x7f66a50662b8;  alias, 0 drivers
v0x564a8976fb90_0 .net "freeze_charger", 0 0, o0x7f66a50662e8;  alias, 0 drivers
v0x564a8976fc50_0 .net "go", 0 0, o0x7f66a5066318;  alias, 0 drivers
v0x564a8976fe20_0 .net "hijack_enable_reference", 0 0, o0x7f66a5066348;  alias, 0 drivers
v0x564a8976fee0_0 .net "hijack_freeze_charger", 0 0, o0x7f66a5066378;  alias, 0 drivers
v0x564a8976ffa0_0 .net "hijack_go", 0 0, o0x7f66a50663a8;  alias, 0 drivers
v0x564a89770060_0 .net "ok_reference", 0 0, o0x7f66a50663d8;  alias, 0 drivers
S_0x564a897703c0 .scope module, "XMAIN" "REGULATIONreferenceMAIN" 2 183, 2 26 0, S_0x564a896fdd50;
 .timescale 0 0;
    .port_info 0 /NODIR 0 "";
    .port_info 1 /INPUT 1 "SS";
    .port_info 2 /INOUT 1 "VC";
    .port_info 3 /INPUT 1 "go";
    .port_info 4 /INPUT 1 "IIN";
    .port_info 5 /INOUT 1 "CAPFB";
    .port_info 6 /INOUT 1 "OUTFB";
    .port_info 7 /INPUT 1 "SIMPV";
    .port_info 8 /INPUT 1 "TAEXT";
    .port_info 9 /INPUT 1 "REF_CAP";
    .port_info 10 /INPUT 1 "REF_IIN";
    .port_info 11 /INPUT 1 "REF_OUT";
    .port_info 12 /INOUT 1 "VCsense";
    .port_info 13 /INPUT 1 "GMCHARGE";
    .port_info 14 /INPUT 1 "CELG59462";
    .port_info 15 /INPUT 1 "CELV96848";
    .port_info 16 /OUTPUT 1 "IINREFBUF";
    .port_info 17 /INOUT 1 "VCsinkCAP";
    .port_info 18 /INOUT 1 "VCsinkIIN";
    .port_info 19 /INOUT 1 "VCsinkOUT";
    .port_info 20 /INPUT 1 "REF_CHARGE";
    .port_info 21 /INPUT 1 "disable_ss";
    .port_info 22 /INPUT 1 "CELSUB40948";
    .port_info 23 /INPUT 1 "IP_1748f38b";
    .port_info 24 /INPUT 1 "IP_51d5b7db";
    .port_info 25 /INPUT 1 "IP_52cba950";
    .port_info 26 /INPUT 1 "IP_5c9afec8";
    .port_info 27 /INPUT 1 "IP_9b35f469";
    .port_info 28 /INPUT 1 "IP_bd9fd3f3";
    .port_info 29 /INPUT 1 "IP_d273c85d";
    .port_info 30 /INPUT 1 "disable_cap";
    .port_info 31 /INPUT 1 "disable_iin";
    .port_info 32 /INPUT 1 "disable_out";
    .port_info 33 /INOUT 1 "VCsinkCHARGE";
    .port_info 34 /OUTPUT 1 "ok_reference";
    .port_info 35 /INOUT 1 "GNDregulation";
    .port_info 36 /OUTPUT 1 "enable_stepup";
    .port_info 37 /INPUT 1 "mode_stepdown";
    .port_info 38 /INPUT 1 "disable_charge";
    .port_info 39 /INPUT 1 "disable_source";
    .port_info 40 /INPUT 1 "freeze_charger";
    .port_info 41 /OUTPUT 1 "enable_stepdown";
    .port_info 42 /INPUT 1 "enable_reference";
    .port_info 43 /INPUT 1 "VCconfigurationUP_0";
    .port_info 44 /INPUT 1 "VCconfigurationUP_1";
    .port_info 45 /INPUT 1 "VCconfigurationUP_2";
    .port_info 46 /INPUT 1 "kelvin_GNDregulation";
    .port_info 47 /INPUT 1 "VCconfigurationDOWN_0";
    .port_info 48 /INPUT 1 "VCconfigurationDOWN_1";
    .port_info 49 /INPUT 1 "VCconfigurationDOWN_2";
v0x564a89770bc0_0 .net "CAPFB", 0 0, o0x7f66a50667f8;  alias, 0 drivers
v0x564a89770c80_0 .net "CELG59462", 0 0, o0x7f66a5066018;  alias, 0 drivers
v0x564a89770d40_0 .net "CELSUB40948", 0 0, o0x7f66a5066048;  alias, 0 drivers
v0x564a89770e40_0 .net "CELV96848", 0 0, o0x7f66a5066078;  alias, 0 drivers
v0x564a89770f10_0 .net "GMCHARGE", 0 0, o0x7f66a5066828;  alias, 0 drivers
v0x564a89771000_0 .net "GNDregulation", 0 0, o0x7f66a5066858;  alias, 0 drivers
v0x564a897710a0_0 .net "IIN", 0 0, o0x7f66a5066888;  alias, 0 drivers
v0x564a89771140_0 .net "IINREFBUF", 0 0, o0x7f66a50660a8;  alias, 0 drivers
v0x564a897711e0_0 .net "IP_1748f38b", 0 0, o0x7f66a50668b8;  alias, 0 drivers
v0x564a89771280_0 .net "IP_51d5b7db", 0 0, o0x7f66a50668e8;  alias, 0 drivers
v0x564a89771320_0 .net "IP_52cba950", 0 0, o0x7f66a5066918;  alias, 0 drivers
v0x564a897713c0_0 .net "IP_5c9afec8", 0 0, o0x7f66a5066948;  alias, 0 drivers
v0x564a89771480_0 .net "IP_9b35f469", 0 0, o0x7f66a5066978;  alias, 0 drivers
v0x564a89771540_0 .net "IP_bd9fd3f3", 0 0, o0x7f66a50669a8;  alias, 0 drivers
v0x564a89771600_0 .net "IP_d273c85d", 0 0, o0x7f66a50669d8;  alias, 0 drivers
v0x564a897716c0_0 .net "OUTFB", 0 0, o0x7f66a5066a08;  alias, 0 drivers
v0x564a89771780_0 .net "REF_CAP", 0 0, o0x7f66a5066a38;  alias, 0 drivers
v0x564a89771950_0 .net "REF_CHARGE", 0 0, o0x7f66a5066a68;  alias, 0 drivers
v0x564a89771a10_0 .net "REF_IIN", 0 0, o0x7f66a5066a98;  alias, 0 drivers
v0x564a89771ad0_0 .net "REF_OUT", 0 0, o0x7f66a5066ac8;  alias, 0 drivers
v0x564a89771b90_0 .net "SIMPV", 0 0, o0x7f66a5066af8;  alias, 0 drivers
v0x564a89771c50_0 .net "SS", 0 0, o0x7f66a5066b28;  alias, 0 drivers
v0x564a89771d10_0 .net "TAEXT", 0 0, o0x7f66a5066b58;  alias, 0 drivers
v0x564a89771dd0_0 .net "VC", 0 0, o0x7f66a5066b88;  alias, 0 drivers
v0x564a89771e90_0 .net "VCconfigurationDOWN_0", 0 0, o0x7f66a5066bb8;  alias, 0 drivers
v0x564a89771f50_0 .net "VCconfigurationDOWN_1", 0 0, o0x7f66a5066be8;  alias, 0 drivers
v0x564a89772010_0 .net "VCconfigurationDOWN_2", 0 0, o0x7f66a5066c18;  alias, 0 drivers
v0x564a897720d0_0 .net "VCconfigurationUP_0", 0 0, o0x7f66a5066c48;  alias, 0 drivers
v0x564a89772190_0 .net "VCconfigurationUP_1", 0 0, o0x7f66a5066c78;  alias, 0 drivers
v0x564a89772250_0 .net "VCconfigurationUP_2", 0 0, o0x7f66a5066ca8;  alias, 0 drivers
v0x564a89772310_0 .net "VCsense", 0 0, o0x7f66a5066cd8;  alias, 0 drivers
v0x564a897723d0_0 .net "VCsinkCAP", 0 0, o0x7f66a5066d08;  alias, 0 drivers
v0x564a89772490_0 .net "VCsinkCHARGE", 0 0, o0x7f66a5066d38;  alias, 0 drivers
v0x564a89772760_0 .net "VCsinkIIN", 0 0, o0x7f66a5066d68;  alias, 0 drivers
v0x564a89772820_0 .net "VCsinkOUT", 0 0, o0x7f66a5066d98;  alias, 0 drivers
v0x564a897728e0_0 .net "disable_cap", 0 0, o0x7f66a5066198;  alias, 0 drivers
v0x564a897729b0_0 .net "disable_charge", 0 0, o0x7f66a50661c8;  alias, 0 drivers
v0x564a89772a80_0 .net "disable_iin", 0 0, o0x7f66a50661f8;  alias, 0 drivers
v0x564a89772b50_0 .net "disable_out", 0 0, o0x7f66a5066228;  alias, 0 drivers
v0x564a89772c20_0 .net "disable_source", 0 0, o0x7f66a5066258;  alias, 0 drivers
v0x564a89772cf0_0 .net "disable_ss", 0 0, o0x7f66a5066288;  alias, 0 drivers
v0x564a89772dc0_0 .net "enable_reference", 0 0, o0x7f66a5066348;  alias, 0 drivers
v0x564a89772e90_0 .net "enable_stepdown", 0 0, o0x7f66a5066dc8;  alias, 0 drivers
v0x564a89772f30_0 .net "enable_stepup", 0 0, o0x7f66a50663d8;  alias, 0 drivers
v0x564a89773000_0 .net "freeze_charger", 0 0, o0x7f66a5066378;  alias, 0 drivers
v0x564a897730d0_0 .net "go", 0 0, o0x7f66a50663a8;  alias, 0 drivers
v0x564a897731a0_0 .net "kelvin_GNDregulation", 0 0, o0x7f66a5066df8;  alias, 0 drivers
v0x564a89773240_0 .net "mode_stepdown", 0 0, o0x7f66a5066e28;  alias, 0 drivers
v0x564a897732e0_0 .net "ok_reference", 0 0, o0x7f66a5066e58;  alias, 0 drivers
S_0x564a89770570 .scope module, "XSTATUS" "REGULATIONreferenceSTATUS" 2 235, 2 78 0, S_0x564a896fdd50;
 .timescale 0 0;
    .port_info 0 /INPUT 1 "SIMPV";
    .port_info 1 /OUTPUT 1 "chrg_ci";
    .port_info 2 /OUTPUT 1 "chrg_cv";
    .port_info 3 /OUTPUT 1 "mode_cv";
    .port_info 4 /INPUT 1 "CELG59462";
    .port_info 5 /INPUT 1 "CELV96848";
    .port_info 6 /INOUT 1 "VCsinkCAP";
    .port_info 7 /INOUT 1 "VCsinkIIN";
    .port_info 8 /INOUT 1 "VCsinkOUT";
    .port_info 9 /INPUT 1 "CELSUB40948";
    .port_info 10 /INPUT 1 "IP_65be5a53";
    .port_info 11 /INPUT 1 "IP_7fd756e8";
    .port_info 12 /INPUT 1 "IP_cb653629";
    .port_info 13 /INPUT 1 "IP_e27f820d";
    .port_info 14 /INPUT 1 "IP_f387a76b";
    .port_info 15 /INPUT 1 "REF_CHARGER";
    .port_info 16 /OUTPUT 1 "dft_INvsCAP";
    .port_info 17 /INOUT 1 "VCsinkCHARGE";
    .port_info 18 /INPUT 1 "enable_stepup";
    .port_info 19 /OUTPUT 1 "dft_CHARGEvsIN";
    .port_info 20 /OUTPUT 1 "chrg_input_ilim";
    .port_info 21 /OUTPUT 1 "dft_CHARGEvsCAP";
    .port_info 22 /OUTPUT 1 "dft_OUTvsCHARGE";
    .port_info 23 /INPUT 1 "enable_stepdown";
v0x564a89773cf0_0 .net "CELG59462", 0 0, o0x7f66a5066018;  alias, 0 drivers
v0x564a89773de0_0 .net "CELSUB40948", 0 0, o0x7f66a5066048;  alias, 0 drivers
v0x564a89773ef0_0 .net "CELV96848", 0 0, o0x7f66a5066078;  alias, 0 drivers
v0x564a89773fe0_0 .net "IP_65be5a53", 0 0, o0x7f66a50677b8;  alias, 0 drivers
v0x564a89774080_0 .net "IP_7fd756e8", 0 0, o0x7f66a50677e8;  alias, 0 drivers
v0x564a89774170_0 .net "IP_cb653629", 0 0, o0x7f66a5067818;  alias, 0 drivers
v0x564a89774230_0 .net "IP_e27f820d", 0 0, o0x7f66a5067848;  alias, 0 drivers
v0x564a897742f0_0 .net "IP_f387a76b", 0 0, o0x7f66a5067878;  alias, 0 drivers
v0x564a897743b0_0 .net "REF_CHARGER", 0 0, o0x7f66a50678a8;  alias, 0 drivers
v0x564a89774470_0 .net "SIMPV", 0 0, o0x7f66a5066af8;  alias, 0 drivers
v0x564a89774510_0 .net "VCsinkCAP", 0 0, o0x7f66a5066d08;  alias, 0 drivers
v0x564a897745b0_0 .net "VCsinkCHARGE", 0 0, o0x7f66a5066d38;  alias, 0 drivers
v0x564a89774650_0 .net "VCsinkIIN", 0 0, o0x7f66a5066d68;  alias, 0 drivers
v0x564a89774720_0 .net "VCsinkOUT", 0 0, o0x7f66a5066d98;  alias, 0 drivers
v0x564a897747f0_0 .net "chrg_ci", 0 0, o0x7f66a50678d8;  alias, 0 drivers
v0x564a89774890_0 .net "chrg_cv", 0 0, o0x7f66a5067908;  alias, 0 drivers
v0x564a89774930_0 .net "chrg_input_ilim", 0 0, o0x7f66a5067938;  alias, 0 drivers
v0x564a897749d0_0 .net "dft_CHARGEvsCAP", 0 0, o0x7f66a50660d8;  alias, 0 drivers
v0x564a89774aa0_0 .net "dft_CHARGEvsIN", 0 0, o0x7f66a5066108;  alias, 0 drivers
v0x564a89774b70_0 .net "dft_INvsCAP", 0 0, o0x7f66a5066138;  alias, 0 drivers
v0x564a89774c40_0 .net "dft_OUTvsCHARGE", 0 0, o0x7f66a5066168;  alias, 0 drivers
v0x564a89774d10_0 .net "enable_stepdown", 0 0, o0x7f66a5066e58;  alias, 0 drivers
v0x564a89774de0_0 .net "enable_stepup", 0 0, o0x7f66a5066dc8;  alias, 0 drivers
v0x564a89774eb0_0 .net "mode_cv", 0 0, o0x7f66a5067968;  alias, 0 drivers
# The file index is used to find the file name in the following table.
:file_names 3;
    "N/A";
    "<interactive>";
    "/celera/projects/Sunnyvale/software/REGULATIONreference/verilog10/REGULATIONreference.v";
