#! /usr/local/bin/vvp
:ivl_version "11.0 (stable)" "(v11_0)";
:ivl_delay_selection "TYPICAL";
:vpi_time_precision + 0;
:vpi_module "/usr/local/lib/ivl/system.vpi";
:vpi_module "/usr/local/lib/ivl/vhdl_sys.vpi";
:vpi_module "/usr/local/lib/ivl/vhdl_textio.vpi";
:vpi_module "/usr/local/lib/ivl/v2005_math.vpi";
:vpi_module "/usr/local/lib/ivl/va_math.vpi";
S_0x55dfe1fdef60 .scope module, "FORCE_DRIVERpuget" "FORCE_DRIVERpuget" 2 15;
 .timescale 0 0;
    .port_info 0 /INPUT 1 "SW";
    .port_info 1 /INPUT 1 "BST";
    .port_info 2 /INPUT 1 "PGND";
    .port_info 3 /INPUT 1 "BGATE";
    .port_info 4 /INPUT 1 "DRVCC";
    .port_info 5 /INPUT 1 "TGATE";
    .port_info 6 /INPUT 1 "top_state";
    .port_info 7 /INPUT 1 "refresh_bst";
    .port_info 8 /INPUT 1 "bottom_state";
    .port_info 9 /INPUT 1 "enable_driver";
o0x7f36ab1d10d8 .functor BUFZ 1, C4<z>; HiZ drive
v0x55dfe1fdeec0_0 .net "BGATE", 0 0, o0x7f36ab1d10d8;  0 drivers
o0x7f36ab1d1108 .functor BUFZ 1, C4<z>; HiZ drive
v0x55dfe2026a20_0 .net "BST", 0 0, o0x7f36ab1d1108;  0 drivers
o0x7f36ab1d1138 .functor BUFZ 1, C4<z>; HiZ drive
v0x55dfe2026ae0_0 .net "DRVCC", 0 0, o0x7f36ab1d1138;  0 drivers
o0x7f36ab1d1168 .functor BUFZ 1, C4<z>; HiZ drive
v0x55dfe2026b80_0 .net "PGND", 0 0, o0x7f36ab1d1168;  0 drivers
o0x7f36ab1d1198 .functor BUFZ 1, C4<z>; HiZ drive
v0x55dfe2026c40_0 .net "SW", 0 0, o0x7f36ab1d1198;  0 drivers
o0x7f36ab1d11c8 .functor BUFZ 1, C4<z>; HiZ drive
v0x55dfe2026d50_0 .net "TGATE", 0 0, o0x7f36ab1d11c8;  0 drivers
o0x7f36ab1d11f8 .functor BUFZ 1, C4<z>; HiZ drive
v0x55dfe2026e10_0 .net "bottom_state", 0 0, o0x7f36ab1d11f8;  0 drivers
o0x7f36ab1d1228 .functor BUFZ 1, C4<z>; HiZ drive
v0x55dfe2026ed0_0 .net "enable_driver", 0 0, o0x7f36ab1d1228;  0 drivers
o0x7f36ab1d1018 .functor BUFZ 1, C4<z>; HiZ drive
v0x55dfe2026f90_0 .net "net_75", 0 0, o0x7f36ab1d1018;  0 drivers
o0x7f36ab1d1078 .functor BUFZ 1, C4<z>; HiZ drive
v0x55dfe2027030_0 .net "net_76", 0 0, o0x7f36ab1d1078;  0 drivers
o0x7f36ab1d1258 .functor BUFZ 1, C4<z>; HiZ drive
v0x55dfe2027100_0 .net "refresh_bst", 0 0, o0x7f36ab1d1258;  0 drivers
o0x7f36ab1d1288 .functor BUFZ 1, C4<z>; HiZ drive
v0x55dfe20271a0_0 .net "top_state", 0 0, o0x7f36ab1d1288;  0 drivers
S_0x55dfe1fdce50 .scope module, "XNC75" "STONEnoconn" 2 31, 2 5 0, S_0x55dfe1fdef60;
 .timescale 0 0;
    .port_info 0 /INPUT 1 "noconn";
v0x55dfe1fde4b0_0 .net "noconn", 0 0, o0x7f36ab1d1018;  alias, 0 drivers
S_0x55dfe20261b0 .scope module, "XNC76" "STONEnoconn" 2 35, 2 5 0, S_0x55dfe1fdef60;
 .timescale 0 0;
    .port_info 0 /INPUT 1 "noconn";
v0x55dfe1fdf0f0_0 .net "noconn", 0 0, o0x7f36ab1d1078;  alias, 0 drivers
S_0x55dfe2026430 .scope module, "Xd_bottom_state" "dbuf_e926e395" 2 43, 2 11 0, S_0x55dfe1fdef60;
 .timescale 0 0;
S_0x55dfe2026610 .scope module, "Xd_enable_driver" "dbuf_e926e395" 2 47, 2 11 0, S_0x55dfe1fdef60;
 .timescale 0 0;
S_0x55dfe20267f0 .scope module, "Xd_top_state" "dbuf_e926e395" 2 39, 2 11 0, S_0x55dfe1fdef60;
 .timescale 0 0;
# The file index is used to find the file name in the following table.
:file_names 3;
    "N/A";
    "<interactive>";
    "/celera/projects/Sunnyvale/software/FORCE_DRIVERpuget/verilog7/FORCE_DRIVERpuget.v";
