#! /usr/local/bin/vvp
:ivl_version "11.0 (stable)" "(v11_0)";
:ivl_delay_selection "TYPICAL";
:vpi_time_precision + 0;
:vpi_module "/usr/local/lib/ivl/system.vpi";
:vpi_module "/usr/local/lib/ivl/vhdl_sys.vpi";
:vpi_module "/usr/local/lib/ivl/vhdl_textio.vpi";
:vpi_module "/usr/local/lib/ivl/v2005_math.vpi";
:vpi_module "/usr/local/lib/ivl/va_math.vpi";
S_0x555555847f60 .scope module, "resistor_ffe18c73" "resistor_ffe18c73" 2 122;
 .timescale 0 0;
    .port_info 0 /INOUT 1 "RP";
    .port_info 1 /INPUT 1 "CELV";
    .port_info 2 /INPUT 1 "CELG";
    .port_info 3 /INPUT 1 "CELSUB";
    .port_info 4 /INPUT 3 "adjust_resistor";
    .port_info 5 /INOUT 1 "RN";
o0x7fffff25f018 .functor BUFZ 1, C4<z>; HiZ drive
v0x5555558b04e0_0 .net "CELG", 0 0, o0x7fffff25f018;  0 drivers
o0x7fffff25f7f8 .functor BUFZ 1, C4<z>; HiZ drive
v0x5555558b0580_0 .net "CELSUB", 0 0, o0x7fffff25f7f8;  0 drivers
o0x7fffff25f828 .functor BUFZ 1, C4<z>; HiZ drive
v0x5555558b0640_0 .net "CELV", 0 0, o0x7fffff25f828;  0 drivers
o0x7fffff25f048 .functor BUFZ 1, C4<z>; HiZ drive
v0x5555558b07f0_0 .net "RA0", 0 0, o0x7fffff25f048;  0 drivers
o0x7fffff25f138 .functor BUFZ 1, C4<z>; HiZ drive
v0x5555558b0890_0 .net "RA1", 0 0, o0x7fffff25f138;  0 drivers
o0x7fffff25f1f8 .functor BUFZ 1, C4<z>; HiZ drive
v0x5555558b0980_0 .net "RA2", 0 0, o0x7fffff25f1f8;  0 drivers
o0x7fffff25f2b8 .functor BUFZ 1, C4<z>; HiZ drive
v0x5555558b0a20_0 .net "RA3", 0 0, o0x7fffff25f2b8;  0 drivers
o0x7fffff25f378 .functor BUFZ 1, C4<z>; HiZ drive
v0x5555558b0ac0_0 .net "RA4", 0 0, o0x7fffff25f378;  0 drivers
o0x7fffff25f438 .functor BUFZ 1, C4<z>; HiZ drive
v0x5555558b0bf0_0 .net "RA5", 0 0, o0x7fffff25f438;  0 drivers
o0x7fffff25f4f8 .functor BUFZ 1, C4<z>; HiZ drive
v0x5555558b0db0_0 .net "RA5RA6_1", 0 0, o0x7fffff25f4f8;  0 drivers
o0x7fffff25f5b8 .functor BUFZ 1, C4<z>; HiZ drive
v0x5555558b0e50_0 .net "RA6", 0 0, o0x7fffff25f5b8;  0 drivers
o0x7fffff25f678 .functor BUFZ 1, C4<z>; HiZ drive
v0x5555558b0f80_0 .net "RA6RN_1", 0 0, o0x7fffff25f678;  0 drivers
o0x7fffff25f738 .functor BUFZ 1, C4<z>; HiZ drive
v0x5555558b1020_0 .net "RN", 0 0, o0x7fffff25f738;  0 drivers
o0x7fffff25f078 .functor BUFZ 1, C4<z>; HiZ drive
v0x5555558b10c0_0 .net "RP", 0 0, o0x7fffff25f078;  0 drivers
o0x7fffff260188 .functor BUFZ 3, C4<zzz>; HiZ drive
v0x5555558b1160_0 .net "adjust_resistor", 2 0, o0x7fffff260188;  0 drivers
v0x5555558b1200_0 .net "adjust_resistoro1", 0 0, L_0x5555558b1d40;  1 drivers
v0x5555558b12a0_0 .net "adjust_resistoro2", 0 0, L_0x5555558b1c10;  1 drivers
v0x5555558b1450_0 .net "adjust_resistoro3", 0 0, L_0x5555558b1b70;  1 drivers
v0x5555558b14f0_0 .net "adjust_resistoro4", 0 0, L_0x5555558b1a50;  1 drivers
v0x5555558b1590_0 .net "adjust_resistoro5", 0 0, L_0x5555558b19b0;  1 drivers
v0x5555558b1630_0 .net "adjust_resistoro6", 0 0, L_0x5555558b1910;  1 drivers
v0x5555558b16d0_0 .net "adjust_resistoro7", 0 0, L_0x5555558b1870;  1 drivers
v0x5555558b17a0_0 .net "noconn_resistoro0", 0 0, L_0x5555558b1e30;  1 drivers
o0x7fffff2601b8 .functor BUFZ 8, C4<zzzzzzzz>; HiZ drive
L_0x5555558b1870 .part o0x7fffff2601b8, 7, 1;
L_0x5555558b1910 .part o0x7fffff2601b8, 6, 1;
L_0x5555558b19b0 .part o0x7fffff2601b8, 5, 1;
L_0x5555558b1a50 .part o0x7fffff2601b8, 4, 1;
L_0x5555558b1b70 .part o0x7fffff2601b8, 3, 1;
L_0x5555558b1c10 .part o0x7fffff2601b8, 2, 1;
L_0x5555558b1d40 .part o0x7fffff2601b8, 1, 1;
L_0x5555558b1e30 .part o0x7fffff2601b8, 0, 1;
S_0x555555880ba0 .scope module, "XRA0_0" "rlpp3000rpo9p4u0p4u" 2 142, 2 68 0, S_0x555555847f60;
 .timescale 0 0;
    .port_info 0 /INOUT 1 "RP";
    .port_info 1 /INOUT 1 "RN";
    .port_info 2 /INPUT 1 "ISO";
v0x55555588d2f0_0 .net "ISO", 0 0, o0x7fffff25f018;  alias, 0 drivers
v0x55555588c000_0 .net "RN", 0 0, o0x7fffff25f048;  alias, 0 drivers
v0x55555588b280_0 .net "RP", 0 0, o0x7fffff25f078;  alias, 0 drivers
S_0x5555558a9630 .scope module, "XRA1_0" "rlpp3000rpo9p4u0p4u" 2 164, 2 68 0, S_0x555555847f60;
 .timescale 0 0;
    .port_info 0 /INOUT 1 "RP";
    .port_info 1 /INOUT 1 "RN";
    .port_info 2 /INPUT 1 "ISO";
v0x55555588a500_0 .net "ISO", 0 0, o0x7fffff25f018;  alias, 0 drivers
v0x555555889780_0 .net "RN", 0 0, o0x7fffff25f138;  alias, 0 drivers
v0x555555888a00_0 .net "RP", 0 0, o0x7fffff25f048;  alias, 0 drivers
S_0x5555558a98c0 .scope module, "XRA2_0" "rlpp3000rpo18p9u0p4u" 2 186, 2 77 0, S_0x555555847f60;
 .timescale 0 0;
    .port_info 0 /INOUT 1 "RP";
    .port_info 1 /INOUT 1 "RN";
    .port_info 2 /INPUT 1 "ISO";
v0x5555558a9af0_0 .net "ISO", 0 0, o0x7fffff25f018;  alias, 0 drivers
v0x5555558a9be0_0 .net "RN", 0 0, o0x7fffff25f1f8;  alias, 0 drivers
v0x5555558a9ca0_0 .net "RP", 0 0, o0x7fffff25f138;  alias, 0 drivers
S_0x5555558a9db0 .scope module, "XRA3_0" "rlpp3000rpo28p5u0p4u" 2 208, 2 86 0, S_0x555555847f60;
 .timescale 0 0;
    .port_info 0 /INOUT 1 "RP";
    .port_info 1 /INOUT 1 "RN";
    .port_info 2 /INPUT 1 "ISO";
v0x5555558a9fe0_0 .net "ISO", 0 0, o0x7fffff25f018;  alias, 0 drivers
v0x5555558aa0a0_0 .net "RN", 0 0, o0x7fffff25f2b8;  alias, 0 drivers
v0x5555558aa160_0 .net "RP", 0 0, o0x7fffff25f1f8;  alias, 0 drivers
S_0x5555558aa2a0 .scope module, "XRA4_0" "rlpp3000rpo38p0u0p4u" 2 230, 2 95 0, S_0x555555847f60;
 .timescale 0 0;
    .port_info 0 /INOUT 1 "RP";
    .port_info 1 /INOUT 1 "RN";
    .port_info 2 /INPUT 1 "ISO";
v0x5555558aa520_0 .net "ISO", 0 0, o0x7fffff25f018;  alias, 0 drivers
v0x5555558aa5e0_0 .net "RN", 0 0, o0x7fffff25f378;  alias, 0 drivers
v0x5555558aa6a0_0 .net "RP", 0 0, o0x7fffff25f2b8;  alias, 0 drivers
S_0x5555558aa7b0 .scope module, "XRA5_0" "rlpp3000rpo47p5u0p4u" 2 252, 2 104 0, S_0x555555847f60;
 .timescale 0 0;
    .port_info 0 /INOUT 1 "RP";
    .port_info 1 /INOUT 1 "RN";
    .port_info 2 /INPUT 1 "ISO";
v0x5555558aa990_0 .net "ISO", 0 0, o0x7fffff25f018;  alias, 0 drivers
v0x5555558aaa50_0 .net "RN", 0 0, o0x7fffff25f438;  alias, 0 drivers
v0x5555558aab10_0 .net "RP", 0 0, o0x7fffff25f378;  alias, 0 drivers
S_0x5555558aac50 .scope module, "XRA6_0" "rlpp3000rpo28p5u0p4u" 2 274, 2 86 0, S_0x555555847f60;
 .timescale 0 0;
    .port_info 0 /INOUT 1 "RP";
    .port_info 1 /INOUT 1 "RN";
    .port_info 2 /INPUT 1 "ISO";
v0x5555558aae80_0 .net "ISO", 0 0, o0x7fffff25f018;  alias, 0 drivers
v0x5555558aaf40_0 .net "RN", 0 0, o0x7fffff25f4f8;  alias, 0 drivers
v0x5555558ab000_0 .net "RP", 0 0, o0x7fffff25f438;  alias, 0 drivers
S_0x5555558ab140 .scope module, "XRA6_1" "rlpp3000rpo28p5u0p4u" 2 279, 2 86 0, S_0x555555847f60;
 .timescale 0 0;
    .port_info 0 /INOUT 1 "RP";
    .port_info 1 /INOUT 1 "RN";
    .port_info 2 /INPUT 1 "ISO";
v0x5555558ab370_0 .net "ISO", 0 0, o0x7fffff25f018;  alias, 0 drivers
v0x5555558ab430_0 .net "RN", 0 0, o0x7fffff25f5b8;  alias, 0 drivers
v0x5555558ab4f0_0 .net "RP", 0 0, o0x7fffff25f4f8;  alias, 0 drivers
S_0x5555558ab630 .scope module, "XRA7_0" "rlpp3000rpo33p2u0p4u" 2 301, 2 113 0, S_0x555555847f60;
 .timescale 0 0;
    .port_info 0 /INOUT 1 "RP";
    .port_info 1 /INOUT 1 "RN";
    .port_info 2 /INPUT 1 "ISO";
v0x5555558ab810_0 .net "ISO", 0 0, o0x7fffff25f018;  alias, 0 drivers
v0x5555558ab9e0_0 .net "RN", 0 0, o0x7fffff25f678;  alias, 0 drivers
v0x5555558abaa0_0 .net "RP", 0 0, o0x7fffff25f5b8;  alias, 0 drivers
S_0x5555558abbe0 .scope module, "XRA7_1" "rlpp3000rpo33p2u0p4u" 2 306, 2 113 0, S_0x555555847f60;
 .timescale 0 0;
    .port_info 0 /INOUT 1 "RP";
    .port_info 1 /INOUT 1 "RN";
    .port_info 2 /INPUT 1 "ISO";
v0x5555558abe10_0 .net "ISO", 0 0, o0x7fffff25f018;  alias, 0 drivers
v0x5555558abed0_0 .net "RN", 0 0, o0x7fffff25f738;  alias, 0 drivers
v0x5555558abf90_0 .net "RP", 0 0, o0x7fffff25f678;  alias, 0 drivers
S_0x5555558ac0d0 .scope module, "XadjustswitchB1" "STONEresistorswitchLB" 2 154, 2 19 0, S_0x555555847f60;
 .timescale 0 0;
    .port_info 0 /INOUT 1 "RN";
    .port_info 1 /INOUT 1 "RP";
    .port_info 2 /INPUT 1 "G";
    .port_info 3 /INPUT 1 "SUB";
    .port_info 4 /INPUT 1 "V";
    .port_info 5 /INPUT 1 "tb";
v0x5555558ac350_0 .net "G", 0 0, o0x7fffff25f018;  alias, 0 drivers
v0x5555558ac3f0_0 .net "RN", 0 0, o0x7fffff25f138;  alias, 0 drivers
v0x5555558ac500_0 .net "RP", 0 0, o0x7fffff25f048;  alias, 0 drivers
v0x5555558ac5f0_0 .net "SUB", 0 0, o0x7fffff25f7f8;  alias, 0 drivers
v0x5555558ac690_0 .net "V", 0 0, o0x7fffff25f828;  alias, 0 drivers
v0x5555558ac780_0 .net "tb", 0 0, L_0x5555558b1d40;  alias, 1 drivers
S_0x5555558ac900 .scope module, "XadjustswitchB2" "STONEresistorswitchHB" 2 176, 2 33 0, S_0x555555847f60;
 .timescale 0 0;
    .port_info 0 /INOUT 1 "RN";
    .port_info 1 /INOUT 1 "RP";
    .port_info 2 /INPUT 1 "G";
    .port_info 3 /INPUT 1 "SUB";
    .port_info 4 /INPUT 1 "V";
    .port_info 5 /INPUT 1 "tb";
v0x5555558acb80_0 .net "G", 0 0, o0x7fffff25f018;  alias, 0 drivers
v0x5555558acc40_0 .net "RN", 0 0, o0x7fffff25f1f8;  alias, 0 drivers
v0x5555558acd50_0 .net "RP", 0 0, o0x7fffff25f138;  alias, 0 drivers
v0x5555558acdf0_0 .net "SUB", 0 0, o0x7fffff25f7f8;  alias, 0 drivers
v0x5555558ace90_0 .net "V", 0 0, o0x7fffff25f828;  alias, 0 drivers
v0x5555558acf80_0 .net "tb", 0 0, L_0x5555558b1c10;  alias, 1 drivers
S_0x5555558ad080 .scope module, "XadjustswitchB3" "STONEresistorswitchHB" 2 198, 2 33 0, S_0x555555847f60;
 .timescale 0 0;
    .port_info 0 /INOUT 1 "RN";
    .port_info 1 /INOUT 1 "RP";
    .port_info 2 /INPUT 1 "G";
    .port_info 3 /INPUT 1 "SUB";
    .port_info 4 /INPUT 1 "V";
    .port_info 5 /INPUT 1 "tb";
v0x5555558ad300_0 .net "G", 0 0, o0x7fffff25f018;  alias, 0 drivers
v0x5555558ad3c0_0 .net "RN", 0 0, o0x7fffff25f2b8;  alias, 0 drivers
v0x5555558ad4d0_0 .net "RP", 0 0, o0x7fffff25f1f8;  alias, 0 drivers
v0x5555558ad570_0 .net "SUB", 0 0, o0x7fffff25f7f8;  alias, 0 drivers
v0x5555558ad660_0 .net "V", 0 0, o0x7fffff25f828;  alias, 0 drivers
v0x5555558ad7a0_0 .net "tb", 0 0, L_0x5555558b1b70;  alias, 1 drivers
S_0x5555558ad8e0 .scope module, "XadjustswitchB4" "STONEresistorswitchHB" 2 220, 2 33 0, S_0x555555847f60;
 .timescale 0 0;
    .port_info 0 /INOUT 1 "RN";
    .port_info 1 /INOUT 1 "RP";
    .port_info 2 /INPUT 1 "G";
    .port_info 3 /INPUT 1 "SUB";
    .port_info 4 /INPUT 1 "V";
    .port_info 5 /INPUT 1 "tb";
v0x5555558adb60_0 .net "G", 0 0, o0x7fffff25f018;  alias, 0 drivers
v0x5555558adc20_0 .net "RN", 0 0, o0x7fffff25f378;  alias, 0 drivers
v0x5555558add30_0 .net "RP", 0 0, o0x7fffff25f2b8;  alias, 0 drivers
v0x5555558addd0_0 .net "SUB", 0 0, o0x7fffff25f7f8;  alias, 0 drivers
v0x5555558ade70_0 .net "V", 0 0, o0x7fffff25f828;  alias, 0 drivers
v0x5555558adf60_0 .net "tb", 0 0, L_0x5555558b1a50;  alias, 1 drivers
S_0x5555558ae0a0 .scope module, "XadjustswitchB5" "STONEresistorswitchHB" 2 242, 2 33 0, S_0x555555847f60;
 .timescale 0 0;
    .port_info 0 /INOUT 1 "RN";
    .port_info 1 /INOUT 1 "RP";
    .port_info 2 /INPUT 1 "G";
    .port_info 3 /INPUT 1 "SUB";
    .port_info 4 /INPUT 1 "V";
    .port_info 5 /INPUT 1 "tb";
v0x5555558ae320_0 .net "G", 0 0, o0x7fffff25f018;  alias, 0 drivers
v0x5555558ae3e0_0 .net "RN", 0 0, o0x7fffff25f438;  alias, 0 drivers
v0x5555558ae4f0_0 .net "RP", 0 0, o0x7fffff25f378;  alias, 0 drivers
v0x5555558ae590_0 .net "SUB", 0 0, o0x7fffff25f7f8;  alias, 0 drivers
v0x5555558ae630_0 .net "V", 0 0, o0x7fffff25f828;  alias, 0 drivers
v0x5555558ae6d0_0 .net "tb", 0 0, L_0x5555558b19b0;  alias, 1 drivers
S_0x5555558ae850 .scope module, "XadjustswitchB6" "STONEresistorswitchHB" 2 264, 2 33 0, S_0x555555847f60;
 .timescale 0 0;
    .port_info 0 /INOUT 1 "RN";
    .port_info 1 /INOUT 1 "RP";
    .port_info 2 /INPUT 1 "G";
    .port_info 3 /INPUT 1 "SUB";
    .port_info 4 /INPUT 1 "V";
    .port_info 5 /INPUT 1 "tb";
v0x5555558aea80_0 .net "G", 0 0, o0x7fffff25f018;  alias, 0 drivers
v0x5555558aeb40_0 .net "RN", 0 0, o0x7fffff25f5b8;  alias, 0 drivers
v0x5555558aec50_0 .net "RP", 0 0, o0x7fffff25f438;  alias, 0 drivers
v0x5555558aecf0_0 .net "SUB", 0 0, o0x7fffff25f7f8;  alias, 0 drivers
v0x5555558aed90_0 .net "V", 0 0, o0x7fffff25f828;  alias, 0 drivers
v0x5555558aee80_0 .net "tb", 0 0, L_0x5555558b1910;  alias, 1 drivers
S_0x5555558af000 .scope module, "XadjustswitchB7" "STONEresistorswitchHB" 2 291, 2 33 0, S_0x555555847f60;
 .timescale 0 0;
    .port_info 0 /INOUT 1 "RN";
    .port_info 1 /INOUT 1 "RP";
    .port_info 2 /INPUT 1 "G";
    .port_info 3 /INPUT 1 "SUB";
    .port_info 4 /INPUT 1 "V";
    .port_info 5 /INPUT 1 "tb";
v0x5555558af390_0 .net "G", 0 0, o0x7fffff25f018;  alias, 0 drivers
v0x5555558af660_0 .net "RN", 0 0, o0x7fffff25f738;  alias, 0 drivers
v0x5555558af720_0 .net "RP", 0 0, o0x7fffff25f5b8;  alias, 0 drivers
v0x5555558af7c0_0 .net "SUB", 0 0, o0x7fffff25f7f8;  alias, 0 drivers
v0x5555558af860_0 .net "V", 0 0, o0x7fffff25f828;  alias, 0 drivers
v0x5555558af950_0 .net "tb", 0 0, L_0x5555558b1870;  alias, 1 drivers
S_0x5555558afab0 .scope module, "Xdecode" "PEBBLEdec3to8weak" 2 324, 2 47 0, S_0x555555847f60;
 .timescale 0 0;
    .port_info 0 /OUTPUT 8 "o";
    .port_info 1 /INPUT 1 "G";
    .port_info 2 /INPUT 1 "V";
    .port_info 3 /INPUT 3 "i";
    .port_info 4 /INPUT 1 "SUB";
v0x5555558afd10_0 .net "G", 0 0, o0x7fffff25f018;  alias, 0 drivers
v0x5555558afdd0_0 .net "SUB", 0 0, o0x7fffff25f7f8;  alias, 0 drivers
v0x5555558afe90_0 .net "V", 0 0, o0x7fffff25f828;  alias, 0 drivers
v0x5555558aff30_0 .net "i", 2 0, o0x7fffff260188;  alias, 0 drivers
v0x5555558affd0_0 .net "o", 7 0, o0x7fffff2601b8;  0 drivers
S_0x5555558b01a0 .scope module, "Xnoconn0" "STONEnoconn" 2 318, 2 60 0, S_0x555555847f60;
 .timescale 0 0;
    .port_info 0 /INPUT 1 "noconn";
v0x5555558b03c0_0 .net "noconn", 0 0, L_0x5555558b1e30;  alias, 1 drivers
# The file index is used to find the file name in the following table.
:file_names 3;
    "N/A";
    "<interactive>";
    "/./celera//projects//Sunnyvale//software//WALTZ2//verilog5//resistor_ffe18c73.v";
