#! /usr/local/bin/vvp
:ivl_version "11.0 (stable)" "(v11_0)";
:ivl_delay_selection "TYPICAL";
:vpi_time_precision + 0;
:vpi_module "/usr/local/lib/ivl/system.vpi";
:vpi_module "/usr/local/lib/ivl/vhdl_sys.vpi";
:vpi_module "/usr/local/lib/ivl/vhdl_textio.vpi";
:vpi_module "/usr/local/lib/ivl/v2005_math.vpi";
:vpi_module "/usr/local/lib/ivl/va_math.vpi";
S_0x55782913ff60 .scope module, "sim_CAPACITORGOODpuget_ROW8" "sim_CAPACITORGOODpuget_ROW8" 2 33;
 .timescale 0 0;
o0x7fa2c346b018 .functor BUFZ 1, C4<z>; HiZ drive
v0x55782918de90_0 .net "CAPFB", 0 0, o0x7fa2c346b018;  0 drivers
o0x7fa2c346b048 .functor BUFZ 1, C4<z>; HiZ drive
v0x55782918df50_0 .net "CAPGD", 0 0, o0x7fa2c346b048;  0 drivers
o0x7fa2c346b078 .functor BUFZ 1, C4<z>; HiZ drive
v0x55782918e060_0 .net "CELG59462", 0 0, o0x7fa2c346b078;  0 drivers
o0x7fa2c346b0a8 .functor BUFZ 1, C4<z>; HiZ drive
v0x55782918e150_0 .net "CELSUB40948", 0 0, o0x7fa2c346b0a8;  0 drivers
o0x7fa2c346b0d8 .functor BUFZ 1, C4<z>; HiZ drive
v0x55782918e240_0 .net "CELV96848", 0 0, o0x7fa2c346b0d8;  0 drivers
o0x7fa2c346b498 .functor BUFZ 1, C4<z>; HiZ drive
v0x55782918e380_0 .net "GND", 0 0, o0x7fa2c346b498;  0 drivers
o0x7fa2c346b108 .functor BUFZ 1, C4<z>; HiZ drive
v0x55782918e420_0 .net "IP_0ed8354f", 0 0, o0x7fa2c346b108;  0 drivers
o0x7fa2c346b138 .functor BUFZ 1, C4<z>; HiZ drive
v0x55782918e510_0 .net "REF_CAPACITORGOOD", 0 0, o0x7fa2c346b138;  0 drivers
o0x7fa2c346b168 .functor BUFZ 1, C4<z>; HiZ drive
v0x55782918e600_0 .net "SIMPV", 0 0, o0x7fa2c346b168;  0 drivers
o0x7fa2c346b198 .functor BUFZ 1, C4<z>; HiZ drive
v0x55782918e730_0 .net "enable_capacitorgood", 0 0, o0x7fa2c346b198;  0 drivers
o0x7fa2c346b1c8 .functor BUFZ 1, C4<z>; HiZ drive
v0x55782918e820_0 .net "kelvin_GNDcapacitorgood", 0 0, o0x7fa2c346b1c8;  0 drivers
o0x7fa2c346b1f8 .functor BUFZ 1, C4<z>; HiZ drive
v0x55782918e910_0 .net "ok_capacitorgood", 0 0, o0x7fa2c346b1f8;  0 drivers
o0x7fa2c346b4c8 .functor BUFZ 1, C4<z>; HiZ drive
v0x55782918e9b0_0 .net "register_enable_capacitorgood_xd_enable_capacitorgood_32c14a0d", 0 0, o0x7fa2c346b4c8;  0 drivers
o0x7fa2c346b228 .functor BUFZ 1, C4<z>; HiZ drive
v0x55782918ea50_0 .net "status_chrg_status_xdatamap1_6aa5ac6c", 0 0, o0x7fa2c346b228;  0 drivers
S_0x5578291772d0 .scope module, "XCAPACITORGOODpuget1" "CAPACITORGOODpuget" 2 39, 2 2 0, S_0x55782913ff60;
 .timescale 0 0;
    .port_info 0 /INPUT 1 "CAPFB";
    .port_info 1 /INOUT 1 "CAPGD";
    .port_info 2 /INPUT 1 "SIMPV";
    .port_info 3 /INPUT 1 "CELG59462";
    .port_info 4 /INPUT 1 "CELV96848";
    .port_info 5 /INPUT 1 "CELSUB40948";
    .port_info 6 /INPUT 1 "IP_0ed8354f";
    .port_info 7 /OUTPUT 1 "ok_capacitorgood";
    .port_info 8 /INOUT 1 "REF_CAPACITORGOOD";
    .port_info 9 /INPUT 1 "enable_capacitorgood";
    .port_info 10 /INOUT 1 "kelvin_GNDcapacitorgood";
    .port_info 11 /OUTPUT 1 "status_chrg_status_xdatamap1_6aa5ac6c";
v0x55782913f4b0_0 .net "CAPFB", 0 0, o0x7fa2c346b018;  alias, 0 drivers
v0x5578291400f0_0 .net "CAPGD", 0 0, o0x7fa2c346b048;  alias, 0 drivers
v0x55782913fec0_0 .net "CELG59462", 0 0, o0x7fa2c346b078;  alias, 0 drivers
v0x55782918c820_0 .net "CELSUB40948", 0 0, o0x7fa2c346b0a8;  alias, 0 drivers
v0x55782918c8e0_0 .net "CELV96848", 0 0, o0x7fa2c346b0d8;  alias, 0 drivers
v0x55782918c9f0_0 .net "IP_0ed8354f", 0 0, o0x7fa2c346b108;  alias, 0 drivers
v0x55782918cab0_0 .net "REF_CAPACITORGOOD", 0 0, o0x7fa2c346b138;  alias, 0 drivers
v0x55782918cb70_0 .net "SIMPV", 0 0, o0x7fa2c346b168;  alias, 0 drivers
v0x55782918cc30_0 .net "enable_capacitorgood", 0 0, o0x7fa2c346b198;  alias, 0 drivers
v0x55782918cd80_0 .net "kelvin_GNDcapacitorgood", 0 0, o0x7fa2c346b1c8;  alias, 0 drivers
v0x55782918ce40_0 .net "ok_capacitorgood", 0 0, o0x7fa2c346b1f8;  alias, 0 drivers
v0x55782918cf00_0 .net "status_chrg_status_xdatamap1_6aa5ac6c", 0 0, o0x7fa2c346b228;  alias, 0 drivers
S_0x55782918d140 .scope module, "XFORCE_CAPACITORGOODpuget1" "FORCE_CAPACITORGOODpuget" 2 54, 2 17 0, S_0x55782913ff60;
 .timescale 0 0;
    .port_info 0 /OUTPUT 1 "GND";
    .port_info 1 /OUTPUT 1 "CAPFB";
    .port_info 2 /OUTPUT 1 "CAPGD";
    .port_info 3 /OUTPUT 1 "SIMPV";
    .port_info 4 /OUTPUT 1 "CELG59462";
    .port_info 5 /OUTPUT 1 "CELV96848";
    .port_info 6 /OUTPUT 1 "CELSUB40948";
    .port_info 7 /OUTPUT 1 "IP_0ed8354f";
    .port_info 8 /OUTPUT 1 "REF_CAPACITORGOOD";
    .port_info 9 /OUTPUT 1 "enable_capacitorgood";
    .port_info 10 /OUTPUT 1 "kelvin_GNDcapacitorgood";
    .port_info 11 /INPUT 1 "register_enable_capacitorgood_xd_enable_capacitorgood_32c14a0d";
v0x55782918d420_0 .net "CAPFB", 0 0, o0x7fa2c346b018;  alias, 0 drivers
v0x55782918d4c0_0 .net "CAPGD", 0 0, o0x7fa2c346b048;  alias, 0 drivers
v0x55782918d590_0 .net "CELG59462", 0 0, o0x7fa2c346b078;  alias, 0 drivers
v0x55782918d690_0 .net "CELSUB40948", 0 0, o0x7fa2c346b0a8;  alias, 0 drivers
v0x55782918d760_0 .net "CELV96848", 0 0, o0x7fa2c346b0d8;  alias, 0 drivers
v0x55782918d850_0 .net "GND", 0 0, o0x7fa2c346b498;  alias, 0 drivers
v0x55782918d8f0_0 .net "IP_0ed8354f", 0 0, o0x7fa2c346b108;  alias, 0 drivers
v0x55782918d9c0_0 .net "REF_CAPACITORGOOD", 0 0, o0x7fa2c346b138;  alias, 0 drivers
v0x55782918da90_0 .net "SIMPV", 0 0, o0x7fa2c346b168;  alias, 0 drivers
v0x55782918dbf0_0 .net "enable_capacitorgood", 0 0, o0x7fa2c346b198;  alias, 0 drivers
v0x55782918dcc0_0 .net "kelvin_GNDcapacitorgood", 0 0, o0x7fa2c346b1c8;  alias, 0 drivers
v0x55782918dd90_0 .net "register_enable_capacitorgood_xd_enable_capacitorgood_32c14a0d", 0 0, o0x7fa2c346b4c8;  alias, 0 drivers
# The file index is used to find the file name in the following table.
:file_names 3;
    "N/A";
    "<interactive>";
    "/celera/projects/Sunnyvale/software/CAPACITORGOODpuget/verilog10/sim_CAPACITORGOODpuget_ROW8.v";
