#! /usr/local/bin/vvp
:ivl_version "11.0 (stable)" "(v11_0)";
:ivl_delay_selection "TYPICAL";
:vpi_time_precision + 0;
:vpi_module "/usr/local/lib/ivl/system.vpi";
:vpi_module "/usr/local/lib/ivl/vhdl_sys.vpi";
:vpi_module "/usr/local/lib/ivl/vhdl_textio.vpi";
:vpi_module "/usr/local/lib/ivl/v2005_math.vpi";
:vpi_module "/usr/local/lib/ivl/va_math.vpi";
S_0x556f0d10ef60 .scope module, "GPIpuget" "GPIpuget" 2 48;
 .timescale 0 0;
    .port_info 0 /INPUT 1 "GPI";
    .port_info 1 /OUTPUT 1 "GPO";
    .port_info 2 /INPUT 1 "SIMPV";
    .port_info 3 /OUTPUT 1 "ok_gpi";
    .port_info 4 /INPUT 1 "CELG59462";
    .port_info 5 /INPUT 1 "CELV96848";
    .port_info 6 /INPUT 1 "enable_gpi";
    .port_info 7 /INPUT 1 "CELSUB40948";
    .port_info 8 /INPUT 1 "IP_GPIpuget1";
    .port_info 9 /INPUT 1 "enable_gpibuffer";
o0x7f993dc8c018 .functor BUFZ 1, C4<z>; HiZ drive
v0x556f0d160610_0 .net "CELG59462", 0 0, o0x7f993dc8c018;  0 drivers
o0x7f993dc8c048 .functor BUFZ 1, C4<z>; HiZ drive
v0x556f0d160700_0 .net "CELSUB40948", 0 0, o0x7f993dc8c048;  0 drivers
o0x7f993dc8c078 .functor BUFZ 1, C4<z>; HiZ drive
v0x556f0d160810_0 .net "CELV96848", 0 0, o0x7f993dc8c078;  0 drivers
o0x7f993dc8c588 .functor BUFZ 1, C4<z>; HiZ drive
v0x556f0d160900_0 .net "GPI", 0 0, o0x7f993dc8c588;  0 drivers
o0x7f993dc8c2e8 .functor BUFZ 1, C4<z>; HiZ drive
v0x556f0d1609a0_0 .net "GPO", 0 0, o0x7f993dc8c2e8;  0 drivers
o0x7f993dc8c0a8 .functor BUFZ 1, C4<z>; HiZ drive
v0x556f0d160ae0_0 .net "IP_4cb4e1e0_XU6", 0 0, o0x7f993dc8c0a8;  0 drivers
o0x7f993dc8c0d8 .functor BUFZ 1, C4<z>; HiZ drive
v0x556f0d160bd0_0 .net "IP_GPIpuget1", 0 0, o0x7f993dc8c0d8;  0 drivers
o0x7f993dc8c5b8 .functor BUFZ 1, C4<z>; HiZ drive
v0x556f0d160c70_0 .net "SIMPV", 0 0, o0x7f993dc8c5b8;  0 drivers
o0x7f993dc8c108 .functor BUFZ 1, C4<z>; HiZ drive
v0x556f0d160d10_0 .net "enable_gpi", 0 0, o0x7f993dc8c108;  0 drivers
o0x7f993dc8c348 .functor BUFZ 1, C4<z>; HiZ drive
v0x556f0d160e40_0 .net "enable_gpibuffer", 0 0, o0x7f993dc8c348;  0 drivers
o0x7f993dc8c378 .functor BUFZ 1, C4<z>; HiZ drive
v0x556f0d160ee0_0 .net "net_35", 0 0, o0x7f993dc8c378;  0 drivers
o0x7f993dc8c318 .functor BUFZ 1, C4<z>; HiZ drive
v0x556f0d160fd0_0 .net "net_36", 0 0, o0x7f993dc8c318;  0 drivers
o0x7f993dc8c3a8 .functor BUFZ 1, C4<z>; HiZ drive
v0x556f0d1610c0_0 .net "net_37", 0 0, o0x7f993dc8c3a8;  0 drivers
o0x7f993dc8c2b8 .functor BUFZ 1, C4<z>; HiZ drive
v0x556f0d1611b0_0 .net "net_38", 0 0, o0x7f993dc8c2b8;  0 drivers
o0x7f993dc8c138 .functor BUFZ 1, C4<z>; HiZ drive
v0x556f0d1612a0_0 .net "noconn", 0 0, o0x7f993dc8c138;  0 drivers
o0x7f993dc8c3d8 .functor BUFZ 1, C4<z>; HiZ drive
v0x556f0d161390_0 .net "ok_gpi", 0 0, o0x7f993dc8c3d8;  0 drivers
S_0x556f0d10ce50 .scope module, "XCurrentMirror1" "currentmirror_369e5658" 2 94, 2 37 0, S_0x556f0d10ef60;
 .timescale 0 0;
    .port_info 0 /INOUT 1 "I0";
    .port_info 1 /INPUT 1 "CELG";
    .port_info 2 /INPUT 1 "CELV";
    .port_info 3 /INPUT 1 "ISET";
    .port_info 4 /INPUT 1 "CELSUB";
    .port_info 5 /OUTPUT 1 "ok_currentmirror";
    .port_info 6 /INPUT 1 "enable_currentmirror";
v0x556f0d10e4b0_0 .net "CELG", 0 0, o0x7f993dc8c018;  alias, 0 drivers
v0x556f0d10f0f0_0 .net "CELSUB", 0 0, o0x7f993dc8c048;  alias, 0 drivers
v0x556f0d10eec0_0 .net "CELV", 0 0, o0x7f993dc8c078;  alias, 0 drivers
v0x556f0d15e710_0 .net "I0", 0 0, o0x7f993dc8c0a8;  alias, 0 drivers
v0x556f0d15e7d0_0 .net "ISET", 0 0, o0x7f993dc8c0d8;  alias, 0 drivers
v0x556f0d15e8e0_0 .net "enable_currentmirror", 0 0, o0x7f993dc8c108;  alias, 0 drivers
v0x556f0d15e9a0_0 .net "ok_currentmirror", 0 0, o0x7f993dc8c138;  alias, 0 drivers
S_0x556f0d15eb40 .scope module, "XDEBUG" "GPIpugetDEBUG" 2 64, 2 2 0, S_0x556f0d10ef60;
 .timescale 0 0;
    .port_info 0 /INPUT 1 "GPO";
    .port_info 1 /INPUT 1 "GPBUF";
    .port_info 2 /INPUT 1 "ok_gpi";
    .port_info 3 /INPUT 1 "enable_gpi";
    .port_info 4 /INPUT 1 "dft_startup";
    .port_info 5 /INPUT 1 "enable_gpibuffer";
    .port_info 6 /OUTPUT 1 "hijack_enable_gpi";
    .port_info 7 /OUTPUT 1 "hijack_enable_gpibuffer";
v0x556f0d15ee60_0 .net "GPBUF", 0 0, o0x7f993dc8c2b8;  alias, 0 drivers
v0x556f0d15ef20_0 .net "GPO", 0 0, o0x7f993dc8c2e8;  alias, 0 drivers
v0x556f0d15efe0_0 .net "dft_startup", 0 0, o0x7f993dc8c318;  alias, 0 drivers
v0x556f0d15f080_0 .net "enable_gpi", 0 0, o0x7f993dc8c108;  alias, 0 drivers
v0x556f0d15f150_0 .net "enable_gpibuffer", 0 0, o0x7f993dc8c348;  alias, 0 drivers
v0x556f0d15f240_0 .net "hijack_enable_gpi", 0 0, o0x7f993dc8c378;  alias, 0 drivers
v0x556f0d15f300_0 .net "hijack_enable_gpibuffer", 0 0, o0x7f993dc8c3a8;  alias, 0 drivers
v0x556f0d15f3c0_0 .net "ok_gpi", 0 0, o0x7f993dc8c3d8;  alias, 0 drivers
S_0x556f0d15f5d0 .scope module, "XMAIN" "GPIpugetMAIN" 2 75, 2 13 0, S_0x556f0d10ef60;
 .timescale 0 0;
    .port_info 0 /INPUT 1 "GPI";
    .port_info 1 /OUTPUT 1 "GPO";
    .port_info 2 /INOUT 1 "GPBUF";
    .port_info 3 /INPUT 1 "SIMPV";
    .port_info 4 /OUTPUT 1 "ok_gpi";
    .port_info 5 /INPUT 1 "CELG59462";
    .port_info 6 /INPUT 1 "CELV96848";
    .port_info 7 /INPUT 1 "enable_gpi";
    .port_info 8 /INPUT 1 "CELSUB40948";
    .port_info 9 /OUTPUT 1 "dft_startup";
    .port_info 10 /INPUT 1 "IP_4cb4e1e0_XU6";
    .port_info 11 /INPUT 1 "enable_gpibuffer";
v0x556f0d15f890_0 .net "CELG59462", 0 0, o0x7f993dc8c018;  alias, 0 drivers
v0x556f0d15f960_0 .net "CELSUB40948", 0 0, o0x7f993dc8c048;  alias, 0 drivers
v0x556f0d15fa30_0 .net "CELV96848", 0 0, o0x7f993dc8c078;  alias, 0 drivers
v0x556f0d15fb30_0 .net "GPBUF", 0 0, o0x7f993dc8c2b8;  alias, 0 drivers
v0x556f0d15fc00_0 .net "GPI", 0 0, o0x7f993dc8c588;  alias, 0 drivers
v0x556f0d15fcf0_0 .net "GPO", 0 0, o0x7f993dc8c2e8;  alias, 0 drivers
v0x556f0d15fd90_0 .net "IP_4cb4e1e0_XU6", 0 0, o0x7f993dc8c0a8;  alias, 0 drivers
v0x556f0d15fe60_0 .net "SIMPV", 0 0, o0x7f993dc8c5b8;  alias, 0 drivers
v0x556f0d15ff00_0 .net "dft_startup", 0 0, o0x7f993dc8c318;  alias, 0 drivers
v0x556f0d160060_0 .net "enable_gpi", 0 0, o0x7f993dc8c378;  alias, 0 drivers
v0x556f0d160130_0 .net "enable_gpibuffer", 0 0, o0x7f993dc8c3a8;  alias, 0 drivers
v0x556f0d160200_0 .net "ok_gpi", 0 0, o0x7f993dc8c3d8;  alias, 0 drivers
S_0x556f0d160330 .scope module, "XNCnoconn" "STONEnoconn" 2 90, 2 31 0, S_0x556f0d10ef60;
 .timescale 0 0;
    .port_info 0 /INPUT 1 "noconn";
v0x556f0d160500_0 .net "noconn", 0 0, o0x7f993dc8c138;  alias, 0 drivers
# The file index is used to find the file name in the following table.
:file_names 3;
    "N/A";
    "<interactive>";
    "/celera/projects/Sunnyvale/software/GPIpuget/verilog9/GPIpuget.v";
