#! /usr/local/bin/vvp
:ivl_version "11.0 (stable)" "(v11_0)";
:ivl_delay_selection "TYPICAL";
:vpi_time_precision + 0;
:vpi_module "/usr/local/lib/ivl/system.vpi";
:vpi_module "/usr/local/lib/ivl/vhdl_sys.vpi";
:vpi_module "/usr/local/lib/ivl/vhdl_textio.vpi";
:vpi_module "/usr/local/lib/ivl/v2005_math.vpi";
:vpi_module "/usr/local/lib/ivl/va_math.vpi";
S_0x5599a45e8f60 .scope module, "CAPcalculatorBALANCERalgorithm" "CAPcalculatorBALANCERalgorithm" 2 162;
 .timescale 0 0;
    .port_info 0 /INPUT 1 "porb";
    .port_info 1 /INPUT 1 "CELG59462";
    .port_info 2 /INPUT 1 "CELV96848";
    .port_info 3 /INPUT 1 "PORB97836";
    .port_info 4 /INPUT 1 "maximum_0";
    .port_info 5 /INPUT 1 "maximum_1";
    .port_info 6 /INPUT 1 "maximum_2";
    .port_info 7 /INPUT 1 "maximum_3";
    .port_info 8 /INPUT 1 "maximum_4";
    .port_info 9 /INPUT 1 "maximum_5";
    .port_info 10 /INPUT 1 "maximum_6";
    .port_info 11 /INPUT 1 "maximum_7";
    .port_info 12 /INPUT 1 "maximum_8";
    .port_info 13 /INPUT 1 "maximum_9";
    .port_info 14 /INPUT 1 "minimum_0";
    .port_info 15 /INPUT 1 "minimum_1";
    .port_info 16 /INPUT 1 "minimum_2";
    .port_info 17 /INPUT 1 "minimum_3";
    .port_info 18 /INPUT 1 "minimum_4";
    .port_info 19 /INPUT 1 "minimum_5";
    .port_info 20 /INPUT 1 "minimum_6";
    .port_info 21 /INPUT 1 "minimum_7";
    .port_info 22 /INPUT 1 "minimum_8";
    .port_info 23 /INPUT 1 "minimum_9";
    .port_info 24 /INPUT 1 "maximum_10";
    .port_info 25 /INPUT 1 "maximum_11";
    .port_info 26 /INPUT 1 "maximum_12";
    .port_info 27 /INPUT 1 "maximum_13";
    .port_info 28 /INPUT 1 "maximum_14";
    .port_info 29 /INPUT 1 "maximum_15";
    .port_info 30 /INPUT 1 "minimum_10";
    .port_info 31 /INPUT 1 "minimum_11";
    .port_info 32 /INPUT 1 "minimum_12";
    .port_info 33 /INPUT 1 "minimum_13";
    .port_info 34 /INPUT 1 "minimum_14";
    .port_info 35 /INPUT 1 "minimum_15";
    .port_info 36 /INPUT 1 "ok_maximum";
    .port_info 37 /INPUT 1 "ok_minimum";
    .port_info 38 /INPUT 1 "CELSUB40948";
    .port_info 39 /OUTPUT 1 "on_balancer";
    .port_info 40 /INPUT 1 "vbalancer_0";
    .port_info 41 /INPUT 1 "vbalancer_1";
    .port_info 42 /INPUT 1 "vbalancer_2";
    .port_info 43 /INPUT 1 "vbalancer_3";
    .port_info 44 /INPUT 1 "vbalancer_4";
    .port_info 45 /INPUT 1 "vbalancer_5";
    .port_info 46 /INPUT 1 "vbalancer_6";
    .port_info 47 /INPUT 1 "vbalancer_7";
    .port_info 48 /INPUT 1 "enable_balancer";
    .port_info 49 /INPUT 1 "clock_calculator";
    .port_info 50 /INPUT 1 "vbalancer_hyst_0";
    .port_info 51 /INPUT 1 "vbalancer_hyst_1";
    .port_info 52 /INPUT 1 "vbalancer_hyst_2";
    .port_info 53 /INPUT 1 "vbalancer_hyst_3";
    .port_info 54 /INPUT 1 "vbalancer_hyst_4";
    .port_info 55 /INPUT 1 "vbalancer_hyst_5";
    .port_info 56 /INPUT 1 "vbalancer_hyst_6";
    .port_info 57 /INPUT 1 "vbalancer_hyst_7";
    .port_info 58 /INPUT 1 "calculate_balancer";
    .port_info 59 /OUTPUT 1 "ok_balanceralgorithm";
    .port_info 60 /OUTPUT 1 "calculate_balancerminmax";
o0x7fa607f42618 .functor BUFZ 1, C4<z>; HiZ drive
v0x5599a46763a0_0 .net "CELG59462", 0 0, o0x7fa607f42618;  0 drivers
o0x7fa607f42678 .functor BUFZ 1, C4<z>; HiZ drive
v0x5599a4676460_0 .net "CELSUB40948", 0 0, o0x7fa607f42678;  0 drivers
o0x7fa607f42648 .functor BUFZ 1, C4<z>; HiZ drive
v0x5599a4676520_0 .net "CELV96848", 0 0, o0x7fa607f42648;  0 drivers
o0x7fa607f43008 .functor BUFZ 1, C4<z>; HiZ drive
v0x5599a46765c0_0 .net "PORB97836", 0 0, o0x7fa607f43008;  0 drivers
o0x7fa607f426a8 .functor BUFZ 1, C4<z>; HiZ drive
v0x5599a4676660_0 .net "calculate_balancer", 0 0, o0x7fa607f426a8;  0 drivers
o0x7fa607f426d8 .functor BUFZ 1, C4<z>; HiZ drive
v0x5599a4676700_0 .net "calculate_balancerminmax", 0 0, o0x7fa607f426d8;  0 drivers
o0x7fa607f42d38 .functor BUFZ 1, C4<z>; HiZ drive
v0x5599a46767a0_0 .net "clock_calculator", 0 0, o0x7fa607f42d38;  0 drivers
o0x7fa607f436c8 .functor BUFZ 1, C4<z>; HiZ drive
v0x5599a4676870_0 .net "enable_balancer", 0 0, o0x7fa607f436c8;  0 drivers
o0x7fa607f43ae8 .functor BUFZ 1, C4<z>; HiZ drive
v0x5599a4676940_0 .net "maximum_0", 0 0, o0x7fa607f43ae8;  0 drivers
o0x7fa607f43b18 .functor BUFZ 1, C4<z>; HiZ drive
v0x5599a4676a70_0 .net "maximum_1", 0 0, o0x7fa607f43b18;  0 drivers
o0x7fa607f43b48 .functor BUFZ 1, C4<z>; HiZ drive
v0x5599a4676b10_0 .net "maximum_10", 0 0, o0x7fa607f43b48;  0 drivers
o0x7fa607f43b78 .functor BUFZ 1, C4<z>; HiZ drive
v0x5599a4676bb0_0 .net "maximum_11", 0 0, o0x7fa607f43b78;  0 drivers
o0x7fa607f43ba8 .functor BUFZ 1, C4<z>; HiZ drive
v0x5599a4676c50_0 .net "maximum_12", 0 0, o0x7fa607f43ba8;  0 drivers
o0x7fa607f43bd8 .functor BUFZ 1, C4<z>; HiZ drive
v0x5599a4676cf0_0 .net "maximum_13", 0 0, o0x7fa607f43bd8;  0 drivers
o0x7fa607f43c08 .functor BUFZ 1, C4<z>; HiZ drive
v0x5599a4676db0_0 .net "maximum_14", 0 0, o0x7fa607f43c08;  0 drivers
o0x7fa607f43c38 .functor BUFZ 1, C4<z>; HiZ drive
v0x5599a4676e70_0 .net "maximum_15", 0 0, o0x7fa607f43c38;  0 drivers
o0x7fa607f43c68 .functor BUFZ 1, C4<z>; HiZ drive
v0x5599a4676f30_0 .net "maximum_2", 0 0, o0x7fa607f43c68;  0 drivers
o0x7fa607f43c98 .functor BUFZ 1, C4<z>; HiZ drive
v0x5599a4677100_0 .net "maximum_3", 0 0, o0x7fa607f43c98;  0 drivers
o0x7fa607f43cc8 .functor BUFZ 1, C4<z>; HiZ drive
v0x5599a46771c0_0 .net "maximum_4", 0 0, o0x7fa607f43cc8;  0 drivers
o0x7fa607f43cf8 .functor BUFZ 1, C4<z>; HiZ drive
v0x5599a4677280_0 .net "maximum_5", 0 0, o0x7fa607f43cf8;  0 drivers
o0x7fa607f43d28 .functor BUFZ 1, C4<z>; HiZ drive
v0x5599a4677340_0 .net "maximum_6", 0 0, o0x7fa607f43d28;  0 drivers
o0x7fa607f43d58 .functor BUFZ 1, C4<z>; HiZ drive
v0x5599a4677400_0 .net "maximum_7", 0 0, o0x7fa607f43d58;  0 drivers
o0x7fa607f43d88 .functor BUFZ 1, C4<z>; HiZ drive
v0x5599a46774c0_0 .net "maximum_8", 0 0, o0x7fa607f43d88;  0 drivers
o0x7fa607f43db8 .functor BUFZ 1, C4<z>; HiZ drive
v0x5599a4677580_0 .net "maximum_9", 0 0, o0x7fa607f43db8;  0 drivers
o0x7fa607f43de8 .functor BUFZ 1, C4<z>; HiZ drive
v0x5599a4677640_0 .net "minimum_0", 0 0, o0x7fa607f43de8;  0 drivers
o0x7fa607f43e18 .functor BUFZ 1, C4<z>; HiZ drive
v0x5599a4677700_0 .net "minimum_1", 0 0, o0x7fa607f43e18;  0 drivers
o0x7fa607f43e48 .functor BUFZ 1, C4<z>; HiZ drive
v0x5599a46777c0_0 .net "minimum_10", 0 0, o0x7fa607f43e48;  0 drivers
o0x7fa607f43e78 .functor BUFZ 1, C4<z>; HiZ drive
v0x5599a4677880_0 .net "minimum_11", 0 0, o0x7fa607f43e78;  0 drivers
o0x7fa607f43ea8 .functor BUFZ 1, C4<z>; HiZ drive
v0x5599a4677940_0 .net "minimum_12", 0 0, o0x7fa607f43ea8;  0 drivers
o0x7fa607f43ed8 .functor BUFZ 1, C4<z>; HiZ drive
v0x5599a4677a00_0 .net "minimum_13", 0 0, o0x7fa607f43ed8;  0 drivers
o0x7fa607f43f08 .functor BUFZ 1, C4<z>; HiZ drive
v0x5599a4677ac0_0 .net "minimum_14", 0 0, o0x7fa607f43f08;  0 drivers
o0x7fa607f43f38 .functor BUFZ 1, C4<z>; HiZ drive
v0x5599a4677b80_0 .net "minimum_15", 0 0, o0x7fa607f43f38;  0 drivers
o0x7fa607f43f68 .functor BUFZ 1, C4<z>; HiZ drive
v0x5599a4677c40_0 .net "minimum_2", 0 0, o0x7fa607f43f68;  0 drivers
o0x7fa607f43f98 .functor BUFZ 1, C4<z>; HiZ drive
v0x5599a4677f10_0 .net "minimum_3", 0 0, o0x7fa607f43f98;  0 drivers
o0x7fa607f43fc8 .functor BUFZ 1, C4<z>; HiZ drive
v0x5599a4677fd0_0 .net "minimum_4", 0 0, o0x7fa607f43fc8;  0 drivers
o0x7fa607f43ff8 .functor BUFZ 1, C4<z>; HiZ drive
v0x5599a4678090_0 .net "minimum_5", 0 0, o0x7fa607f43ff8;  0 drivers
o0x7fa607f44028 .functor BUFZ 1, C4<z>; HiZ drive
v0x5599a4678150_0 .net "minimum_6", 0 0, o0x7fa607f44028;  0 drivers
o0x7fa607f44058 .functor BUFZ 1, C4<z>; HiZ drive
v0x5599a4678210_0 .net "minimum_7", 0 0, o0x7fa607f44058;  0 drivers
o0x7fa607f44088 .functor BUFZ 1, C4<z>; HiZ drive
v0x5599a46782d0_0 .net "minimum_8", 0 0, o0x7fa607f44088;  0 drivers
o0x7fa607f440b8 .functor BUFZ 1, C4<z>; HiZ drive
v0x5599a4678390_0 .net "minimum_9", 0 0, o0x7fa607f440b8;  0 drivers
v0x5599a4678450_0 .net "net_159", 0 0, L_0x5599a467be60;  1 drivers
v0x5599a4678510_0 .net "net_160", 0 0, L_0x5599a467bdc0;  1 drivers
v0x5599a46785d0_0 .net "net_161", 0 0, L_0x5599a467bcb0;  1 drivers
v0x5599a4678690_0 .net "net_162", 0 0, L_0x5599a467bbe0;  1 drivers
v0x5599a4678750_0 .net "net_163", 0 0, L_0x5599a467ba50;  1 drivers
v0x5599a4678810_0 .net "net_164", 0 0, L_0x5599a467b9b0;  1 drivers
v0x5599a46788d0_0 .net "net_165", 0 0, L_0x5599a467b890;  1 drivers
v0x5599a4678990_0 .net "net_166", 0 0, L_0x5599a467b7c0;  1 drivers
v0x5599a4678a50_0 .net "net_175", 0 0, L_0x5599a467d760;  1 drivers
v0x5599a4678b20_0 .net "net_176", 0 0, L_0x5599a467d670;  1 drivers
v0x5599a4678bf0_0 .net "net_177", 0 0, L_0x5599a467d4b0;  1 drivers
v0x5599a4678cc0_0 .net "net_178", 0 0, L_0x5599a467d3c0;  1 drivers
v0x5599a4678d90_0 .net "net_179", 0 0, L_0x5599a467d210;  1 drivers
v0x5599a4678e60_0 .net "net_180", 0 0, L_0x5599a467ce90;  1 drivers
v0x5599a4678f30_0 .net "net_181", 0 0, L_0x5599a467d020;  1 drivers
v0x5599a4679000_0 .net "net_182", 0 0, L_0x5599a467cf30;  1 drivers
v0x5599a46790d0_0 .net "net_183", 0 0, L_0x5599a467cc90;  1 drivers
v0x5599a46791a0_0 .net "net_184", 0 0, L_0x5599a467cba0;  1 drivers
v0x5599a4679270_0 .net "net_185", 0 0, L_0x5599a467ca20;  1 drivers
v0x5599a4679340_0 .net "net_186", 0 0, L_0x5599a467c980;  1 drivers
v0x5599a4679410_0 .net "net_187", 0 0, L_0x5599a467c810;  1 drivers
v0x5599a46794e0_0 .net "net_188", 0 0, L_0x5599a467c720;  1 drivers
v0x5599a46795b0_0 .net "net_189", 0 0, L_0x5599a467c570;  1 drivers
v0x5599a4679680_0 .net "net_190", 0 0, L_0x5599a467c4d0;  1 drivers
o0x7fa607f428e8 .functor BUFZ 1, C4<z>; HiZ drive
v0x5599a4679750_0 .net "net_191", 0 0, o0x7fa607f428e8;  0 drivers
o0x7fa607f427f8 .functor BUFZ 1, C4<z>; HiZ drive
v0x5599a4679c30_0 .net "net_207", 0 0, o0x7fa607f427f8;  0 drivers
o0x7fa607f42bb8 .functor BUFZ 1, C4<z>; HiZ drive
v0x5599a4679cd0_0 .net "net_209", 0 0, o0x7fa607f42bb8;  0 drivers
o0x7fa607f43338 .functor BUFZ 1, C4<z>; HiZ drive
v0x5599a4679d70_0 .net "net_210", 0 0, o0x7fa607f43338;  0 drivers
o0x7fa607f431b8 .functor BUFZ 1, C4<z>; HiZ drive
v0x5599a4679e10_0 .net "net_211", 0 0, o0x7fa607f431b8;  0 drivers
o0x7fa607f42eb8 .functor BUFZ 1, C4<z>; HiZ drive
v0x5599a4679eb0_0 .net "net_212", 0 0, o0x7fa607f42eb8;  0 drivers
o0x7fa607f42d68 .functor BUFZ 1, C4<z>; HiZ drive
v0x5599a4679fa0_0 .net "net_213", 0 0, o0x7fa607f42d68;  0 drivers
o0x7fa607f42a08 .functor BUFZ 1, C4<z>; HiZ drive
v0x5599a467a040_0 .net "net_214", 0 0, o0x7fa607f42a08;  0 drivers
o0x7fa607f43188 .functor BUFZ 1, C4<z>; HiZ drive
v0x5599a467a0e0_0 .net "net_215", 0 0, o0x7fa607f43188;  0 drivers
o0x7fa607f42a38 .functor BUFZ 1, C4<z>; HiZ drive
v0x5599a467a1d0_0 .net "ok_balanceralgorithm", 0 0, o0x7fa607f42a38;  0 drivers
o0x7fa607f42b58 .functor BUFZ 1, C4<z>; HiZ drive
v0x5599a467a270_0 .net "ok_maximum", 0 0, o0x7fa607f42b58;  0 drivers
o0x7fa607f42b88 .functor BUFZ 1, C4<z>; HiZ drive
v0x5599a467a310_0 .net "ok_minimum", 0 0, o0x7fa607f42b88;  0 drivers
o0x7fa607f42ee8 .functor BUFZ 1, C4<z>; HiZ drive
v0x5599a467a3b0_0 .net "on_balancer", 0 0, o0x7fa607f42ee8;  0 drivers
o0x7fa607f434b8 .functor BUFZ 1, C4<z>; HiZ drive
v0x5599a467a450_0 .net "porb", 0 0, o0x7fa607f434b8;  0 drivers
o0x7fa607f44268 .functor BUFZ 1, C4<z>; HiZ drive
v0x5599a467a4f0_0 .net "vbalancer_0", 0 0, o0x7fa607f44268;  0 drivers
o0x7fa607f44298 .functor BUFZ 1, C4<z>; HiZ drive
v0x5599a467a590_0 .net "vbalancer_1", 0 0, o0x7fa607f44298;  0 drivers
o0x7fa607f442c8 .functor BUFZ 1, C4<z>; HiZ drive
v0x5599a467a630_0 .net "vbalancer_2", 0 0, o0x7fa607f442c8;  0 drivers
o0x7fa607f442f8 .functor BUFZ 1, C4<z>; HiZ drive
v0x5599a467a6d0_0 .net "vbalancer_3", 0 0, o0x7fa607f442f8;  0 drivers
o0x7fa607f44328 .functor BUFZ 1, C4<z>; HiZ drive
v0x5599a467a770_0 .net "vbalancer_4", 0 0, o0x7fa607f44328;  0 drivers
o0x7fa607f44358 .functor BUFZ 1, C4<z>; HiZ drive
v0x5599a467a810_0 .net "vbalancer_5", 0 0, o0x7fa607f44358;  0 drivers
o0x7fa607f44388 .functor BUFZ 1, C4<z>; HiZ drive
v0x5599a467a8b0_0 .net "vbalancer_6", 0 0, o0x7fa607f44388;  0 drivers
o0x7fa607f443b8 .functor BUFZ 1, C4<z>; HiZ drive
v0x5599a467a950_0 .net "vbalancer_7", 0 0, o0x7fa607f443b8;  0 drivers
o0x7fa607f443e8 .functor BUFZ 1, C4<z>; HiZ drive
v0x5599a467a9f0_0 .net "vbalancer_hyst_0", 0 0, o0x7fa607f443e8;  0 drivers
o0x7fa607f44418 .functor BUFZ 1, C4<z>; HiZ drive
v0x5599a467aa90_0 .net "vbalancer_hyst_1", 0 0, o0x7fa607f44418;  0 drivers
o0x7fa607f44448 .functor BUFZ 1, C4<z>; HiZ drive
v0x5599a467ab30_0 .net "vbalancer_hyst_2", 0 0, o0x7fa607f44448;  0 drivers
o0x7fa607f44478 .functor BUFZ 1, C4<z>; HiZ drive
v0x5599a467abd0_0 .net "vbalancer_hyst_3", 0 0, o0x7fa607f44478;  0 drivers
o0x7fa607f444a8 .functor BUFZ 1, C4<z>; HiZ drive
v0x5599a467ac70_0 .net "vbalancer_hyst_4", 0 0, o0x7fa607f444a8;  0 drivers
o0x7fa607f444d8 .functor BUFZ 1, C4<z>; HiZ drive
v0x5599a467ad10_0 .net "vbalancer_hyst_5", 0 0, o0x7fa607f444d8;  0 drivers
o0x7fa607f44508 .functor BUFZ 1, C4<z>; HiZ drive
v0x5599a467adb0_0 .net "vbalancer_hyst_6", 0 0, o0x7fa607f44508;  0 drivers
o0x7fa607f44538 .functor BUFZ 1, C4<z>; HiZ drive
v0x5599a467ae50_0 .net "vbalancer_hyst_7", 0 0, o0x7fa607f44538;  0 drivers
o0x7fa607f43698 .functor BUFZ 8, C4<zzzzzzzz>; HiZ drive
L_0x5599a467b7c0 .part o0x7fa607f43698, 7, 1;
L_0x5599a467b890 .part o0x7fa607f43698, 6, 1;
L_0x5599a467b9b0 .part o0x7fa607f43698, 5, 1;
L_0x5599a467ba50 .part o0x7fa607f43698, 4, 1;
L_0x5599a467bbe0 .part o0x7fa607f43698, 3, 1;
L_0x5599a467bcb0 .part o0x7fa607f43698, 2, 1;
L_0x5599a467bdc0 .part o0x7fa607f43698, 1, 1;
L_0x5599a467be60 .part o0x7fa607f43698, 0, 1;
LS_0x5599a467bf80_0_0 .concat [ 1 1 1 1], o0x7fa607f44268, o0x7fa607f44298, o0x7fa607f442c8, o0x7fa607f442f8;
LS_0x5599a467bf80_0_4 .concat [ 1 1 1 1], o0x7fa607f44328, o0x7fa607f44358, o0x7fa607f44388, o0x7fa607f443b8;
L_0x5599a467bf80 .concat [ 4 4 0 0], LS_0x5599a467bf80_0_0, LS_0x5599a467bf80_0_4;
LS_0x5599a467c1d0_0_0 .concat [ 1 1 1 1], o0x7fa607f443e8, o0x7fa607f44418, o0x7fa607f44448, o0x7fa607f44478;
LS_0x5599a467c1d0_0_4 .concat [ 1 1 1 1], o0x7fa607f444a8, o0x7fa607f444d8, o0x7fa607f44508, o0x7fa607f44538;
L_0x5599a467c1d0 .concat [ 4 4 0 0], LS_0x5599a467c1d0_0_0, LS_0x5599a467c1d0_0_4;
o0x7fa607f438d8 .functor BUFZ 16, C4<zzzzzzzzzzzzzzzz>; HiZ drive
L_0x5599a467c4d0 .part o0x7fa607f438d8, 15, 1;
L_0x5599a467c570 .part o0x7fa607f438d8, 14, 1;
L_0x5599a467c720 .part o0x7fa607f438d8, 13, 1;
L_0x5599a467c810 .part o0x7fa607f438d8, 12, 1;
L_0x5599a467c980 .part o0x7fa607f438d8, 11, 1;
L_0x5599a467ca20 .part o0x7fa607f438d8, 10, 1;
L_0x5599a467cba0 .part o0x7fa607f438d8, 9, 1;
L_0x5599a467cc90 .part o0x7fa607f438d8, 8, 1;
L_0x5599a467cf30 .part o0x7fa607f438d8, 7, 1;
L_0x5599a467d020 .part o0x7fa607f438d8, 6, 1;
L_0x5599a467ce90 .part o0x7fa607f438d8, 5, 1;
L_0x5599a467d210 .part o0x7fa607f438d8, 4, 1;
L_0x5599a467d3c0 .part o0x7fa607f438d8, 3, 1;
L_0x5599a467d4b0 .part o0x7fa607f438d8, 2, 1;
L_0x5599a467d670 .part o0x7fa607f438d8, 1, 1;
L_0x5599a467d760 .part o0x7fa607f438d8, 0, 1;
LS_0x5599a467d930_0_0 .concat [ 1 1 1 1], o0x7fa607f43ae8, o0x7fa607f43b18, o0x7fa607f43c68, o0x7fa607f43c98;
LS_0x5599a467d930_0_4 .concat [ 1 1 1 1], o0x7fa607f43cc8, o0x7fa607f43cf8, o0x7fa607f43d28, o0x7fa607f43d58;
LS_0x5599a467d930_0_8 .concat [ 1 1 1 1], o0x7fa607f43d88, o0x7fa607f43db8, o0x7fa607f43b48, o0x7fa607f43b78;
LS_0x5599a467d930_0_12 .concat [ 1 1 1 1], o0x7fa607f43ba8, o0x7fa607f43bd8, o0x7fa607f43c08, o0x7fa607f43c38;
L_0x5599a467d930 .concat [ 4 4 4 4], LS_0x5599a467d930_0_0, LS_0x5599a467d930_0_4, LS_0x5599a467d930_0_8, LS_0x5599a467d930_0_12;
LS_0x5599a467da00_0_0 .concat [ 1 1 1 1], L_0x5599a467be60, L_0x5599a467bdc0, L_0x5599a467bcb0, L_0x5599a467bbe0;
LS_0x5599a467da00_0_4 .concat [ 1 1 1 1], L_0x5599a467ba50, L_0x5599a467b9b0, L_0x5599a467b890, L_0x5599a467b7c0;
LS_0x5599a467da00_0_8 .concat [ 1 1 1 1], o0x7fa607f428e8, o0x7fa607f428e8, o0x7fa607f428e8, o0x7fa607f428e8;
LS_0x5599a467da00_0_12 .concat [ 1 1 1 1], o0x7fa607f428e8, o0x7fa607f428e8, o0x7fa607f428e8, o0x7fa607f428e8;
L_0x5599a467da00 .concat [ 4 4 4 4], LS_0x5599a467da00_0_0, LS_0x5599a467da00_0_4, LS_0x5599a467da00_0_8, LS_0x5599a467da00_0_12;
LS_0x5599a467df20_0_0 .concat [ 1 1 1 1], o0x7fa607f43de8, o0x7fa607f43e18, o0x7fa607f43f68, o0x7fa607f43f98;
LS_0x5599a467df20_0_4 .concat [ 1 1 1 1], o0x7fa607f43fc8, o0x7fa607f43ff8, o0x7fa607f44028, o0x7fa607f44058;
LS_0x5599a467df20_0_8 .concat [ 1 1 1 1], o0x7fa607f44088, o0x7fa607f440b8, o0x7fa607f43e48, o0x7fa607f43e78;
LS_0x5599a467df20_0_12 .concat [ 1 1 1 1], o0x7fa607f43ea8, o0x7fa607f43ed8, o0x7fa607f43f08, o0x7fa607f43f38;
L_0x5599a467df20 .concat [ 4 4 4 4], LS_0x5599a467df20_0_0, LS_0x5599a467df20_0_4, LS_0x5599a467df20_0_8, LS_0x5599a467df20_0_12;
S_0x5599a461aa90 .scope module, "XNC175" "STONEnoconn" 2 301, 2 77 0, S_0x5599a45e8f60;
 .timescale 0 0;
    .port_info 0 /INPUT 1 "noconn";
v0x5599a463aa10_0 .net "noconn", 0 0, L_0x5599a467d760;  alias, 1 drivers
S_0x5599a466cbe0 .scope module, "XNC176" "STONEnoconn" 2 305, 2 77 0, S_0x5599a45e8f60;
 .timescale 0 0;
    .port_info 0 /INPUT 1 "noconn";
v0x5599a46547d0_0 .net "noconn", 0 0, L_0x5599a467d670;  alias, 1 drivers
S_0x5599a466ce10 .scope module, "XNC177" "STONEnoconn" 2 309, 2 77 0, S_0x5599a45e8f60;
 .timescale 0 0;
    .port_info 0 /INPUT 1 "noconn";
v0x5599a46380c0_0 .net "noconn", 0 0, L_0x5599a467d4b0;  alias, 1 drivers
S_0x5599a466d020 .scope module, "XNC178" "STONEnoconn" 2 313, 2 77 0, S_0x5599a45e8f60;
 .timescale 0 0;
    .port_info 0 /INPUT 1 "noconn";
v0x5599a466d1d0_0 .net "noconn", 0 0, L_0x5599a467d3c0;  alias, 1 drivers
S_0x5599a466d2f0 .scope module, "XNC179" "STONEnoconn" 2 317, 2 77 0, S_0x5599a45e8f60;
 .timescale 0 0;
    .port_info 0 /INPUT 1 "noconn";
v0x5599a466d4a0_0 .net "noconn", 0 0, L_0x5599a467d210;  alias, 1 drivers
S_0x5599a466d5c0 .scope module, "XNC180" "STONEnoconn" 2 321, 2 77 0, S_0x5599a45e8f60;
 .timescale 0 0;
    .port_info 0 /INPUT 1 "noconn";
v0x5599a466d770_0 .net "noconn", 0 0, L_0x5599a467ce90;  alias, 1 drivers
S_0x5599a466d890 .scope module, "XNC181" "STONEnoconn" 2 325, 2 77 0, S_0x5599a45e8f60;
 .timescale 0 0;
    .port_info 0 /INPUT 1 "noconn";
v0x5599a466da90_0 .net "noconn", 0 0, L_0x5599a467d020;  alias, 1 drivers
S_0x5599a466dbb0 .scope module, "XNC182" "STONEnoconn" 2 329, 2 77 0, S_0x5599a45e8f60;
 .timescale 0 0;
    .port_info 0 /INPUT 1 "noconn";
v0x5599a466ddb0_0 .net "noconn", 0 0, L_0x5599a467cf30;  alias, 1 drivers
S_0x5599a466ded0 .scope module, "XNC183" "STONEnoconn" 2 333, 2 77 0, S_0x5599a45e8f60;
 .timescale 0 0;
    .port_info 0 /INPUT 1 "noconn";
v0x5599a466e0d0_0 .net "noconn", 0 0, L_0x5599a467cc90;  alias, 1 drivers
S_0x5599a466e1f0 .scope module, "XNC184" "STONEnoconn" 2 337, 2 77 0, S_0x5599a45e8f60;
 .timescale 0 0;
    .port_info 0 /INPUT 1 "noconn";
v0x5599a466e3a0_0 .net "noconn", 0 0, L_0x5599a467cba0;  alias, 1 drivers
S_0x5599a466e4c0 .scope module, "XNC185" "STONEnoconn" 2 341, 2 77 0, S_0x5599a45e8f60;
 .timescale 0 0;
    .port_info 0 /INPUT 1 "noconn";
v0x5599a466e6c0_0 .net "noconn", 0 0, L_0x5599a467ca20;  alias, 1 drivers
S_0x5599a466e7e0 .scope module, "XNC186" "STONEnoconn" 2 345, 2 77 0, S_0x5599a45e8f60;
 .timescale 0 0;
    .port_info 0 /INPUT 1 "noconn";
v0x5599a466e9e0_0 .net "noconn", 0 0, L_0x5599a467c980;  alias, 1 drivers
S_0x5599a466eb00 .scope module, "XNC187" "STONEnoconn" 2 349, 2 77 0, S_0x5599a45e8f60;
 .timescale 0 0;
    .port_info 0 /INPUT 1 "noconn";
v0x5599a466ed00_0 .net "noconn", 0 0, L_0x5599a467c810;  alias, 1 drivers
S_0x5599a466ee20 .scope module, "XNC188" "STONEnoconn" 2 353, 2 77 0, S_0x5599a45e8f60;
 .timescale 0 0;
    .port_info 0 /INPUT 1 "noconn";
v0x5599a466f020_0 .net "noconn", 0 0, L_0x5599a467c720;  alias, 1 drivers
S_0x5599a466f140 .scope module, "XNC189" "STONEnoconn" 2 357, 2 77 0, S_0x5599a45e8f60;
 .timescale 0 0;
    .port_info 0 /INPUT 1 "noconn";
v0x5599a466f340_0 .net "noconn", 0 0, L_0x5599a467c570;  alias, 1 drivers
S_0x5599a466f460 .scope module, "XNC190" "STONEnoconn" 2 361, 2 77 0, S_0x5599a45e8f60;
 .timescale 0 0;
    .port_info 0 /INPUT 1 "noconn";
v0x5599a466f660_0 .net "noconn", 0 0, L_0x5599a467c4d0;  alias, 1 drivers
S_0x5599a466f780 .scope module, "XU13" "dbuf_e926e395" 2 268, 2 24 0, S_0x5599a45e8f60;
 .timescale 0 0;
    .port_info 0 /INPUT 1 "CELV";
    .port_info 1 /INPUT 1 "CELG";
    .port_info 2 /INPUT 1 "i";
    .port_info 3 /OUTPUT 1 "o";
    .port_info 4 /INPUT 1 "SUB";
v0x5599a466f9e0_0 .net "CELG", 0 0, o0x7fa607f42618;  alias, 0 drivers
v0x5599a466faa0_0 .net "CELV", 0 0, o0x7fa607f42648;  alias, 0 drivers
v0x5599a466fb60_0 .net "SUB", 0 0, o0x7fa607f42678;  alias, 0 drivers
v0x5599a466fc00_0 .net "i", 0 0, o0x7fa607f426a8;  alias, 0 drivers
v0x5599a466fcc0_0 .net "o", 0 0, o0x7fa607f426d8;  alias, 0 drivers
S_0x5599a466fe70 .scope module, "XU14" "tie_ef1bc46b" 2 276, 2 37 0, S_0x5599a45e8f60;
 .timescale 0 0;
    .port_info 0 /INPUT 1 "CELV";
    .port_info 1 /INPUT 1 "CELG";
    .port_info 2 /OUTPUT 1 "a1";
    .port_info 3 /INPUT 1 "SUB";
v0x5599a46700c0_0 .net "CELG", 0 0, o0x7fa607f42618;  alias, 0 drivers
v0x5599a4670180_0 .net "CELV", 0 0, o0x7fa607f42648;  alias, 0 drivers
v0x5599a4670220_0 .net "SUB", 0 0, o0x7fa607f42678;  alias, 0 drivers
v0x5599a46702f0_0 .net "a1", 0 0, o0x7fa607f427f8;  alias, 0 drivers
S_0x5599a46703e0 .scope module, "XU15" "inv_12e192f5" 2 283, 2 49 0, S_0x5599a45e8f60;
 .timescale 0 0;
    .port_info 0 /INPUT 1 "CELV";
    .port_info 1 /INPUT 1 "CELG";
    .port_info 2 /INPUT 1 "i";
    .port_info 3 /OUTPUT 1 "o";
    .port_info 4 /INPUT 1 "SUB";
v0x5599a4670640_0 .net "CELG", 0 0, o0x7fa607f42618;  alias, 0 drivers
v0x5599a4670750_0 .net "CELV", 0 0, o0x7fa607f42648;  alias, 0 drivers
v0x5599a4670860_0 .net "SUB", 0 0, o0x7fa607f42678;  alias, 0 drivers
v0x5599a4670950_0 .net "i", 0 0, o0x7fa607f427f8;  alias, 0 drivers
v0x5599a46709f0_0 .net "o", 0 0, o0x7fa607f428e8;  alias, 0 drivers
S_0x5599a4670b40 .scope module, "XU2" "dbuf_e926e395" 2 252, 2 24 0, S_0x5599a45e8f60;
 .timescale 0 0;
    .port_info 0 /INPUT 1 "CELV";
    .port_info 1 /INPUT 1 "CELG";
    .port_info 2 /INPUT 1 "i";
    .port_info 3 /OUTPUT 1 "o";
    .port_info 4 /INPUT 1 "SUB";
v0x5599a4670da0_0 .net "CELG", 0 0, o0x7fa607f42618;  alias, 0 drivers
v0x5599a4670e60_0 .net "CELV", 0 0, o0x7fa607f42648;  alias, 0 drivers
v0x5599a4670f20_0 .net "SUB", 0 0, o0x7fa607f42678;  alias, 0 drivers
v0x5599a4670fc0_0 .net "i", 0 0, o0x7fa607f42a08;  alias, 0 drivers
v0x5599a4671060_0 .net "o", 0 0, o0x7fa607f42a38;  alias, 0 drivers
S_0x5599a46711f0 .scope module, "XU22" "VESPAasmINPUT2" 2 233, 2 2 0, S_0x5599a45e8f60;
 .timescale 0 0;
    .port_info 0 /OUTPUT 1 "o";
    .port_info 1 /INPUT 1 "i0";
    .port_info 2 /INPUT 1 "i1";
    .port_info 3 /INPUT 1 "Tstate";
    .port_info 4 /INPUT 1 "CELG59462";
    .port_info 5 /INPUT 1 "CELV96848";
    .port_info 6 /INPUT 1 "CELSUB40948";
v0x5599a4671480_0 .net "CELG59462", 0 0, o0x7fa607f42618;  alias, 0 drivers
v0x5599a4671540_0 .net "CELSUB40948", 0 0, o0x7fa607f42678;  alias, 0 drivers
v0x5599a4671690_0 .net "CELV96848", 0 0, o0x7fa607f42648;  alias, 0 drivers
v0x5599a46717c0_0 .net "Tstate", 0 0, o0x7fa607f426a8;  alias, 0 drivers
v0x5599a4671890_0 .net "i0", 0 0, o0x7fa607f42b58;  alias, 0 drivers
v0x5599a4671930_0 .net "i1", 0 0, o0x7fa607f42b88;  alias, 0 drivers
v0x5599a46719d0_0 .net "o", 0 0, o0x7fa607f42bb8;  alias, 0 drivers
S_0x5599a4671b50 .scope module, "XU5" "VESPAasmINPUT1" 2 243, 2 12 0, S_0x5599a45e8f60;
 .timescale 0 0;
    .port_info 0 /OUTPUT 1 "o";
    .port_info 1 /INPUT 1 "i0";
    .port_info 2 /INPUT 1 "Tstate";
    .port_info 3 /INPUT 1 "CELG59462";
    .port_info 4 /INPUT 1 "CELV96848";
    .port_info 5 /INPUT 1 "CELSUB40948";
v0x5599a4671d80_0 .net "CELG59462", 0 0, o0x7fa607f42618;  alias, 0 drivers
v0x5599a4671e40_0 .net "CELSUB40948", 0 0, o0x7fa607f42678;  alias, 0 drivers
v0x5599a4671f00_0 .net "CELV96848", 0 0, o0x7fa607f42648;  alias, 0 drivers
v0x5599a4671fa0_0 .net "Tstate", 0 0, o0x7fa607f42d38;  alias, 0 drivers
v0x5599a4672040_0 .net "i0", 0 0, o0x7fa607f426a8;  alias, 0 drivers
v0x5599a4672130_0 .net "o", 0 0, o0x7fa607f42d68;  alias, 0 drivers
S_0x5599a4672290 .scope module, "XU6" "dbuf_e926e395" 2 260, 2 24 0, S_0x5599a45e8f60;
 .timescale 0 0;
    .port_info 0 /INPUT 1 "CELV";
    .port_info 1 /INPUT 1 "CELG";
    .port_info 2 /INPUT 1 "i";
    .port_info 3 /OUTPUT 1 "o";
    .port_info 4 /INPUT 1 "SUB";
v0x5599a46724f0_0 .net "CELG", 0 0, o0x7fa607f42618;  alias, 0 drivers
v0x5599a46725b0_0 .net "CELV", 0 0, o0x7fa607f42648;  alias, 0 drivers
v0x5599a4672670_0 .net "SUB", 0 0, o0x7fa607f42678;  alias, 0 drivers
v0x5599a4672710_0 .net "i", 0 0, o0x7fa607f42eb8;  alias, 0 drivers
v0x5599a46727b0_0 .net "o", 0 0, o0x7fa607f42ee8;  alias, 0 drivers
S_0x5599a4672940 .scope module, "Xdelay1" "delayclock_13a7b9ef" 2 375, 2 100 0, S_0x5599a45e8f60;
 .timescale 0 0;
    .port_info 0 /INPUT 1 "in";
    .port_info 1 /INPUT 1 "CELV";
    .port_info 2 /OUTPUT 1 "out";
    .port_info 3 /INPUT 1 "clock";
    .port_info 4 /INPUT 1 "celeraporb";
    .port_info 5 /INPUT 1 "CELG";
    .port_info 6 /INPUT 1 "CELSUB";
v0x5599a4672bd0_0 .net "CELG", 0 0, o0x7fa607f42618;  alias, 0 drivers
v0x5599a4672c90_0 .net "CELSUB", 0 0, o0x7fa607f42678;  alias, 0 drivers
v0x5599a4672d50_0 .net "CELV", 0 0, o0x7fa607f42648;  alias, 0 drivers
v0x5599a4672df0_0 .net "celeraporb", 0 0, o0x7fa607f43008;  alias, 0 drivers
v0x5599a4672e90_0 .net "clock", 0 0, o0x7fa607f42d68;  alias, 0 drivers
v0x5599a4672f80_0 .net "in", 0 0, o0x7fa607f426a8;  alias, 0 drivers
v0x5599a4673020_0 .net "out", 0 0, o0x7fa607f42a08;  alias, 0 drivers
S_0x5599a4673170 .scope module, "Xdelay2" "delayclock_fa0ebf4c" 2 385, 2 115 0, S_0x5599a45e8f60;
 .timescale 0 0;
    .port_info 0 /INPUT 1 "in";
    .port_info 1 /INPUT 1 "CELV";
    .port_info 2 /OUTPUT 1 "out";
    .port_info 3 /INPUT 1 "clock";
    .port_info 4 /INPUT 1 "celeraporb";
    .port_info 5 /INPUT 1 "CELG";
    .port_info 6 /INPUT 1 "CELSUB";
v0x5599a4673400_0 .net "CELG", 0 0, o0x7fa607f42618;  alias, 0 drivers
v0x5599a46735d0_0 .net "CELSUB", 0 0, o0x7fa607f42678;  alias, 0 drivers
v0x5599a46737a0_0 .net "CELV", 0 0, o0x7fa607f42648;  alias, 0 drivers
v0x5599a4673980_0 .net "celeraporb", 0 0, o0x7fa607f43008;  alias, 0 drivers
v0x5599a4673a50_0 .net "clock", 0 0, o0x7fa607f42d68;  alias, 0 drivers
v0x5599a4673b90_0 .net "in", 0 0, o0x7fa607f43188;  alias, 0 drivers
v0x5599a4673c30_0 .net "out", 0 0, o0x7fa607f431b8;  alias, 0 drivers
S_0x5599a4673d90 .scope module, "Xdelay3" "delayclock_c08467e6" 2 395, 2 130 0, S_0x5599a45e8f60;
 .timescale 0 0;
    .port_info 0 /INPUT 1 "in";
    .port_info 1 /INPUT 1 "CELV";
    .port_info 2 /OUTPUT 1 "out";
    .port_info 3 /INPUT 1 "clock";
    .port_info 4 /INPUT 1 "celeraporb";
    .port_info 5 /INPUT 1 "CELG";
    .port_info 6 /INPUT 1 "CELSUB";
v0x5599a4674020_0 .net "CELG", 0 0, o0x7fa607f42618;  alias, 0 drivers
v0x5599a46740e0_0 .net "CELSUB", 0 0, o0x7fa607f42678;  alias, 0 drivers
v0x5599a46741a0_0 .net "CELV", 0 0, o0x7fa607f42648;  alias, 0 drivers
v0x5599a4674240_0 .net "celeraporb", 0 0, o0x7fa607f43008;  alias, 0 drivers
v0x5599a4674330_0 .net "clock", 0 0, o0x7fa607f42d68;  alias, 0 drivers
v0x5599a4674420_0 .net "in", 0 0, o0x7fa607f42bb8;  alias, 0 drivers
v0x5599a46744c0_0 .net "out", 0 0, o0x7fa607f43338;  alias, 0 drivers
S_0x5599a4674600 .scope module, "Xdff1" "dff_9c8a87f3" 2 291, 2 62 0, S_0x5599a45e8f60;
 .timescale 0 0;
    .port_info 0 /INPUT 1 "CELV";
    .port_info 1 /INPUT 1 "d";
    .port_info 2 /INPUT 1 "rb";
    .port_info 3 /INPUT 1 "ck";
    .port_info 4 /OUTPUT 1 "q";
    .port_info 5 /INPUT 1 "CELG";
    .port_info 6 /INPUT 1 "CELSUB";
v0x5599a4674890_0 .net "CELG", 0 0, o0x7fa607f42618;  alias, 0 drivers
v0x5599a4674950_0 .net "CELSUB", 0 0, o0x7fa607f42678;  alias, 0 drivers
v0x5599a4674a10_0 .net "CELV", 0 0, o0x7fa607f42648;  alias, 0 drivers
v0x5599a4674ab0_0 .net "ck", 0 0, o0x7fa607f43338;  alias, 0 drivers
v0x5599a4674b50_0 .net "d", 0 0, o0x7fa607f431b8;  alias, 0 drivers
v0x5599a4674c40_0 .net "q", 0 0, o0x7fa607f42eb8;  alias, 0 drivers
v0x5599a4674d10_0 .net "rb", 0 0, o0x7fa607f434b8;  alias, 0 drivers
S_0x5599a4674e50 .scope module, "Xdmux1" "dmux2b_ca21294d" 2 365, 2 86 0, S_0x5599a45e8f60;
 .timescale 0 0;
    .port_info 0 /INPUT 1 "CELV";
    .port_info 1 /INPUT 1 "CELG";
    .port_info 2 /OUTPUT 8 "o";
    .port_info 3 /INPUT 8 "a";
    .port_info 4 /INPUT 8 "b";
    .port_info 5 /INPUT 1 "s";
    .port_info 6 /INPUT 1 "CELSUB";
v0x5599a46750e0_0 .net "CELG", 0 0, o0x7fa607f42618;  alias, 0 drivers
v0x5599a46751a0_0 .net "CELSUB", 0 0, o0x7fa607f42678;  alias, 0 drivers
v0x5599a4675260_0 .net "CELV", 0 0, o0x7fa607f42648;  alias, 0 drivers
v0x5599a4675330_0 .net "a", 7 0, L_0x5599a467bf80;  1 drivers
v0x5599a46753d0_0 .net "b", 7 0, L_0x5599a467c1d0;  1 drivers
v0x5599a4675500_0 .net "o", 7 0, o0x7fa607f43698;  0 drivers
v0x5599a46755e0_0 .net "s", 0 0, o0x7fa607f436c8;  alias, 0 drivers
S_0x5599a46757c0 .scope module, "Xsubtractor1" "subtractor_7c48fb10" 2 405, 2 146 0, S_0x5599a45e8f60;
 .timescale 0 0;
    .port_info 0 /INPUT 1 "CELV";
    .port_info 1 /INPUT 1 "load";
    .port_info 2 /OUTPUT 16 "o";
    .port_info 3 /INPUT 16 "a";
    .port_info 4 /INPUT 16 "b";
    .port_info 5 /INPUT 1 "CELERAporb";
    .port_info 6 /INPUT 16 "d";
    .port_info 7 /OUTPUT 1 "over";
    .port_info 8 /INPUT 1 "CELG";
    .port_info 9 /INPUT 1 "CELSUB";
v0x5599a4675aa0_0 .net "CELERAporb", 0 0, o0x7fa607f43008;  alias, 0 drivers
v0x5599a4675b60_0 .net "CELG", 0 0, o0x7fa607f42618;  alias, 0 drivers
v0x5599a4675c20_0 .net "CELSUB", 0 0, o0x7fa607f42678;  alias, 0 drivers
v0x5599a4675cc0_0 .net "CELV", 0 0, o0x7fa607f42648;  alias, 0 drivers
v0x5599a4675d60_0 .net "a", 15 0, L_0x5599a467d930;  1 drivers
v0x5599a4675e50_0 .net "b", 15 0, L_0x5599a467da00;  1 drivers
v0x5599a4675f30_0 .net "d", 15 0, L_0x5599a467df20;  1 drivers
v0x5599a4676010_0 .net "load", 0 0, o0x7fa607f42bb8;  alias, 0 drivers
v0x5599a4676100_0 .net "o", 15 0, o0x7fa607f438d8;  0 drivers
v0x5599a46761e0_0 .net "over", 0 0, o0x7fa607f43188;  alias, 0 drivers
# The file index is used to find the file name in the following table.
:file_names 3;
    "N/A";
    "<interactive>";
    "/celera/projects/Sunnyvale/software/CAPcalculator/verilog10/CAPcalculatorBALANCERalgorithm.v";
