#! /usr/local/bin/vvp
:ivl_version "11.0 (stable)" "(v11_0)";
:ivl_delay_selection "TYPICAL";
:vpi_time_precision + 0;
:vpi_module "/usr/local/lib/ivl/system.vpi";
:vpi_module "/usr/local/lib/ivl/vhdl_sys.vpi";
:vpi_module "/usr/local/lib/ivl/vhdl_textio.vpi";
:vpi_module "/usr/local/lib/ivl/v2005_math.vpi";
:vpi_module "/usr/local/lib/ivl/va_math.vpi";
S_0x562961b7df60 .scope module, "LIMITERov" "LIMITERov" 2 111;
 .timescale 0 0;
    .port_info 0 /INPUT 1 "porb";
    .port_info 1 /INPUT 1 "data_0";
    .port_info 2 /INPUT 1 "data_1";
    .port_info 3 /INPUT 1 "data_2";
    .port_info 4 /INPUT 1 "data_3";
    .port_info 5 /INPUT 1 "data_4";
    .port_info 6 /INPUT 1 "data_5";
    .port_info 7 /INPUT 1 "data_6";
    .port_info 8 /INPUT 1 "data_7";
    .port_info 9 /INPUT 1 "data_8";
    .port_info 10 /INPUT 1 "data_9";
    .port_info 11 /INPUT 1 "enable";
    .port_info 12 /INPUT 1 "data_10";
    .port_info 13 /INPUT 1 "data_11";
    .port_info 14 /INPUT 1 "data_12";
    .port_info 15 /INPUT 1 "data_13";
    .port_info 16 /INPUT 1 "data_14";
    .port_info 17 /INPUT 1 "data_15";
    .port_info 18 /INPUT 1 "latched";
    .port_info 19 /INPUT 1 "mask_ov";
    .port_info 20 /INPUT 1 "clear_ov";
    .port_info 21 /INPUT 1 "CELG59462";
    .port_info 22 /INPUT 1 "CELV96848";
    .port_info 23 /OUTPUT 1 "fault_over";
    .port_info 24 /INPUT 1 "ov_limit_0";
    .port_info 25 /INPUT 1 "ov_limit_1";
    .port_info 26 /INPUT 1 "ov_limit_2";
    .port_info 27 /INPUT 1 "ov_limit_3";
    .port_info 28 /INPUT 1 "ov_limit_4";
    .port_info 29 /INPUT 1 "ov_limit_5";
    .port_info 30 /INPUT 1 "ov_limit_6";
    .port_info 31 /INPUT 1 "ov_limit_7";
    .port_info 32 /INPUT 1 "ov_limit_8";
    .port_info 33 /INPUT 1 "ov_limit_9";
    .port_info 34 /INPUT 1 "CELSUB40948";
    .port_info 35 /INPUT 1 "ov_limit_10";
    .port_info 36 /INPUT 1 "ov_limit_11";
    .port_info 37 /INPUT 1 "ov_limit_12";
    .port_info 38 /INPUT 1 "ov_limit_13";
    .port_info 39 /INPUT 1 "ov_limit_14";
    .port_info 40 /INPUT 1 "ov_limit_15";
o0x7fb1a8ca0018 .functor BUFZ 1, C4<z>; HiZ drive
v0x562961be5a80_0 .net "CELG59462", 0 0, o0x7fb1a8ca0018;  0 drivers
o0x7fb1a8ca0078 .functor BUFZ 1, C4<z>; HiZ drive
v0x562961be5b40_0 .net "CELSUB40948", 0 0, o0x7fb1a8ca0078;  0 drivers
o0x7fb1a8ca0048 .functor BUFZ 1, C4<z>; HiZ drive
v0x562961be5c00_0 .net "CELV96848", 0 0, o0x7fb1a8ca0048;  0 drivers
o0x7fb1a8ca00a8 .functor BUFZ 1, C4<z>; HiZ drive
v0x562961be5ca0_0 .net "clear_ov", 0 0, o0x7fb1a8ca00a8;  0 drivers
o0x7fb1a8ca0dc8 .functor BUFZ 1, C4<z>; HiZ drive
v0x562961be5d70_0 .net "data_0", 0 0, o0x7fb1a8ca0dc8;  0 drivers
o0x7fb1a8ca0df8 .functor BUFZ 1, C4<z>; HiZ drive
v0x562961be5e60_0 .net "data_1", 0 0, o0x7fb1a8ca0df8;  0 drivers
o0x7fb1a8ca0e28 .functor BUFZ 1, C4<z>; HiZ drive
v0x562961be5f00_0 .net "data_10", 0 0, o0x7fb1a8ca0e28;  0 drivers
o0x7fb1a8ca0e58 .functor BUFZ 1, C4<z>; HiZ drive
v0x562961be5fa0_0 .net "data_11", 0 0, o0x7fb1a8ca0e58;  0 drivers
o0x7fb1a8ca0e88 .functor BUFZ 1, C4<z>; HiZ drive
v0x562961be6060_0 .net "data_12", 0 0, o0x7fb1a8ca0e88;  0 drivers
o0x7fb1a8ca0eb8 .functor BUFZ 1, C4<z>; HiZ drive
v0x562961be6120_0 .net "data_13", 0 0, o0x7fb1a8ca0eb8;  0 drivers
o0x7fb1a8ca0ee8 .functor BUFZ 1, C4<z>; HiZ drive
v0x562961be61e0_0 .net "data_14", 0 0, o0x7fb1a8ca0ee8;  0 drivers
o0x7fb1a8ca0f18 .functor BUFZ 1, C4<z>; HiZ drive
v0x562961be62a0_0 .net "data_15", 0 0, o0x7fb1a8ca0f18;  0 drivers
o0x7fb1a8ca0f48 .functor BUFZ 1, C4<z>; HiZ drive
v0x562961be6360_0 .net "data_2", 0 0, o0x7fb1a8ca0f48;  0 drivers
o0x7fb1a8ca0f78 .functor BUFZ 1, C4<z>; HiZ drive
v0x562961be6420_0 .net "data_3", 0 0, o0x7fb1a8ca0f78;  0 drivers
o0x7fb1a8ca0fa8 .functor BUFZ 1, C4<z>; HiZ drive
v0x562961be64e0_0 .net "data_4", 0 0, o0x7fb1a8ca0fa8;  0 drivers
o0x7fb1a8ca0fd8 .functor BUFZ 1, C4<z>; HiZ drive
v0x562961be65a0_0 .net "data_5", 0 0, o0x7fb1a8ca0fd8;  0 drivers
o0x7fb1a8ca1008 .functor BUFZ 1, C4<z>; HiZ drive
v0x562961be6660_0 .net "data_6", 0 0, o0x7fb1a8ca1008;  0 drivers
o0x7fb1a8ca1038 .functor BUFZ 1, C4<z>; HiZ drive
v0x562961be6830_0 .net "data_7", 0 0, o0x7fb1a8ca1038;  0 drivers
o0x7fb1a8ca1068 .functor BUFZ 1, C4<z>; HiZ drive
v0x562961be68f0_0 .net "data_8", 0 0, o0x7fb1a8ca1068;  0 drivers
o0x7fb1a8ca1098 .functor BUFZ 1, C4<z>; HiZ drive
v0x562961be69b0_0 .net "data_9", 0 0, o0x7fb1a8ca1098;  0 drivers
o0x7fb1a8ca05e8 .functor BUFZ 1, C4<z>; HiZ drive
v0x562961be6a70_0 .net "enable", 0 0, o0x7fb1a8ca05e8;  0 drivers
o0x7fb1a8ca0c48 .functor BUFZ 1, C4<z>; HiZ drive
v0x562961be6b10_0 .net "fault_over", 0 0, o0x7fb1a8ca0c48;  0 drivers
o0x7fb1a8ca0c78 .functor BUFZ 1, C4<z>; HiZ drive
v0x562961be6bb0_0 .net "latched", 0 0, o0x7fb1a8ca0c78;  0 drivers
o0x7fb1a8ca0618 .functor BUFZ 1, C4<z>; HiZ drive
v0x562961be6c80_0 .net "mask_ov", 0 0, o0x7fb1a8ca0618;  0 drivers
o0x7fb1a8ca01f8 .functor BUFZ 1, C4<z>; HiZ drive
v0x562961be6d50_0 .net "net_44", 0 0, o0x7fb1a8ca01f8;  0 drivers
o0x7fb1a8ca0978 .functor BUFZ 1, C4<z>; HiZ drive
v0x562961be6df0_0 .net "net_77", 0 0, o0x7fb1a8ca0978;  0 drivers
o0x7fb1a8ca0a98 .functor BUFZ 1, C4<z>; HiZ drive
v0x562961be6ee0_0 .net "net_78", 0 0, o0x7fb1a8ca0a98;  0 drivers
o0x7fb1a8ca0468 .functor BUFZ 1, C4<z>; HiZ drive
v0x562961be6f80_0 .net "net_85", 0 0, o0x7fb1a8ca0468;  0 drivers
o0x7fb1a8ca0648 .functor BUFZ 1, C4<z>; HiZ drive
v0x562961be7070_0 .net "net_86", 0 0, o0x7fb1a8ca0648;  0 drivers
o0x7fb1a8ca07f8 .functor BUFZ 1, C4<z>; HiZ drive
v0x562961be7160_0 .net "net_87", 0 0, o0x7fb1a8ca07f8;  0 drivers
o0x7fb1a8ca00d8 .functor BUFZ 1, C4<z>; HiZ drive
v0x562961be7250_0 .net "net_88", 0 0, o0x7fb1a8ca00d8;  0 drivers
o0x7fb1a8ca0318 .functor BUFZ 1, C4<z>; HiZ drive
v0x562961be7340_0 .net "net_89", 0 0, o0x7fb1a8ca0318;  0 drivers
o0x7fb1a8ca10c8 .functor BUFZ 1, C4<z>; HiZ drive
v0x562961be7430_0 .net "ov_limit_0", 0 0, o0x7fb1a8ca10c8;  0 drivers
o0x7fb1a8ca10f8 .functor BUFZ 1, C4<z>; HiZ drive
v0x562961be76e0_0 .net "ov_limit_1", 0 0, o0x7fb1a8ca10f8;  0 drivers
o0x7fb1a8ca1128 .functor BUFZ 1, C4<z>; HiZ drive
v0x562961be7780_0 .net "ov_limit_10", 0 0, o0x7fb1a8ca1128;  0 drivers
o0x7fb1a8ca1158 .functor BUFZ 1, C4<z>; HiZ drive
v0x562961be7820_0 .net "ov_limit_11", 0 0, o0x7fb1a8ca1158;  0 drivers
o0x7fb1a8ca1188 .functor BUFZ 1, C4<z>; HiZ drive
v0x562961be78c0_0 .net "ov_limit_12", 0 0, o0x7fb1a8ca1188;  0 drivers
o0x7fb1a8ca11b8 .functor BUFZ 1, C4<z>; HiZ drive
v0x562961be7980_0 .net "ov_limit_13", 0 0, o0x7fb1a8ca11b8;  0 drivers
o0x7fb1a8ca11e8 .functor BUFZ 1, C4<z>; HiZ drive
v0x562961be7a40_0 .net "ov_limit_14", 0 0, o0x7fb1a8ca11e8;  0 drivers
o0x7fb1a8ca1218 .functor BUFZ 1, C4<z>; HiZ drive
v0x562961be7b00_0 .net "ov_limit_15", 0 0, o0x7fb1a8ca1218;  0 drivers
o0x7fb1a8ca1248 .functor BUFZ 1, C4<z>; HiZ drive
v0x562961be7bc0_0 .net "ov_limit_2", 0 0, o0x7fb1a8ca1248;  0 drivers
o0x7fb1a8ca1278 .functor BUFZ 1, C4<z>; HiZ drive
v0x562961be7c80_0 .net "ov_limit_3", 0 0, o0x7fb1a8ca1278;  0 drivers
o0x7fb1a8ca12a8 .functor BUFZ 1, C4<z>; HiZ drive
v0x562961be7d40_0 .net "ov_limit_4", 0 0, o0x7fb1a8ca12a8;  0 drivers
o0x7fb1a8ca12d8 .functor BUFZ 1, C4<z>; HiZ drive
v0x562961be7e00_0 .net "ov_limit_5", 0 0, o0x7fb1a8ca12d8;  0 drivers
o0x7fb1a8ca1308 .functor BUFZ 1, C4<z>; HiZ drive
v0x562961be7ec0_0 .net "ov_limit_6", 0 0, o0x7fb1a8ca1308;  0 drivers
o0x7fb1a8ca1338 .functor BUFZ 1, C4<z>; HiZ drive
v0x562961be7f80_0 .net "ov_limit_7", 0 0, o0x7fb1a8ca1338;  0 drivers
o0x7fb1a8ca1368 .functor BUFZ 1, C4<z>; HiZ drive
v0x562961be8040_0 .net "ov_limit_8", 0 0, o0x7fb1a8ca1368;  0 drivers
o0x7fb1a8ca1398 .functor BUFZ 1, C4<z>; HiZ drive
v0x562961be8100_0 .net "ov_limit_9", 0 0, o0x7fb1a8ca1398;  0 drivers
o0x7fb1a8ca07c8 .functor BUFZ 1, C4<z>; HiZ drive
v0x562961be81c0_0 .net "porb", 0 0, o0x7fb1a8ca07c8;  0 drivers
LS_0x562961be88b0_0_0 .concat [ 1 1 1 1], o0x7fb1a8ca0dc8, o0x7fb1a8ca0df8, o0x7fb1a8ca0f48, o0x7fb1a8ca0f78;
LS_0x562961be88b0_0_4 .concat [ 1 1 1 1], o0x7fb1a8ca0fa8, o0x7fb1a8ca0fd8, o0x7fb1a8ca1008, o0x7fb1a8ca1038;
LS_0x562961be88b0_0_8 .concat [ 1 1 1 1], o0x7fb1a8ca1068, o0x7fb1a8ca1098, o0x7fb1a8ca0e28, o0x7fb1a8ca0e58;
LS_0x562961be88b0_0_12 .concat [ 1 1 1 1], o0x7fb1a8ca0e88, o0x7fb1a8ca0eb8, o0x7fb1a8ca0ee8, o0x7fb1a8ca0f18;
L_0x562961be88b0 .concat [ 4 4 4 4], LS_0x562961be88b0_0_0, LS_0x562961be88b0_0_4, LS_0x562961be88b0_0_8, LS_0x562961be88b0_0_12;
LS_0x562961be8b90_0_0 .concat [ 1 1 1 1], o0x7fb1a8ca10c8, o0x7fb1a8ca10f8, o0x7fb1a8ca1248, o0x7fb1a8ca1278;
LS_0x562961be8b90_0_4 .concat [ 1 1 1 1], o0x7fb1a8ca12a8, o0x7fb1a8ca12d8, o0x7fb1a8ca1308, o0x7fb1a8ca1338;
LS_0x562961be8b90_0_8 .concat [ 1 1 1 1], o0x7fb1a8ca1368, o0x7fb1a8ca1398, o0x7fb1a8ca1128, o0x7fb1a8ca1158;
LS_0x562961be8b90_0_12 .concat [ 1 1 1 1], o0x7fb1a8ca1188, o0x7fb1a8ca11b8, o0x7fb1a8ca11e8, o0x7fb1a8ca1218;
L_0x562961be8b90 .concat [ 4 4 4 4], LS_0x562961be8b90_0_0, LS_0x562961be8b90_0_4, LS_0x562961be8b90_0_8, LS_0x562961be8b90_0_12;
S_0x562961bb5d10 .scope module, "XU13" "dbuf_e926e395" 2 190, 2 31 0, S_0x562961b7df60;
 .timescale 0 0;
    .port_info 0 /INPUT 1 "CELV";
    .port_info 1 /INPUT 1 "CELG";
    .port_info 2 /INPUT 1 "i";
    .port_info 3 /OUTPUT 1 "o";
    .port_info 4 /INPUT 1 "SUB";
v0x562961b7dec0_0 .net "CELG", 0 0, o0x7fb1a8ca0018;  alias, 0 drivers
v0x562961be1890_0 .net "CELV", 0 0, o0x7fb1a8ca0048;  alias, 0 drivers
v0x562961be1950_0 .net "SUB", 0 0, o0x7fb1a8ca0078;  alias, 0 drivers
v0x562961be19f0_0 .net "i", 0 0, o0x7fb1a8ca00a8;  alias, 0 drivers
v0x562961be1ab0_0 .net "o", 0 0, o0x7fb1a8ca00d8;  alias, 0 drivers
S_0x562961be1c10 .scope module, "XU14" "oneshot_13b6b269" 2 198, 2 44 0, S_0x562961b7df60;
 .timescale 0 0;
    .port_info 0 /INPUT 1 "CELV";
    .port_info 1 /INPUT 1 "CELG";
    .port_info 2 /INPUT 1 "i";
    .port_info 3 /OUTPUT 1 "o";
    .port_info 4 /INPUT 1 "SUB";
v0x562961be1e10_0 .net "CELG", 0 0, o0x7fb1a8ca0018;  alias, 0 drivers
v0x562961be1eb0_0 .net "CELV", 0 0, o0x7fb1a8ca0048;  alias, 0 drivers
v0x562961be1f50_0 .net "SUB", 0 0, o0x7fb1a8ca0078;  alias, 0 drivers
v0x562961be2020_0 .net "i", 0 0, o0x7fb1a8ca00d8;  alias, 0 drivers
v0x562961be20f0_0 .net "o", 0 0, o0x7fb1a8ca01f8;  alias, 0 drivers
S_0x562961be2200 .scope module, "XU15" "inv_12e192f5" 2 206, 2 57 0, S_0x562961b7df60;
 .timescale 0 0;
    .port_info 0 /INPUT 1 "CELV";
    .port_info 1 /INPUT 1 "CELG";
    .port_info 2 /INPUT 1 "i";
    .port_info 3 /OUTPUT 1 "o";
    .port_info 4 /INPUT 1 "SUB";
v0x562961be2410_0 .net "CELG", 0 0, o0x7fb1a8ca0018;  alias, 0 drivers
v0x562961be2500_0 .net "CELV", 0 0, o0x7fb1a8ca0048;  alias, 0 drivers
v0x562961be2610_0 .net "SUB", 0 0, o0x7fb1a8ca0078;  alias, 0 drivers
v0x562961be2700_0 .net "i", 0 0, o0x7fb1a8ca01f8;  alias, 0 drivers
v0x562961be27a0_0 .net "o", 0 0, o0x7fb1a8ca0318;  alias, 0 drivers
S_0x562961be28f0 .scope module, "XU2" "digitalcomparator_4a0dc4ca" 2 181, 2 16 0, S_0x562961b7df60;
 .timescale 0 0;
    .port_info 0 /INPUT 1 "CELV";
    .port_info 1 /INPUT 1 "SUB";
    .port_info 2 /INPUT 16 "x";
    .port_info 3 /INPUT 16 "y";
    .port_info 4 /OUTPUT 1 "xgty";
    .port_info 5 /INPUT 1 "CELG";
v0x562961be2b70_0 .net "CELG", 0 0, o0x7fb1a8ca0018;  alias, 0 drivers
v0x562961be2c30_0 .net "CELV", 0 0, o0x7fb1a8ca0048;  alias, 0 drivers
v0x562961be2cf0_0 .net "SUB", 0 0, o0x7fb1a8ca0078;  alias, 0 drivers
v0x562961be2d90_0 .net "x", 15 0, L_0x562961be88b0;  1 drivers
v0x562961be2e30_0 .net "xgty", 0 0, o0x7fb1a8ca0468;  alias, 0 drivers
v0x562961be2f40_0 .net "y", 15 0, L_0x562961be8b90;  1 drivers
S_0x562961be30e0 .scope module, "XU3" "VESPAasmINPUT2" 2 161, 2 2 0, S_0x562961b7df60;
 .timescale 0 0;
    .port_info 0 /OUTPUT 1 "o";
    .port_info 1 /INPUT 1 "i0";
    .port_info 2 /INPUT 1 "i1";
    .port_info 3 /INPUT 1 "Tstate";
    .port_info 4 /INPUT 1 "CELG59462";
    .port_info 5 /INPUT 1 "CELV96848";
    .port_info 6 /INPUT 1 "CELSUB40948";
v0x562961be33c0_0 .net "CELG59462", 0 0, o0x7fb1a8ca0018;  alias, 0 drivers
v0x562961be3480_0 .net "CELSUB40948", 0 0, o0x7fb1a8ca0078;  alias, 0 drivers
v0x562961be3540_0 .net "CELV96848", 0 0, o0x7fb1a8ca0048;  alias, 0 drivers
v0x562961be3670_0 .net "Tstate", 0 0, o0x7fb1a8ca05e8;  alias, 0 drivers
v0x562961be3710_0 .net "i0", 0 0, o0x7fb1a8ca0618;  alias, 0 drivers
v0x562961be37b0_0 .net "i1", 0 0, o0x7fb1a8ca0468;  alias, 0 drivers
v0x562961be3850_0 .net "o", 0 0, o0x7fb1a8ca0648;  alias, 0 drivers
S_0x562961be39d0 .scope module, "XU4" "VESPAasmINPUT2" 2 171, 2 2 0, S_0x562961b7df60;
 .timescale 0 0;
    .port_info 0 /OUTPUT 1 "o";
    .port_info 1 /INPUT 1 "i0";
    .port_info 2 /INPUT 1 "i1";
    .port_info 3 /INPUT 1 "Tstate";
    .port_info 4 /INPUT 1 "CELG59462";
    .port_info 5 /INPUT 1 "CELV96848";
    .port_info 6 /INPUT 1 "CELSUB40948";
v0x562961be3c10_0 .net "CELG59462", 0 0, o0x7fb1a8ca0018;  alias, 0 drivers
v0x562961be3cd0_0 .net "CELSUB40948", 0 0, o0x7fb1a8ca0078;  alias, 0 drivers
v0x562961be3d90_0 .net "CELV96848", 0 0, o0x7fb1a8ca0048;  alias, 0 drivers
v0x562961be3e30_0 .net "Tstate", 0 0, o0x7fb1a8ca05e8;  alias, 0 drivers
v0x562961be3ed0_0 .net "i0", 0 0, o0x7fb1a8ca07c8;  alias, 0 drivers
v0x562961be3f70_0 .net "i1", 0 0, o0x7fb1a8ca0318;  alias, 0 drivers
v0x562961be4010_0 .net "o", 0 0, o0x7fb1a8ca07f8;  alias, 0 drivers
S_0x562961be4150 .scope module, "Xdelay1" "delayfixed_0cee3f8f" 2 233, 2 99 0, S_0x562961b7df60;
 .timescale 0 0;
    .port_info 0 /INPUT 1 "CELV";
    .port_info 1 /INPUT 1 "i";
    .port_info 2 /OUTPUT 1 "o";
    .port_info 3 /INPUT 1 "CELG";
    .port_info 4 /INPUT 1 "CELSUB";
v0x562961be4360_0 .net "CELG", 0 0, o0x7fb1a8ca0018;  alias, 0 drivers
v0x562961be4420_0 .net "CELSUB", 0 0, o0x7fb1a8ca0078;  alias, 0 drivers
v0x562961be44e0_0 .net "CELV", 0 0, o0x7fb1a8ca0048;  alias, 0 drivers
v0x562961be45b0_0 .net "i", 0 0, o0x7fb1a8ca0648;  alias, 0 drivers
v0x562961be4680_0 .net "o", 0 0, o0x7fb1a8ca0978;  alias, 0 drivers
S_0x562961be47d0 .scope module, "Xdff2" "dff_9c8a87f3" 2 214, 2 70 0, S_0x562961b7df60;
 .timescale 0 0;
    .port_info 0 /INPUT 1 "CELV";
    .port_info 1 /INPUT 1 "d";
    .port_info 2 /INPUT 1 "rb";
    .port_info 3 /INPUT 1 "ck";
    .port_info 4 /OUTPUT 1 "q";
    .port_info 5 /INPUT 1 "CELG";
    .port_info 6 /INPUT 1 "CELSUB";
v0x562961be4a60_0 .net "CELG", 0 0, o0x7fb1a8ca0018;  alias, 0 drivers
v0x562961be4b20_0 .net "CELSUB", 0 0, o0x7fb1a8ca0078;  alias, 0 drivers
v0x562961be4be0_0 .net "CELV", 0 0, o0x7fb1a8ca0048;  alias, 0 drivers
v0x562961be4c80_0 .net "ck", 0 0, o0x7fb1a8ca0978;  alias, 0 drivers
v0x562961be4d50_0 .net "d", 0 0, o0x7fb1a8ca05e8;  alias, 0 drivers
v0x562961be4e90_0 .net "q", 0 0, o0x7fb1a8ca0a98;  alias, 0 drivers
v0x562961be4f30_0 .net "rb", 0 0, o0x7fb1a8ca07f8;  alias, 0 drivers
S_0x562961be5050 .scope module, "Xdmux1" "dmux2_fb8cd494" 2 224, 2 85 0, S_0x562961b7df60;
 .timescale 0 0;
    .port_info 0 /INPUT 1 "CELV";
    .port_info 1 /INPUT 1 "CELG";
    .port_info 2 /INPUT 2 "i";
    .port_info 3 /INPUT 1 "s";
    .port_info 4 /OUTPUT 1 "o";
    .port_info 5 /INPUT 1 "CELSUB";
v0x562961be5360_0 .net "CELG", 0 0, o0x7fb1a8ca0018;  alias, 0 drivers
v0x562961be5420_0 .net "CELSUB", 0 0, o0x7fb1a8ca0078;  alias, 0 drivers
v0x562961be55f0_0 .net "CELV", 0 0, o0x7fb1a8ca0048;  alias, 0 drivers
o0x7fb1a8ca0c18 .functor BUFZ 2, C4<zz>; HiZ drive
v0x562961be57a0_0 .net "i", 1 0, o0x7fb1a8ca0c18;  0 drivers
v0x562961be5840_0 .net "o", 0 0, o0x7fb1a8ca0c48;  alias, 0 drivers
v0x562961be5900_0 .net "s", 0 0, o0x7fb1a8ca0c78;  alias, 0 drivers
# The file index is used to find the file name in the following table.
:file_names 3;
    "N/A";
    "<interactive>";
    "/celera/projects/Sunnyvale/software/PUGET/verilog10/LIMITERov.v";
