#! /usr/local/bin/vvp
:ivl_version "11.0 (stable)" "(v11_0)";
:ivl_delay_selection "TYPICAL";
:vpi_time_precision + 0;
:vpi_module "/usr/local/lib/ivl/system.vpi";
:vpi_module "/usr/local/lib/ivl/vhdl_sys.vpi";
:vpi_module "/usr/local/lib/ivl/vhdl_textio.vpi";
:vpi_module "/usr/local/lib/ivl/v2005_math.vpi";
:vpi_module "/usr/local/lib/ivl/va_math.vpi";
S_0x556e82a3bf60 .scope module, "FORCE_SERVICEpuget" "FORCE_SERVICEpuget" 2 95;
 .timescale 0 0;
    .port_info 0 /OUTPUT 1 "IN";
    .port_info 1 /INOUT 1 "GND";
    .port_info 2 /INOUT 1 "INTVCC";
    .port_info 3 /INOUT 1 "VCC2P5";
    .port_info 4 /OUTPUT 1 "VOUTSN";
    .port_info 5 /OUTPUT 1 "CELG59462";
    .port_info 6 /OUTPUT 1 "CELV96848";
    .port_info 7 /OUTPUT 1 "PORB97836";
    .port_info 8 /OUTPUT 1 "kelvin_IN";
    .port_info 9 /OUTPUT 1 "GNDservice";
    .port_info 10 /OUTPUT 1 "CELSUB40948";
    .port_info 11 /OUTPUT 1 "IP_051b7bcb";
    .port_info 12 /OUTPUT 1 "IP_30a0e5c5";
    .port_info 13 /OUTPUT 1 "IP_86807c55";
    .port_info 14 /OUTPUT 1 "IP_87250ba9";
    .port_info 15 /OUTPUT 1 "IP_9219bb98";
    .port_info 16 /OUTPUT 1 "IP_92c9b3c9";
    .port_info 17 /OUTPUT 1 "IP_de226f75";
    .port_info 18 /OUTPUT 1 "kelvin_VCAP";
    .port_info 19 /OUTPUT 1 "kelvin_DRVCC";
    .port_info 20 /INOUT 1 "kelvin_INTVCC";
    .port_info 21 /INOUT 1 "kelvin_VCC2P5";
    .port_info 22 /OUTPUT 1 "kelvin_VOUTSN";
    .port_info 23 /OUTPUT 1 "kelvin_GNDservice";
o0x7f08c87bcf78 .functor BUFZ 1, C4<z>; HiZ drive
v0x556e82ab19e0_0 .net "CELG59462", 0 0, o0x7f08c87bcf78;  0 drivers
o0x7f08c87bd008 .functor BUFZ 1, C4<z>; HiZ drive
v0x556e82ab1ab0_0 .net "CELSUB40948", 0 0, o0x7f08c87bd008;  0 drivers
o0x7f08c87bd098 .functor BUFZ 1, C4<z>; HiZ drive
v0x556e82ab1b80_0 .net "CELV96848", 0 0, o0x7f08c87bd098;  0 drivers
o0x7f08c87bc018 .functor BUFZ 1, C4<z>; HiZ drive
v0x556e82ab1c50_0 .net "GND", 0 0, o0x7f08c87bc018;  0 drivers
o0x7f08c87bc4c8 .functor BUFZ 1, C4<z>; HiZ drive
v0x556e82ab1f00_0 .net "GNDservice", 0 0, o0x7f08c87bc4c8;  0 drivers
o0x7f08c87bc558 .functor BUFZ 1, C4<z>; HiZ drive
v0x556e82ab1ff0_0 .net "IN", 0 0, o0x7f08c87bc558;  0 drivers
o0x7f08c87bc048 .functor BUFZ 1, C4<z>; HiZ drive
v0x556e82ab20c0_0 .net "INTVCC", 0 0, o0x7f08c87bc048;  0 drivers
o0x7f08c87bd158 .functor BUFZ 1, C4<z>; HiZ drive
v0x556e82ab2160_0 .net "IP_051b7bcb", 0 0, o0x7f08c87bd158;  0 drivers
o0x7f08c87bd218 .functor BUFZ 1, C4<z>; HiZ drive
v0x556e82ab2230_0 .net "IP_30a0e5c5", 0 0, o0x7f08c87bd218;  0 drivers
o0x7f08c87bd2d8 .functor BUFZ 1, C4<z>; HiZ drive
v0x556e82ab2300_0 .net "IP_86807c55", 0 0, o0x7f08c87bd2d8;  0 drivers
o0x7f08c87bd398 .functor BUFZ 1, C4<z>; HiZ drive
v0x556e82ab23d0_0 .net "IP_87250ba9", 0 0, o0x7f08c87bd398;  0 drivers
o0x7f08c87bd458 .functor BUFZ 1, C4<z>; HiZ drive
v0x556e82ab24a0_0 .net "IP_9219bb98", 0 0, o0x7f08c87bd458;  0 drivers
o0x7f08c87bd518 .functor BUFZ 1, C4<z>; HiZ drive
v0x556e82ab2570_0 .net "IP_92c9b3c9", 0 0, o0x7f08c87bd518;  0 drivers
o0x7f08c87bd5d8 .functor BUFZ 1, C4<z>; HiZ drive
v0x556e82ab2640_0 .net "IP_de226f75", 0 0, o0x7f08c87bd5d8;  0 drivers
o0x7f08c87bd6c8 .functor BUFZ 1, C4<z>; HiZ drive
v0x556e82ab2710_0 .net "PORB97836", 0 0, o0x7f08c87bd6c8;  0 drivers
o0x7f08c87bc0d8 .functor BUFZ 1, C4<z>; HiZ drive
v0x556e82ab27e0_0 .net "VCC2P5", 0 0, o0x7f08c87bc0d8;  0 drivers
o0x7f08c87bc6d8 .functor BUFZ 1, C4<z>; HiZ drive
v0x556e82ab2880_0 .net "VOUTSN", 0 0, o0x7f08c87bc6d8;  0 drivers
o0x7f08c87bc798 .functor BUFZ 1, C4<z>; HiZ drive
v0x556e82ab2950_0 .net "kelvin_DRVCC", 0 0, o0x7f08c87bc798;  0 drivers
o0x7f08c87bc888 .functor BUFZ 1, C4<z>; HiZ drive
v0x556e82ab2a20_0 .net "kelvin_GNDservice", 0 0, o0x7f08c87bc888;  0 drivers
o0x7f08c87bc918 .functor BUFZ 1, C4<z>; HiZ drive
v0x556e82ab2af0_0 .net "kelvin_IN", 0 0, o0x7f08c87bc918;  0 drivers
o0x7f08c87bc378 .functor BUFZ 1, C4<z>; HiZ drive
v0x556e82ab2bc0_0 .net "kelvin_INTVCC", 0 0, o0x7f08c87bc378;  0 drivers
o0x7f08c87bca68 .functor BUFZ 1, C4<z>; HiZ drive
v0x556e82ab2c60_0 .net "kelvin_VCAP", 0 0, o0x7f08c87bca68;  0 drivers
o0x7f08c87bc2e8 .functor BUFZ 1, C4<z>; HiZ drive
v0x556e82ab2d00_0 .net "kelvin_VCC2P5", 0 0, o0x7f08c87bc2e8;  0 drivers
o0x7f08c87bcbb8 .functor BUFZ 1, C4<z>; HiZ drive
v0x556e82ab2df0_0 .net "kelvin_VOUTSN", 0 0, o0x7f08c87bcbb8;  0 drivers
o0x7f08c87bc168 .functor BUFZ 1, C4<z>; HiZ drive
v0x556e82ab2e90_0 .net "net_0", 0 0, o0x7f08c87bc168;  0 drivers
o0x7f08c87bca98 .functor BUFZ 1, C4<z>; HiZ drive
v0x556e82ab2f80_0 .net "net_106", 0 0, o0x7f08c87bca98;  0 drivers
o0x7f08c87bc498 .functor BUFZ 1, C4<z>; HiZ drive
v0x556e82ab3070_0 .net "net_107", 0 0, o0x7f08c87bc498;  0 drivers
o0x7f08c87bcbe8 .functor BUFZ 1, C4<z>; HiZ drive
v0x556e82ab3160_0 .net "net_108", 0 0, o0x7f08c87bcbe8;  0 drivers
o0x7f08c87bc708 .functor BUFZ 1, C4<z>; HiZ drive
v0x556e82ab3250_0 .net "net_109", 0 0, o0x7f08c87bc708;  0 drivers
o0x7f08c87bcb28 .functor BUFZ 1, C4<z>; HiZ drive
v0x556e82ab3340_0 .net "net_110", 0 0, o0x7f08c87bcb28;  0 drivers
o0x7f08c87bc9d8 .functor BUFZ 1, C4<z>; HiZ drive
v0x556e82ab33e0_0 .net "net_111", 0 0, o0x7f08c87bc9d8;  0 drivers
o0x7f08c87bc588 .functor BUFZ 1, C4<z>; HiZ drive
v0x556e82ab3480_0 .net "net_112", 0 0, o0x7f08c87bc588;  0 drivers
o0x7f08c87bc858 .functor BUFZ 1, C4<z>; HiZ drive
v0x556e82ab3570_0 .net "net_113", 0 0, o0x7f08c87bc858;  0 drivers
o0x7f08c87bc7c8 .functor BUFZ 1, C4<z>; HiZ drive
v0x556e82ab3870_0 .net "net_114", 0 0, o0x7f08c87bc7c8;  0 drivers
o0x7f08c87bc948 .functor BUFZ 1, C4<z>; HiZ drive
v0x556e82ab3960_0 .net "net_115", 0 0, o0x7f08c87bc948;  0 drivers
o0x7f08c87bc1c8 .functor BUFZ 1, C4<z>; HiZ drive
v0x556e82ab3a00_0 .net "net_116", 0 0, o0x7f08c87bc1c8;  0 drivers
o0x7f08c87bc258 .functor BUFZ 1, C4<z>; HiZ drive
v0x556e82ab3af0_0 .net "net_117", 0 0, o0x7f08c87bc258;  0 drivers
o0x7f08c87bc408 .functor BUFZ 1, C4<z>; HiZ drive
v0x556e82ab3be0_0 .net "net_118", 0 0, o0x7f08c87bc408;  0 drivers
o0x7f08c87bd128 .functor BUFZ 1, C4<z>; HiZ drive
v0x556e82ab3cd0_0 .net "noconn_IN", 0 0, o0x7f08c87bd128;  0 drivers
S_0x556e82a78960 .scope module, "C5" "cap_1u" 2 129, 2 11 0, S_0x556e82a3bf60;
 .timescale 0 0;
    .port_info 0 /INOUT 1 "PLUS";
    .port_info 1 /INOUT 1 "MINUS";
v0x556e82a3b4b0_0 .net "MINUS", 0 0, o0x7f08c87bc018;  alias, 0 drivers
v0x556e82a3c0f0_0 .net "PLUS", 0 0, o0x7f08c87bc048;  alias, 0 drivers
S_0x556e82aa76f0 .scope module, "C6" "cap_100n" 2 134, 2 16 0, S_0x556e82a3bf60;
 .timescale 0 0;
    .port_info 0 /INOUT 1 "PLUS";
    .port_info 1 /INOUT 1 "MINUS";
v0x556e82a3bec0_0 .net "MINUS", 0 0, o0x7f08c87bc018;  alias, 0 drivers
v0x556e82aa78f0_0 .net "PLUS", 0 0, o0x7f08c87bc0d8;  alias, 0 drivers
S_0x556e82aa79f0 .scope module, "G1" "alibgnd" 2 326, 2 90 0, S_0x556e82a3bf60;
 .timescale 0 0;
    .port_info 0 /INPUT 1 "GND";
v0x556e82aa7c00_0 .net "GND", 0 0, o0x7f08c87bc168;  alias, 0 drivers
S_0x556e82aa7d20 .scope module, "I_INTVCCx" "ipwl_0x0_10d998ux0_11d0ux1d0n" 2 189, 2 58 0, S_0x556e82a3bf60;
 .timescale 0 0;
    .port_info 0 /OUTPUT 1 "PLUS";
    .port_info 1 /OUTPUT 1 "MINUS";
v0x556e82aa7f00_0 .net "MINUS", 0 0, o0x7f08c87bc018;  alias, 0 drivers
v0x556e82aa8010_0 .net "PLUS", 0 0, o0x7f08c87bc1c8;  alias, 0 drivers
S_0x556e82aa8130 .scope module, "I_VCC2P5x" "ipwl_0x0_10d998ux0_11d0ux1d0n" 2 194, 2 58 0, S_0x556e82a3bf60;
 .timescale 0 0;
    .port_info 0 /OUTPUT 1 "PLUS";
    .port_info 1 /OUTPUT 1 "MINUS";
v0x556e82aa8360_0 .net "MINUS", 0 0, o0x7f08c87bc018;  alias, 0 drivers
v0x556e82aa8420_0 .net "PLUS", 0 0, o0x7f08c87bc258;  alias, 0 drivers
S_0x556e82aa8540 .scope module, "R3" "res_1" 2 139, 2 21 0, S_0x556e82a3bf60;
 .timescale 0 0;
    .port_info 0 /INOUT 1 "PLUS";
    .port_info 1 /INOUT 1 "MINUS";
v0x556e82aa8720_0 .net "MINUS", 0 0, o0x7f08c87bc0d8;  alias, 0 drivers
v0x556e82aa87e0_0 .net "PLUS", 0 0, o0x7f08c87bc2e8;  alias, 0 drivers
S_0x556e82aa88e0 .scope module, "R4" "res_1" 2 144, 2 21 0, S_0x556e82a3bf60;
 .timescale 0 0;
    .port_info 0 /INOUT 1 "PLUS";
    .port_info 1 /INOUT 1 "MINUS";
v0x556e82aa8ac0_0 .net "MINUS", 0 0, o0x7f08c87bc048;  alias, 0 drivers
v0x556e82aa8b80_0 .net "PLUS", 0 0, o0x7f08c87bc378;  alias, 0 drivers
S_0x556e82aa8c80 .scope module, "VI__GND" "vdc_0" 2 179, 2 47 0, S_0x556e82a3bf60;
 .timescale 0 0;
    .port_info 0 /OUTPUT 1 "PLUS";
    .port_info 1 /OUTPUT 1 "MINUS";
v0x556e82aa8ea0_0 .net "MINUS", 0 0, o0x7f08c87bc408;  alias, 0 drivers
v0x556e82aa8f80_0 .net "PLUS", 0 0, o0x7f08c87bc018;  alias, 0 drivers
S_0x556e82aa9080 .scope module, "VI__GNDservice" "vdc_0" 2 271, 2 47 0, S_0x556e82a3bf60;
 .timescale 0 0;
    .port_info 0 /OUTPUT 1 "PLUS";
    .port_info 1 /OUTPUT 1 "MINUS";
v0x556e82aa9250_0 .net "MINUS", 0 0, o0x7f08c87bc498;  alias, 0 drivers
v0x556e82aa9330_0 .net "PLUS", 0 0, o0x7f08c87bc4c8;  alias, 0 drivers
S_0x556e82aa9450 .scope module, "VI__IN" "vdc_0" 2 169, 2 47 0, S_0x556e82a3bf60;
 .timescale 0 0;
    .port_info 0 /OUTPUT 1 "PLUS";
    .port_info 1 /OUTPUT 1 "MINUS";
v0x556e82aa9620_0 .net "MINUS", 0 0, o0x7f08c87bc558;  alias, 0 drivers
v0x556e82aa9700_0 .net "PLUS", 0 0, o0x7f08c87bc588;  alias, 0 drivers
S_0x556e82aa9820 .scope module, "VI__INTVCC" "vdc_0" 2 204, 2 47 0, S_0x556e82a3bf60;
 .timescale 0 0;
    .port_info 0 /OUTPUT 1 "PLUS";
    .port_info 1 /OUTPUT 1 "MINUS";
v0x556e82aa9a40_0 .net "MINUS", 0 0, o0x7f08c87bc048;  alias, 0 drivers
v0x556e82aa9b50_0 .net "PLUS", 0 0, o0x7f08c87bc1c8;  alias, 0 drivers
S_0x556e82aa9c30 .scope module, "VI__VCC2P5" "vdc_0" 2 209, 2 47 0, S_0x556e82a3bf60;
 .timescale 0 0;
    .port_info 0 /OUTPUT 1 "PLUS";
    .port_info 1 /OUTPUT 1 "MINUS";
v0x556e82aa9e50_0 .net "MINUS", 0 0, o0x7f08c87bc0d8;  alias, 0 drivers
v0x556e82aa9f60_0 .net "PLUS", 0 0, o0x7f08c87bc258;  alias, 0 drivers
S_0x556e82aaa040 .scope module, "VI__VOUTSN" "vdc_0" 2 214, 2 47 0, S_0x556e82a3bf60;
 .timescale 0 0;
    .port_info 0 /OUTPUT 1 "PLUS";
    .port_info 1 /OUTPUT 1 "MINUS";
v0x556e82aaa260_0 .net "MINUS", 0 0, o0x7f08c87bc6d8;  alias, 0 drivers
v0x556e82aaa340_0 .net "PLUS", 0 0, o0x7f08c87bc708;  alias, 0 drivers
S_0x556e82aaa460 .scope module, "VI__kelvin_DRVCC" "vdc_0" 2 291, 2 47 0, S_0x556e82a3bf60;
 .timescale 0 0;
    .port_info 0 /OUTPUT 1 "PLUS";
    .port_info 1 /OUTPUT 1 "MINUS";
v0x556e82aaa680_0 .net "MINUS", 0 0, o0x7f08c87bc798;  alias, 0 drivers
v0x556e82aaa760_0 .net "PLUS", 0 0, o0x7f08c87bc7c8;  alias, 0 drivers
S_0x556e82aaa880 .scope module, "VI__kelvin_GNDservice" "vdc_0" 2 321, 2 47 0, S_0x556e82a3bf60;
 .timescale 0 0;
    .port_info 0 /OUTPUT 1 "PLUS";
    .port_info 1 /OUTPUT 1 "MINUS";
v0x556e82aaaaa0_0 .net "MINUS", 0 0, o0x7f08c87bc858;  alias, 0 drivers
v0x556e82aaab80_0 .net "PLUS", 0 0, o0x7f08c87bc888;  alias, 0 drivers
S_0x556e82aaaca0 .scope module, "VI__kelvin_IN" "vdc_0" 2 261, 2 47 0, S_0x556e82a3bf60;
 .timescale 0 0;
    .port_info 0 /OUTPUT 1 "PLUS";
    .port_info 1 /OUTPUT 1 "MINUS";
v0x556e82aaaec0_0 .net "MINUS", 0 0, o0x7f08c87bc918;  alias, 0 drivers
v0x556e82aaafa0_0 .net "PLUS", 0 0, o0x7f08c87bc948;  alias, 0 drivers
S_0x556e82aab0c0 .scope module, "VI__kelvin_INTVCC" "vdc_0" 2 301, 2 47 0, S_0x556e82a3bf60;
 .timescale 0 0;
    .port_info 0 /OUTPUT 1 "PLUS";
    .port_info 1 /OUTPUT 1 "MINUS";
v0x556e82aab3f0_0 .net "MINUS", 0 0, o0x7f08c87bc378;  alias, 0 drivers
v0x556e82aab4e0_0 .net "PLUS", 0 0, o0x7f08c87bc9d8;  alias, 0 drivers
S_0x556e82aab5e0 .scope module, "VI__kelvin_VCAP" "vdc_0" 2 281, 2 47 0, S_0x556e82a3bf60;
 .timescale 0 0;
    .port_info 0 /OUTPUT 1 "PLUS";
    .port_info 1 /OUTPUT 1 "MINUS";
v0x556e82aab800_0 .net "MINUS", 0 0, o0x7f08c87bca68;  alias, 0 drivers
v0x556e82aab8e0_0 .net "PLUS", 0 0, o0x7f08c87bca98;  alias, 0 drivers
S_0x556e82aaba00 .scope module, "VI__kelvin_VCC2P5" "vdc_0" 2 306, 2 47 0, S_0x556e82a3bf60;
 .timescale 0 0;
    .port_info 0 /OUTPUT 1 "PLUS";
    .port_info 1 /OUTPUT 1 "MINUS";
v0x556e82aabc20_0 .net "MINUS", 0 0, o0x7f08c87bc2e8;  alias, 0 drivers
v0x556e82aabd10_0 .net "PLUS", 0 0, o0x7f08c87bcb28;  alias, 0 drivers
S_0x556e82aabe10 .scope module, "VI__kelvin_VOUTSN" "vdc_0" 2 311, 2 47 0, S_0x556e82a3bf60;
 .timescale 0 0;
    .port_info 0 /OUTPUT 1 "PLUS";
    .port_info 1 /OUTPUT 1 "MINUS";
v0x556e82aac030_0 .net "MINUS", 0 0, o0x7f08c87bcbb8;  alias, 0 drivers
v0x556e82aac110_0 .net "PLUS", 0 0, o0x7f08c87bcbe8;  alias, 0 drivers
S_0x556e82aac230 .scope module, "V_GNDservicex" "vpwl_0x0_10d998ux0_11d0ux0" 2 266, 2 64 0, S_0x556e82a3bf60;
 .timescale 0 0;
    .port_info 0 /OUTPUT 1 "PLUS";
    .port_info 1 /OUTPUT 1 "MINUS";
v0x556e82aac450_0 .net "MINUS", 0 0, o0x7f08c87bc018;  alias, 0 drivers
v0x556e82aac510_0 .net "PLUS", 0 0, o0x7f08c87bc498;  alias, 0 drivers
S_0x556e82aac620 .scope module, "V_GNDx" "vpwl_0x0_10ux0_11ux0" 2 174, 2 53 0, S_0x556e82a3bf60;
 .timescale 0 0;
    .port_info 0 /OUTPUT 1 "PLUS";
    .port_info 1 /OUTPUT 1 "MINUS";
v0x556e82aac840_0 .net "MINUS", 0 0, o0x7f08c87bc168;  alias, 0 drivers
v0x556e82aac930_0 .net "PLUS", 0 0, o0x7f08c87bc408;  alias, 0 drivers
S_0x556e82aaca20 .scope module, "V_INx" "vpwl_0x0_10d998ux0_11d0ux12" 2 149, 2 26 0, S_0x556e82a3bf60;
 .timescale 0 0;
    .port_info 0 /OUTPUT 1 "PLUS";
    .port_info 1 /OUTPUT 1 "MINUS";
v0x556e82aacc40_0 .net "MINUS", 0 0, o0x7f08c87bc018;  alias, 0 drivers
v0x556e82aacd00_0 .net "PLUS", 0 0, o0x7f08c87bc588;  alias, 0 drivers
S_0x556e82aace10 .scope module, "V_VOUTSNx" "vpwl_0x0_10d998ux0_11d0ux0" 2 199, 2 64 0, S_0x556e82a3bf60;
 .timescale 0 0;
    .port_info 0 /OUTPUT 1 "PLUS";
    .port_info 1 /OUTPUT 1 "MINUS";
v0x556e82aad030_0 .net "MINUS", 0 0, o0x7f08c87bc018;  alias, 0 drivers
v0x556e82aad0f0_0 .net "PLUS", 0 0, o0x7f08c87bc708;  alias, 0 drivers
S_0x556e82aad200 .scope module, "V_kelvin_DRVCCx" "vpwl_0x0_10d0ux5_3d0mx5d1" 2 286, 2 85 0, S_0x556e82a3bf60;
 .timescale 0 0;
    .port_info 0 /OUTPUT 1 "PLUS";
    .port_info 1 /OUTPUT 1 "MINUS";
v0x556e82aad420_0 .net "MINUS", 0 0, o0x7f08c87bc018;  alias, 0 drivers
v0x556e82aad5f0_0 .net "PLUS", 0 0, o0x7f08c87bc7c8;  alias, 0 drivers
S_0x556e82aad700 .scope module, "V_kelvin_GNDservicex" "vpwl_0x0_10d998ux0_11d0ux0" 2 316, 2 64 0, S_0x556e82a3bf60;
 .timescale 0 0;
    .port_info 0 /OUTPUT 1 "PLUS";
    .port_info 1 /OUTPUT 1 "MINUS";
v0x556e82aad920_0 .net "MINUS", 0 0, o0x7f08c87bc018;  alias, 0 drivers
v0x556e82aad9e0_0 .net "PLUS", 0 0, o0x7f08c87bc858;  alias, 0 drivers
S_0x556e82aadaf0 .scope module, "V_kelvin_VCAPx" "vpwl_0x0_10d998ux0_11d0ux20" 2 276, 2 80 0, S_0x556e82a3bf60;
 .timescale 0 0;
    .port_info 0 /OUTPUT 1 "PLUS";
    .port_info 1 /OUTPUT 1 "MINUS";
v0x556e82aadd10_0 .net "MINUS", 0 0, o0x7f08c87bc018;  alias, 0 drivers
v0x556e82aaddd0_0 .net "PLUS", 0 0, o0x7f08c87bca98;  alias, 0 drivers
S_0x556e82aadee0 .scope module, "V_kelvin_VOUTSNx" "vpwl_0x0_10d998ux0_11d0ux0" 2 296, 2 64 0, S_0x556e82a3bf60;
 .timescale 0 0;
    .port_info 0 /OUTPUT 1 "PLUS";
    .port_info 1 /OUTPUT 1 "MINUS";
v0x556e82aae100_0 .net "MINUS", 0 0, o0x7f08c87bc018;  alias, 0 drivers
v0x556e82aae1c0_0 .net "PLUS", 0 0, o0x7f08c87bcbe8;  alias, 0 drivers
S_0x556e82aae2d0 .scope module, "XCELG" "vpwl_0x0" 2 154, 2 32 0, S_0x556e82a3bf60;
 .timescale 0 0;
    .port_info 0 /OUTPUT 1 "PLUS";
    .port_info 1 /OUTPUT 1 "MINUS";
v0x556e82aae4f0_0 .net "MINUS", 0 0, o0x7f08c87bc018;  alias, 0 drivers
v0x556e82aae5b0_0 .net "PLUS", 0 0, o0x7f08c87bcf78;  alias, 0 drivers
S_0x556e82aae6d0 .scope module, "XCELSUB" "vpwl_0x0" 2 184, 2 32 0, S_0x556e82a3bf60;
 .timescale 0 0;
    .port_info 0 /OUTPUT 1 "PLUS";
    .port_info 1 /OUTPUT 1 "MINUS";
v0x556e82aae8f0_0 .net "MINUS", 0 0, o0x7f08c87bc018;  alias, 0 drivers
v0x556e82aae9b0_0 .net "PLUS", 0 0, o0x7f08c87bd008;  alias, 0 drivers
S_0x556e82aaead0 .scope module, "XCELV" "vpwl_0x0_10d0ux0_11d0ux5" 2 159, 2 37 0, S_0x556e82a3bf60;
 .timescale 0 0;
    .port_info 0 /OUTPUT 1 "PLUS";
    .port_info 1 /OUTPUT 1 "MINUS";
v0x556e82aaecf0_0 .net "MINUS", 0 0, o0x7f08c87bc018;  alias, 0 drivers
v0x556e82aaedb0_0 .net "PLUS", 0 0, o0x7f08c87bd098;  alias, 0 drivers
S_0x556e82aaeed0 .scope module, "XIP_051b7bcb" "SIMbias" 2 219, 2 72 0, S_0x556e82a3bf60;
 .timescale 0 0;
    .port_info 0 /INPUT 1 "V";
    .port_info 1 /OUTPUT 1 "IP";
    .port_info 2 /OUTPUT 1 "IN";
v0x556e82aaf100_0 .net "IN", 0 0, o0x7f08c87bd128;  alias, 0 drivers
v0x556e82aaf1e0_0 .net "IP", 0 0, o0x7f08c87bd158;  alias, 0 drivers
v0x556e82aaf2a0_0 .net "V", 0 0, o0x7f08c87bd098;  alias, 0 drivers
S_0x556e82aaf3e0 .scope module, "XIP_30a0e5c5" "SIMbias" 2 225, 2 72 0, S_0x556e82a3bf60;
 .timescale 0 0;
    .port_info 0 /INPUT 1 "V";
    .port_info 1 /OUTPUT 1 "IP";
    .port_info 2 /OUTPUT 1 "IN";
v0x556e82aaf820_0 .net "IN", 0 0, o0x7f08c87bd128;  alias, 0 drivers
v0x556e82aaf910_0 .net "IP", 0 0, o0x7f08c87bd218;  alias, 0 drivers
v0x556e82aaf9b0_0 .net "V", 0 0, o0x7f08c87bd098;  alias, 0 drivers
S_0x556e82aafb30 .scope module, "XIP_86807c55" "SIMbias" 2 231, 2 72 0, S_0x556e82a3bf60;
 .timescale 0 0;
    .port_info 0 /INPUT 1 "V";
    .port_info 1 /OUTPUT 1 "IP";
    .port_info 2 /OUTPUT 1 "IN";
v0x556e82aafd60_0 .net "IN", 0 0, o0x7f08c87bd128;  alias, 0 drivers
v0x556e82aafe70_0 .net "IP", 0 0, o0x7f08c87bd2d8;  alias, 0 drivers
v0x556e82aaff30_0 .net "V", 0 0, o0x7f08c87bd098;  alias, 0 drivers
S_0x556e82ab0030 .scope module, "XIP_87250ba9" "SIMbias" 2 237, 2 72 0, S_0x556e82a3bf60;
 .timescale 0 0;
    .port_info 0 /INPUT 1 "V";
    .port_info 1 /OUTPUT 1 "IP";
    .port_info 2 /OUTPUT 1 "IN";
v0x556e82ab0260_0 .net "IN", 0 0, o0x7f08c87bd128;  alias, 0 drivers
v0x556e82ab0320_0 .net "IP", 0 0, o0x7f08c87bd398;  alias, 0 drivers
v0x556e82ab03e0_0 .net "V", 0 0, o0x7f08c87bd098;  alias, 0 drivers
S_0x556e82ab04e0 .scope module, "XIP_9219bb98" "SIMbias" 2 243, 2 72 0, S_0x556e82a3bf60;
 .timescale 0 0;
    .port_info 0 /INPUT 1 "V";
    .port_info 1 /OUTPUT 1 "IP";
    .port_info 2 /OUTPUT 1 "IN";
v0x556e82ab06c0_0 .net "IN", 0 0, o0x7f08c87bd128;  alias, 0 drivers
v0x556e82ab0780_0 .net "IP", 0 0, o0x7f08c87bd458;  alias, 0 drivers
v0x556e82ab0840_0 .net "V", 0 0, o0x7f08c87bd098;  alias, 0 drivers
S_0x556e82ab0970 .scope module, "XIP_92c9b3c9" "SIMbias" 2 249, 2 72 0, S_0x556e82a3bf60;
 .timescale 0 0;
    .port_info 0 /INPUT 1 "V";
    .port_info 1 /OUTPUT 1 "IP";
    .port_info 2 /OUTPUT 1 "IN";
v0x556e82ab0b50_0 .net "IN", 0 0, o0x7f08c87bd128;  alias, 0 drivers
v0x556e82ab0c10_0 .net "IP", 0 0, o0x7f08c87bd518;  alias, 0 drivers
v0x556e82ab0cd0_0 .net "V", 0 0, o0x7f08c87bd098;  alias, 0 drivers
S_0x556e82ab0e00 .scope module, "XIP_de226f75" "SIMbias" 2 255, 2 72 0, S_0x556e82a3bf60;
 .timescale 0 0;
    .port_info 0 /INPUT 1 "V";
    .port_info 1 /OUTPUT 1 "IP";
    .port_info 2 /OUTPUT 1 "IN";
v0x556e82ab1030_0 .net "IN", 0 0, o0x7f08c87bd128;  alias, 0 drivers
v0x556e82ab10f0_0 .net "IP", 0 0, o0x7f08c87bd5d8;  alias, 0 drivers
v0x556e82ab11b0_0 .net "V", 0 0, o0x7f08c87bd098;  alias, 0 drivers
S_0x556e82ab12e0 .scope module, "XNCip" "STONEnoconn" 2 125, 2 5 0, S_0x556e82a3bf60;
 .timescale 0 0;
    .port_info 0 /INPUT 1 "noconn";
v0x556e82ab14e0_0 .net "noconn", 0 0, o0x7f08c87bd128;  alias, 0 drivers
S_0x556e82ab15e0 .scope module, "XPORB" "vpwl_0x0_11ux0_11d001ux5" 2 164, 2 42 0, S_0x556e82a3bf60;
 .timescale 0 0;
    .port_info 0 /OUTPUT 1 "PLUS";
    .port_info 1 /OUTPUT 1 "MINUS";
v0x556e82ab1800_0 .net "MINUS", 0 0, o0x7f08c87bc018;  alias, 0 drivers
v0x556e82ab18c0_0 .net "PLUS", 0 0, o0x7f08c87bd6c8;  alias, 0 drivers
# The file index is used to find the file name in the following table.
:file_names 3;
    "N/A";
    "<interactive>";
    "/celera/projects/Sunnyvale/software/SERVICEpuget/verilog10/FORCE_SERVICEpuget.v";
