#! /usr/local/bin/vvp
:ivl_version "11.0 (stable)" "(v11_0)";
:ivl_delay_selection "TYPICAL";
:vpi_time_precision + 0;
:vpi_module "/usr/local/lib/ivl/system.vpi";
:vpi_module "/usr/local/lib/ivl/vhdl_sys.vpi";
:vpi_module "/usr/local/lib/ivl/vhdl_textio.vpi";
:vpi_module "/usr/local/lib/ivl/v2005_math.vpi";
:vpi_module "/usr/local/lib/ivl/va_math.vpi";
S_0x55f637cc0f60 .scope module, "sim_TELEMETRYmeasureVIN_ROW9" "sim_TELEMETRYmeasureVIN_ROW9" 2 35;
 .timescale 0 0;
o0x7f2180f2c018 .functor BUFZ 1, C4<z>; HiZ drive
v0x55f637d0cb30_0 .net "CELG59462", 0 0, o0x7f2180f2c018;  0 drivers
o0x7f2180f2c048 .functor BUFZ 1, C4<z>; HiZ drive
v0x55f637d0cbf0_0 .net "CELSUB40948", 0 0, o0x7f2180f2c048;  0 drivers
o0x7f2180f2c078 .functor BUFZ 1, C4<z>; HiZ drive
v0x55f637d0cd00_0 .net "CELV96848", 0 0, o0x7f2180f2c078;  0 drivers
o0x7f2180f2c0a8 .functor BUFZ 1, C4<z>; HiZ drive
v0x55f637d0cdf0_0 .net "TIN", 0 0, o0x7f2180f2c0a8;  0 drivers
o0x7f2180f2c318 .functor BUFZ 1, C4<z>; HiZ drive
v0x55f637d0cee0_0 .net "dftprobe_XUINstartup_5be9f382", 0 0, o0x7f2180f2c318;  0 drivers
o0x7f2180f2c348 .functor BUFZ 1, C4<z>; HiZ drive
v0x55f637d0cfd0_0 .net "dftprobe_XUTIN_5be9f382", 0 0, o0x7f2180f2c348;  0 drivers
o0x7f2180f2c0d8 .functor BUFZ 1, C4<z>; HiZ drive
v0x55f637d0d070_0 .net "enable_vin", 0 0, o0x7f2180f2c0d8;  0 drivers
o0x7f2180f2c108 .functor BUFZ 1, C4<z>; HiZ drive
v0x55f637d0d160_0 .net "kelvin_GNDtelemetry", 0 0, o0x7f2180f2c108;  0 drivers
o0x7f2180f2c138 .functor BUFZ 1, C4<z>; HiZ drive
v0x55f637d0d250_0 .net "kelvin_IN", 0 0, o0x7f2180f2c138;  0 drivers
o0x7f2180f2c2b8 .functor BUFZ 1, C4<z>; HiZ drive
v0x55f637d0d380_0 .net "net_11", 0 0, o0x7f2180f2c2b8;  0 drivers
o0x7f2180f2c378 .functor BUFZ 1, C4<z>; HiZ drive
v0x55f637d0d420_0 .net "ok_vin", 0 0, o0x7f2180f2c378;  0 drivers
S_0x55f637cf9450 .scope module, "XFORCE_TELEMETRYmeasureVIN1" "FORCE_TELEMETRYmeasureVIN" 2 41, 2 2 0, S_0x55f637cc0f60;
 .timescale 0 0;
    .port_info 0 /OUTPUT 1 "TIN";
    .port_info 1 /OUTPUT 1 "CELG59462";
    .port_info 2 /OUTPUT 1 "CELV96848";
    .port_info 3 /OUTPUT 1 "kelvin_IN";
    .port_info 4 /OUTPUT 1 "enable_vin";
    .port_info 5 /OUTPUT 1 "CELSUB40948";
    .port_info 6 /INPUT 1 "kelvin_GNDtelemetry";
v0x55f637cc04b0_0 .net "CELG59462", 0 0, o0x7f2180f2c018;  alias, 0 drivers
v0x55f637cc10f0_0 .net "CELSUB40948", 0 0, o0x7f2180f2c048;  alias, 0 drivers
v0x55f637cc0ec0_0 .net "CELV96848", 0 0, o0x7f2180f2c078;  alias, 0 drivers
v0x55f637d0b880_0 .net "TIN", 0 0, o0x7f2180f2c0a8;  alias, 0 drivers
v0x55f637d0b940_0 .net "enable_vin", 0 0, o0x7f2180f2c0d8;  alias, 0 drivers
v0x55f637d0ba50_0 .net "kelvin_GNDtelemetry", 0 0, o0x7f2180f2c108;  alias, 0 drivers
v0x55f637d0bb10_0 .net "kelvin_IN", 0 0, o0x7f2180f2c138;  alias, 0 drivers
S_0x55f637d0bcb0 .scope module, "XNC11" "STONEnoconn" 2 64, 2 28 0, S_0x55f637cc0f60;
 .timescale 0 0;
    .port_info 0 /INPUT 1 "noconn";
v0x55f637d0bed0_0 .net "noconn", 0 0, o0x7f2180f2c2b8;  alias, 0 drivers
S_0x55f637d0bff0 .scope module, "XTELEMETRYmeasureVIN1" "TELEMETRYmeasureVIN" 2 51, 2 12 0, S_0x55f637cc0f60;
 .timescale 0 0;
    .port_info 0 /OUTPUT 1 "TIN";
    .port_info 1 /OUTPUT 1 "ok_vin";
    .port_info 2 /INPUT 1 "CELG59462";
    .port_info 3 /INPUT 1 "CELV96848";
    .port_info 4 /INOUT 1 "kelvin_IN";
    .port_info 5 /INPUT 1 "enable_vin";
    .port_info 6 /INPUT 1 "CELSUB40948";
    .port_info 7 /INOUT 1 "kelvin_GNDtelemetry";
    .port_info 8 /OUTPUT 1 "dftprobe_XUTIN_5be9f382";
    .port_info 9 /OUTPUT 1 "dftprobe_XUINstartup_5be9f382";
v0x55f637d0c2d0_0 .net "CELG59462", 0 0, o0x7f2180f2c018;  alias, 0 drivers
v0x55f637d0c3a0_0 .net "CELSUB40948", 0 0, o0x7f2180f2c048;  alias, 0 drivers
v0x55f637d0c470_0 .net "CELV96848", 0 0, o0x7f2180f2c078;  alias, 0 drivers
v0x55f637d0c570_0 .net "TIN", 0 0, o0x7f2180f2c0a8;  alias, 0 drivers
v0x55f637d0c640_0 .net "dftprobe_XUINstartup_5be9f382", 0 0, o0x7f2180f2c318;  alias, 0 drivers
v0x55f637d0c730_0 .net "dftprobe_XUTIN_5be9f382", 0 0, o0x7f2180f2c348;  alias, 0 drivers
v0x55f637d0c7d0_0 .net "enable_vin", 0 0, o0x7f2180f2c0d8;  alias, 0 drivers
v0x55f637d0c870_0 .net "kelvin_GNDtelemetry", 0 0, o0x7f2180f2c108;  alias, 0 drivers
v0x55f637d0c940_0 .net "kelvin_IN", 0 0, o0x7f2180f2c138;  alias, 0 drivers
v0x55f637d0ca10_0 .net "ok_vin", 0 0, o0x7f2180f2c378;  alias, 0 drivers
# The file index is used to find the file name in the following table.
:file_names 3;
    "N/A";
    "<interactive>";
    "/celera/projects/Sunnyvale/software/TELEMETRYmeasureVIN/verilog10/sim_TELEMETRYmeasureVIN_ROW9.v";
