#! /usr/local/bin/vvp
:ivl_version "11.0 (stable)" "(v11_0)";
:ivl_delay_selection "TYPICAL";
:vpi_time_precision + 0;
:vpi_module "/usr/local/lib/ivl/system.vpi";
:vpi_module "/usr/local/lib/ivl/vhdl_sys.vpi";
:vpi_module "/usr/local/lib/ivl/vhdl_textio.vpi";
:vpi_module "/usr/local/lib/ivl/v2005_math.vpi";
:vpi_module "/usr/local/lib/ivl/va_math.vpi";
S_0x55fcb2582f60 .scope module, "sim_SERVICEwaltz_ROW28" "sim_SERVICEwaltz_ROW28" 2 33;
 .timescale 0 0;
o0x7f605928c018 .functor BUFZ 1, C4<z>; HiZ drive
v0x55fcb25d0b70_0 .net "BIAS", 0 0, o0x7f605928c018;  0 drivers
o0x7f605928c048 .functor BUFZ 1, C4<z>; HiZ drive
v0x55fcb25d0c80_0 .net "CELG59462", 0 0, o0x7f605928c048;  0 drivers
o0x7f605928c078 .functor BUFZ 1, C4<z>; HiZ drive
v0x55fcb25d0d90_0 .net "CELSUB40948", 0 0, o0x7f605928c078;  0 drivers
o0x7f605928c0a8 .functor BUFZ 1, C4<z>; HiZ drive
v0x55fcb25d0e80_0 .net "CELV96848", 0 0, o0x7f605928c0a8;  0 drivers
o0x7f605928c0d8 .functor BUFZ 1, C4<z>; HiZ drive
v0x55fcb25d0f70_0 .net "EN", 0 0, o0x7f605928c0d8;  0 drivers
o0x7f605928c108 .functor BUFZ 1, C4<z>; HiZ drive
v0x55fcb25d10b0_0 .net "GND", 0 0, o0x7f605928c108;  0 drivers
o0x7f605928c138 .functor BUFZ 1, C4<z>; HiZ drive
v0x55fcb25d1150_0 .net "IN", 0 0, o0x7f605928c138;  0 drivers
o0x7f605928c168 .functor BUFZ 1, C4<z>; HiZ drive
v0x55fcb25d1240_0 .net "IP_4a72660b", 0 0, o0x7f605928c168;  0 drivers
o0x7f605928c1c8 .functor BUFZ 1, C4<z>; HiZ drive
v0x55fcb25d1330_0 .net "kelvin_GNDservice", 0 0, o0x7f605928c1c8;  0 drivers
o0x7f605928c198 .functor BUFZ 1, C4<z>; HiZ drive
v0x55fcb25d1460_0 .net "kelvin_VCC", 0 0, o0x7f605928c198;  0 drivers
o0x7f605928c408 .functor BUFZ 1, C4<z>; HiZ drive
v0x55fcb25d1590_0 .net "net_21", 0 0, o0x7f605928c408;  0 drivers
o0x7f605928c438 .functor BUFZ 1, C4<z>; HiZ drive
v0x55fcb25d1630_0 .net "ok_service", 0 0, o0x7f605928c438;  0 drivers
o0x7f605928c468 .functor BUFZ 1, C4<z>; HiZ drive
v0x55fcb25d16d0_0 .net "porb", 0 0, o0x7f605928c468;  0 drivers
S_0x55fcb25ba0b0 .scope module, "XFORCE_SERVICEwaltz1" "FORCE_SERVICEwaltz" 2 39, 2 2 0, S_0x55fcb2582f60;
 .timescale 0 0;
    .port_info 0 /OUTPUT 1 "EN";
    .port_info 1 /OUTPUT 1 "IN";
    .port_info 2 /INOUT 1 "GND";
    .port_info 3 /INOUT 1 "VCC";
    .port_info 4 /OUTPUT 1 "BIAS";
    .port_info 5 /OUTPUT 1 "CELG59462";
    .port_info 6 /OUTPUT 1 "CELV96848";
    .port_info 7 /OUTPUT 1 "kelvin_VCC";
    .port_info 8 /OUTPUT 1 "CELSUB40948";
    .port_info 9 /OUTPUT 1 "IP_4a72660b";
    .port_info 10 /OUTPUT 1 "kelvin_GNDservice";
v0x55fcb25824b0_0 .net "BIAS", 0 0, o0x7f605928c018;  alias, 0 drivers
v0x55fcb25830f0_0 .net "CELG59462", 0 0, o0x7f605928c048;  alias, 0 drivers
v0x55fcb2582ec0_0 .net "CELSUB40948", 0 0, o0x7f605928c078;  alias, 0 drivers
v0x55fcb25cf550_0 .net "CELV96848", 0 0, o0x7f605928c0a8;  alias, 0 drivers
v0x55fcb25cf610_0 .net "EN", 0 0, o0x7f605928c0d8;  alias, 0 drivers
v0x55fcb25cf720_0 .net "GND", 0 0, o0x7f605928c108;  alias, 0 drivers
v0x55fcb25cf7e0_0 .net "IN", 0 0, o0x7f605928c138;  alias, 0 drivers
v0x55fcb25cf8a0_0 .net "IP_4a72660b", 0 0, o0x7f605928c168;  alias, 0 drivers
v0x55fcb25cf960_0 .net "VCC", 0 0, o0x7f605928c198;  alias, 0 drivers
v0x55fcb25cfab0_0 .net "kelvin_GNDservice", 0 0, o0x7f605928c1c8;  alias, 0 drivers
v0x55fcb25cfb70_0 .net "kelvin_VCC", 0 0, o0x7f605928c198;  alias, 0 drivers
S_0x55fcb25cfd50 .scope module, "XSERVICEwaltz1" "SERVICEwaltz" 2 53, 2 16 0, S_0x55fcb2582f60;
 .timescale 0 0;
    .port_info 0 /INPUT 1 "EN";
    .port_info 1 /INPUT 1 "IN";
    .port_info 2 /OUTPUT 1 "VCC";
    .port_info 3 /INPUT 1 "BIAS";
    .port_info 4 /OUTPUT 1 "porb";
    .port_info 5 /INPUT 1 "REF0V9";
    .port_info 6 /INPUT 1 "CELG59462";
    .port_info 7 /INPUT 1 "CELV96848";
    .port_info 8 /INOUT 1 "kelvin_VCC";
    .port_info 9 /OUTPUT 1 "ok_service";
    .port_info 10 /INPUT 1 "CELSUB40948";
    .port_info 11 /INPUT 1 "IP_4a72660b";
    .port_info 12 /INOUT 1 "kelvin_GNDservice";
v0x55fcb25d0040_0 .net "BIAS", 0 0, o0x7f605928c018;  alias, 0 drivers
v0x55fcb25d0110_0 .net "CELG59462", 0 0, o0x7f605928c048;  alias, 0 drivers
v0x55fcb25d01e0_0 .net "CELSUB40948", 0 0, o0x7f605928c078;  alias, 0 drivers
v0x55fcb25d02e0_0 .net "CELV96848", 0 0, o0x7f605928c0a8;  alias, 0 drivers
v0x55fcb25d03b0_0 .net "EN", 0 0, o0x7f605928c0d8;  alias, 0 drivers
v0x55fcb25d04a0_0 .net "IN", 0 0, o0x7f605928c138;  alias, 0 drivers
v0x55fcb25d0570_0 .net "IP_4a72660b", 0 0, o0x7f605928c168;  alias, 0 drivers
v0x55fcb25d0640_0 .net "REF0V9", 0 0, o0x7f605928c408;  alias, 0 drivers
v0x55fcb25d06e0_0 .net "VCC", 0 0, o0x7f605928c198;  alias, 0 drivers
v0x55fcb25d0810_0 .net "kelvin_GNDservice", 0 0, o0x7f605928c1c8;  alias, 0 drivers
v0x55fcb25d08b0_0 .net "kelvin_VCC", 0 0, o0x7f605928c198;  alias, 0 drivers
v0x55fcb25d0950_0 .net "ok_service", 0 0, o0x7f605928c438;  alias, 0 drivers
v0x55fcb25d09f0_0 .net "porb", 0 0, o0x7f605928c468;  alias, 0 drivers
# The file index is used to find the file name in the following table.
:file_names 3;
    "N/A";
    "<interactive>";
    "/celera/projects/Sunnyvale/software/SERVICEwaltz/verilog10/sim_SERVICEwaltz_ROW28.v";
