#! /usr/local/bin/vvp
:ivl_version "11.0 (stable)" "(v11_0)";
:ivl_delay_selection "TYPICAL";
:vpi_time_precision + 0;
:vpi_module "/usr/local/lib/ivl/system.vpi";
:vpi_module "/usr/local/lib/ivl/vhdl_sys.vpi";
:vpi_module "/usr/local/lib/ivl/vhdl_textio.vpi";
:vpi_module "/usr/local/lib/ivl/v2005_math.vpi";
:vpi_module "/usr/local/lib/ivl/va_math.vpi";
S_0x558661338f60 .scope module, "THERMALwaltz" "THERMALwaltz" 2 100;
 .timescale 0 0;
    .port_info 0 /INPUT 1 "REF";
    .port_info 1 /INPUT 1 "MUDV";
    .port_info 2 /INPUT 1 "CELG59462";
    .port_info 3 /INPUT 1 "CELV96848";
    .port_info 4 /INPUT 1 "CELSUB40948";
    .port_info 5 /INPUT 1 "IP_20a660aa";
    .port_info 6 /INPUT 1 "IP_cd0a370d";
    .port_info 7 /OUTPUT 1 "fault_thermal";
    .port_info 8 /INPUT 1 "enable_thermal";
o0x7fec0595b018 .functor BUFZ 1, C4<z>; HiZ drive
v0x558661392230_0 .net "CELG59462", 0 0, o0x7fec0595b018;  0 drivers
o0x7fec0595b048 .functor BUFZ 1, C4<z>; HiZ drive
v0x5586613922f0_0 .net "CELSUB40948", 0 0, o0x7fec0595b048;  0 drivers
o0x7fec0595b078 .functor BUFZ 1, C4<z>; HiZ drive
v0x5586613923b0_0 .net "CELV96848", 0 0, o0x7fec0595b078;  0 drivers
o0x7fec0595b5b8 .functor BUFZ 1, C4<z>; HiZ drive
v0x558661392450_0 .net "IP_20a660aa", 0 0, o0x7fec0595b5b8;  0 drivers
o0x7fec0595b948 .functor BUFZ 1, C4<z>; HiZ drive
v0x558661392520_0 .net "IP_cd0a370d", 0 0, o0x7fec0595b948;  0 drivers
o0x7fec0595b5e8 .functor BUFZ 1, C4<z>; HiZ drive
v0x5586613925c0_0 .net "MUDV", 0 0, o0x7fec0595b5e8;  0 drivers
o0x7fec0595b558 .functor BUFZ 1, C4<z>; HiZ drive
v0x5586613926b0_0 .net "REF", 0 0, o0x7fec0595b558;  0 drivers
o0x7fec0595b978 .functor BUFZ 1, C4<z>; HiZ drive
v0x558661392750_0 .net "TBD_XTHERMAL_Xthermometer1_celkelvin_GNDthermometer", 0 0, o0x7fec0595b978;  0 drivers
o0x7fec0595b0a8 .functor BUFZ 1, C4<z>; HiZ drive
v0x558661392820_0 .net "enable_thermal", 0 0, o0x7fec0595b0a8;  0 drivers
o0x7fec0595b438 .functor BUFZ 1, C4<z>; HiZ drive
v0x558661392950_0 .net "fault_thermal", 0 0, o0x7fec0595b438;  0 drivers
o0x7fec0595b588 .functor BUFZ 1, C4<z>; HiZ drive
v0x558661392a20_0 .net "net_39", 0 0, o0x7fec0595b588;  0 drivers
o0x7fec0595b2b8 .functor BUFZ 1, C4<z>; HiZ drive
v0x558661392ac0_0 .net "net_40", 0 0, o0x7fec0595b2b8;  0 drivers
o0x7fec0595b2e8 .functor BUFZ 1, C4<z>; HiZ drive
v0x558661392bb0_0 .net "net_41", 0 0, o0x7fec0595b2e8;  0 drivers
o0x7fec0595b828 .functor BUFZ 1, C4<z>; HiZ drive
v0x558661392ca0_0 .net "net_42", 0 0, o0x7fec0595b828;  0 drivers
o0x7fec0595b0d8 .functor BUFZ 1, C4<z>; HiZ drive
v0x558661392d90_0 .net "net_43", 0 0, o0x7fec0595b0d8;  0 drivers
o0x7fec0595b138 .functor BUFZ 1, C4<z>; HiZ drive
v0x558661392e80_0 .net "net_44", 0 0, o0x7fec0595b138;  0 drivers
o0x7fec0595b108 .functor BUFZ 1, C4<z>; HiZ drive
v0x558661392f70_0 .net "net_45", 0 0, o0x7fec0595b108;  0 drivers
o0x7fec0595b618 .functor BUFZ 1, C4<z>; HiZ drive
v0x558661393170_0 .net "tl0", 0 0, o0x7fec0595b618;  0 drivers
S_0x558661376ff0 .scope module, "XU13" "VESPAasmINPUT2" 2 115, 2 2 0, S_0x558661338f60;
 .timescale 0 0;
    .port_info 0 /OUTPUT 1 "o";
    .port_info 1 /INPUT 1 "i0";
    .port_info 2 /INPUT 1 "i1";
    .port_info 3 /INPUT 1 "Tstate";
    .port_info 4 /INPUT 1 "CELG59462";
    .port_info 5 /INPUT 1 "CELV96848";
    .port_info 6 /INPUT 1 "CELSUB40948";
v0x5586613390f0_0 .net "CELG59462", 0 0, o0x7fec0595b018;  alias, 0 drivers
v0x558661338ec0_0 .net "CELSUB40948", 0 0, o0x7fec0595b048;  alias, 0 drivers
v0x55866138eb60_0 .net "CELV96848", 0 0, o0x7fec0595b078;  alias, 0 drivers
v0x55866138ec00_0 .net "Tstate", 0 0, o0x7fec0595b0a8;  alias, 0 drivers
v0x55866138ecc0_0 .net "i0", 0 0, o0x7fec0595b0d8;  alias, 0 drivers
v0x55866138edd0_0 .net "i1", 0 0, o0x7fec0595b108;  alias, 0 drivers
v0x55866138ee90_0 .net "o", 0 0, o0x7fec0595b138;  alias, 0 drivers
S_0x55866138f030 .scope module, "XU2" "VESPAasmINPUT1" 2 125, 2 12 0, S_0x558661338f60;
 .timescale 0 0;
    .port_info 0 /OUTPUT 1 "o";
    .port_info 1 /INPUT 1 "i0";
    .port_info 2 /INPUT 1 "Tstate";
    .port_info 3 /INPUT 1 "CELG59462";
    .port_info 4 /INPUT 1 "CELV96848";
    .port_info 5 /INPUT 1 "CELSUB40948";
v0x55866138f2d0_0 .net "CELG59462", 0 0, o0x7fec0595b018;  alias, 0 drivers
v0x55866138f370_0 .net "CELSUB40948", 0 0, o0x7fec0595b048;  alias, 0 drivers
v0x55866138f440_0 .net "CELV96848", 0 0, o0x7fec0595b078;  alias, 0 drivers
v0x55866138f540_0 .net "Tstate", 0 0, o0x7fec0595b2b8;  alias, 0 drivers
v0x55866138f5e0_0 .net "i0", 0 0, o0x7fec0595b138;  alias, 0 drivers
v0x55866138f6d0_0 .net "o", 0 0, o0x7fec0595b2e8;  alias, 0 drivers
S_0x55866138f7d0 .scope module, "XU21" "dbuf_e926e395" 2 134, 2 24 0, S_0x558661338f60;
 .timescale 0 0;
    .port_info 0 /INPUT 1 "CELV";
    .port_info 1 /INPUT 1 "CELG";
    .port_info 2 /INPUT 1 "i";
    .port_info 3 /OUTPUT 1 "o";
    .port_info 4 /INPUT 1 "SUB";
v0x55866138fa90_0 .net "CELG", 0 0, o0x7fec0595b018;  alias, 0 drivers
v0x55866138fb80_0 .net "CELV", 0 0, o0x7fec0595b078;  alias, 0 drivers
v0x55866138fc90_0 .net "SUB", 0 0, o0x7fec0595b048;  alias, 0 drivers
v0x55866138fd80_0 .net "i", 0 0, o0x7fec0595b2e8;  alias, 0 drivers
v0x55866138fe20_0 .net "o", 0 0, o0x7fec0595b438;  alias, 0 drivers
S_0x55866138ff70 .scope module, "Xcomparator1" "comparatornoctlpins_5979e320" 2 157, 2 64 0, S_0x558661338f60;
 .timescale 0 0;
    .port_info 0 /INPUT 1 "enable_comparator";
    .port_info 1 /INPUT 1 "IP";
    .port_info 2 /OUTPUT 1 "out_comparator";
    .port_info 3 /INPUT 1 "INP_COMPARATOR";
    .port_info 4 /INPUT 1 "INN_COMPARATOR";
    .port_info 5 /INPUT 1 "SIMPV";
    .port_info 6 /INPUT 1 "global_comparator";
    .port_info 7 /OUTPUT 1 "ok_comparator";
    .port_info 8 /INPUT 1 "CELG";
    .port_info 9 /INPUT 1 "CELSUB";
v0x558661390250_0 .net "CELG", 0 0, o0x7fec0595b018;  alias, 0 drivers
v0x558661390310_0 .net "CELSUB", 0 0, o0x7fec0595b048;  alias, 0 drivers
v0x5586613903d0_0 .net "INN_COMPARATOR", 0 0, o0x7fec0595b558;  alias, 0 drivers
v0x558661390470_0 .net "INP_COMPARATOR", 0 0, o0x7fec0595b588;  alias, 0 drivers
v0x558661390510_0 .net "IP", 0 0, o0x7fec0595b5b8;  alias, 0 drivers
v0x558661390620_0 .net "SIMPV", 0 0, o0x7fec0595b5e8;  alias, 0 drivers
v0x5586613906e0_0 .net "enable_comparator", 0 0, o0x7fec0595b0a8;  alias, 0 drivers
v0x558661390780_0 .net "global_comparator", 0 0, o0x7fec0595b618;  alias, 0 drivers
v0x558661390820_0 .net "ok_comparator", 0 0, o0x7fec0595b0d8;  alias, 0 drivers
v0x558661390950_0 .net "out_comparator", 0 0, o0x7fec0595b2b8;  alias, 0 drivers
S_0x558661390b20 .scope module, "Xdelay1" "delayfixed_84207a5f" 2 149, 2 49 0, S_0x558661338f60;
 .timescale 0 0;
    .port_info 0 /INPUT 1 "CELV";
    .port_info 1 /INPUT 1 "i";
    .port_info 2 /OUTPUT 1 "o";
    .port_info 3 /INPUT 1 "CELG";
    .port_info 4 /INPUT 1 "CELSUB";
v0x558661390d80_0 .net "CELG", 0 0, o0x7fec0595b018;  alias, 0 drivers
v0x558661390ed0_0 .net "CELSUB", 0 0, o0x7fec0595b048;  alias, 0 drivers
v0x558661391020_0 .net "CELV", 0 0, o0x7fec0595b078;  alias, 0 drivers
v0x5586613910f0_0 .net "i", 0 0, o0x7fec0595b828;  alias, 0 drivers
v0x558661391190_0 .net "o", 0 0, o0x7fec0595b108;  alias, 0 drivers
S_0x5586613912c0 .scope module, "Xthermometer1" "thermometer_ec3ca4e2" 2 170, 2 84 0, S_0x558661338f60;
 .timescale 0 0;
    .port_info 0 /INPUT 1 "SIMPV";
    .port_info 1 /INPUT 1 "IP";
    .port_info 2 /OUTPUT 1 "OUT_THERMOMETER";
    .port_info 3 /OUTPUT 1 "ok_thermometer";
    .port_info 4 /INPUT 1 "celkelvin_GNDthermometer";
    .port_info 5 /INPUT 1 "enable_thermometer";
    .port_info 6 /INPUT 1 "CELG";
    .port_info 7 /INPUT 1 "CELSUB";
v0x558661391570_0 .net "CELG", 0 0, o0x7fec0595b018;  alias, 0 drivers
v0x558661391630_0 .net "CELSUB", 0 0, o0x7fec0595b048;  alias, 0 drivers
v0x5586613916f0_0 .net "IP", 0 0, o0x7fec0595b948;  alias, 0 drivers
v0x558661391790_0 .net "OUT_THERMOMETER", 0 0, o0x7fec0595b588;  alias, 0 drivers
v0x558661391860_0 .net "SIMPV", 0 0, o0x7fec0595b5e8;  alias, 0 drivers
v0x558661391950_0 .net "celkelvin_GNDthermometer", 0 0, o0x7fec0595b978;  alias, 0 drivers
v0x5586613919f0_0 .net "enable_thermometer", 0 0, o0x7fec0595b0a8;  alias, 0 drivers
v0x558661391ae0_0 .net "ok_thermometer", 0 0, o0x7fec0595b828;  alias, 0 drivers
S_0x558661391c70 .scope module, "XtieLo" "PEBBLEtielo" 2 142, 2 37 0, S_0x558661338f60;
 .timescale 0 0;
    .port_info 0 /OUTPUT 1 "q";
    .port_info 1 /INPUT 1 "G";
    .port_info 2 /INPUT 1 "SUB";
    .port_info 3 /INPUT 1 "V";
v0x558661391e30_0 .net "G", 0 0, o0x7fec0595b018;  alias, 0 drivers
v0x558661391ef0_0 .net "SUB", 0 0, o0x7fec0595b048;  alias, 0 drivers
v0x558661391fb0_0 .net "V", 0 0, o0x7fec0595b078;  alias, 0 drivers
v0x558661392110_0 .net "q", 0 0, o0x7fec0595b618;  alias, 0 drivers
# The file index is used to find the file name in the following table.
:file_names 3;
    "N/A";
    "<interactive>";
    "/celera/projects/Sunnyvale/software/THERMALwaltz/verilog8/THERMALwaltz.v";
