#! /usr/local/bin/vvp
:ivl_version "11.0 (stable)" "(v11_0)";
:ivl_delay_selection "TYPICAL";
:vpi_time_precision + 0;
:vpi_module "/usr/local/lib/ivl/system.vpi";
:vpi_module "/usr/local/lib/ivl/vhdl_sys.vpi";
:vpi_module "/usr/local/lib/ivl/vhdl_textio.vpi";
:vpi_module "/usr/local/lib/ivl/v2005_math.vpi";
:vpi_module "/usr/local/lib/ivl/va_math.vpi";
S_0x55c2ace94f60 .scope module, "FORCE_POWERGOODpuget" "FORCE_POWERGOODpuget" 2 77;
 .timescale 0 0;
    .port_info 0 /OUTPUT 1 "PFI";
    .port_info 1 /OUTPUT 1 "PFO";
    .port_info 2 /OUTPUT 1 "SIMPV";
    .port_info 3 /OUTPUT 1 "CELG59462";
    .port_info 4 /OUTPUT 1 "CELV96848";
    .port_info 5 /OUTPUT 1 "CELSUB40948";
    .port_info 6 /OUTPUT 1 "IP_5a601a48";
    .port_info 7 /OUTPUT 1 "IP_f5d3565c";
    .port_info 8 /INPUT 1 "GNDpowergood";
    .port_info 9 /OUTPUT 1 "REF_POWERGOOD";
    .port_info 10 /OUTPUT 1 "enable_powergood";
    .port_info 11 /INPUT 1 "kelvin_GNDpowergood";
o0x7f26b12fe768 .functor BUFZ 1, C4<z>; HiZ drive
v0x55c2acef3c50_0 .net "CELG59462", 0 0, o0x7f26b12fe768;  0 drivers
o0x7f26b12fe7f8 .functor BUFZ 1, C4<z>; HiZ drive
v0x55c2acef3d60_0 .net "CELSUB40948", 0 0, o0x7f26b12fe7f8;  0 drivers
o0x7f26b12fe888 .functor BUFZ 1, C4<z>; HiZ drive
v0x55c2acef3e70_0 .net "CELV96848", 0 0, o0x7f26b12fe888;  0 drivers
o0x7f26b12fe0a8 .functor BUFZ 1, C4<z>; HiZ drive
v0x55c2acef3f60_0 .net "GNDpowergood", 0 0, o0x7f26b12fe0a8;  0 drivers
o0x7f26b12fe948 .functor BUFZ 1, C4<z>; HiZ drive
v0x55c2acef4000_0 .net "IP_5a601a48", 0 0, o0x7f26b12fe948;  0 drivers
o0x7f26b12fea38 .functor BUFZ 1, C4<z>; HiZ drive
v0x55c2acef40f0_0 .net "IP_f5d3565c", 0 0, o0x7f26b12fea38;  0 drivers
o0x7f26b12fe138 .functor BUFZ 1, C4<z>; HiZ drive
v0x55c2acef4190_0 .net "PFI", 0 0, o0x7f26b12fe138;  0 drivers
o0x7f26b12fe1f8 .functor BUFZ 1, C4<z>; HiZ drive
v0x55c2acef4230_0 .net "PFO", 0 0, o0x7f26b12fe1f8;  0 drivers
o0x7f26b12fe2b8 .functor BUFZ 1, C4<z>; HiZ drive
v0x55c2acef4300_0 .net "REF_POWERGOOD", 0 0, o0x7f26b12fe2b8;  0 drivers
o0x7f26b12fe378 .functor BUFZ 1, C4<z>; HiZ drive
v0x55c2acef43d0_0 .net "SIMPV", 0 0, o0x7f26b12fe378;  0 drivers
o0x7f26b12feb88 .functor BUFZ 1, C4<z>; HiZ drive
v0x55c2acef4470_0 .net "enable_powergood", 0 0, o0x7f26b12feb88;  0 drivers
o0x7f26b12fe468 .functor BUFZ 1, C4<z>; HiZ drive
v0x55c2acef4540_0 .net "kelvin_GNDpowergood", 0 0, o0x7f26b12fe468;  0 drivers
o0x7f26b12fe018 .functor BUFZ 1, C4<z>; HiZ drive
v0x55c2acef4610_0 .net "net_0", 0 0, o0x7f26b12fe018;  0 drivers
o0x7f26b12fe678 .functor BUFZ 1, C4<z>; HiZ drive
v0x55c2acef46b0_0 .net "net_183", 0 0, o0x7f26b12fe678;  0 drivers
o0x7f26b12fe168 .functor BUFZ 1, C4<z>; HiZ drive
v0x55c2acef4750_0 .net "net_56", 0 0, o0x7f26b12fe168;  0 drivers
o0x7f26b12fe3a8 .functor BUFZ 1, C4<z>; HiZ drive
v0x55c2acef4840_0 .net "net_57", 0 0, o0x7f26b12fe3a8;  0 drivers
o0x7f26b12fe2e8 .functor BUFZ 1, C4<z>; HiZ drive
v0x55c2acef4930_0 .net "net_58", 0 0, o0x7f26b12fe2e8;  0 drivers
o0x7f26b12fe078 .functor BUFZ 1, C4<z>; HiZ drive
v0x55c2acef4b30_0 .net "net_59", 0 0, o0x7f26b12fe078;  0 drivers
o0x7f26b12fe438 .functor BUFZ 1, C4<z>; HiZ drive
v0x55c2acef4c20_0 .net "net_60", 0 0, o0x7f26b12fe438;  0 drivers
o0x7f26b12fe228 .functor BUFZ 1, C4<z>; HiZ drive
v0x55c2acef4d10_0 .net "net_61", 0 0, o0x7f26b12fe228;  0 drivers
o0x7f26b12fe918 .functor BUFZ 1, C4<z>; HiZ drive
v0x55c2acef4e00_0 .net "noconn_IN_IP_5a601a48", 0 0, o0x7f26b12fe918;  0 drivers
o0x7f26b12fea08 .functor BUFZ 1, C4<z>; HiZ drive
v0x55c2acef4ef0_0 .net "noconn_IN_IP_f5d3565c", 0 0, o0x7f26b12fea08;  0 drivers
S_0x55c2aceccf60 .scope module, "G1" "alibgnd" 2 202, 2 72 0, S_0x55c2ace94f60;
 .timescale 0 0;
    .port_info 0 /INOUT 1 "GND";
v0x55c2ace944b0_0 .net "GND", 0 0, o0x7f26b12fe018;  alias, 0 drivers
S_0x55c2aceee5f0 .scope module, "VI__GNDpowergood_fadfee40" "vdc_0" 2 172, 2 51 0, S_0x55c2ace94f60;
 .timescale 0 0;
    .port_info 0 /INPUT 1 "PLUS";
    .port_info 1 /OUTPUT 1 "MINUS";
v0x55c2ace950f0_0 .net "MINUS", 0 0, o0x7f26b12fe078;  alias, 0 drivers
v0x55c2ace94ec0_0 .net "PLUS", 0 0, o0x7f26b12fe0a8;  alias, 0 drivers
S_0x55c2aceee890 .scope module, "VI__PFI_51e2e13b" "vdc_0" 2 147, 2 51 0, S_0x55c2ace94f60;
 .timescale 0 0;
    .port_info 0 /INPUT 1 "PLUS";
    .port_info 1 /OUTPUT 1 "MINUS";
v0x55c2aceeea70_0 .net "MINUS", 0 0, o0x7f26b12fe138;  alias, 0 drivers
v0x55c2aceeeb30_0 .net "PLUS", 0 0, o0x7f26b12fe168;  alias, 0 drivers
S_0x55c2aceeec50 .scope module, "VI__PFO_8348ee48" "vdc_0" 2 152, 2 51 0, S_0x55c2ace94f60;
 .timescale 0 0;
    .port_info 0 /INPUT 1 "PLUS";
    .port_info 1 /OUTPUT 1 "MINUS";
v0x55c2aceeee30_0 .net "MINUS", 0 0, o0x7f26b12fe1f8;  alias, 0 drivers
v0x55c2aceeef10_0 .net "PLUS", 0 0, o0x7f26b12fe228;  alias, 0 drivers
S_0x55c2aceef030 .scope module, "VI__REF_POWERGOOD_2811381d" "vdc_0" 2 182, 2 51 0, S_0x55c2ace94f60;
 .timescale 0 0;
    .port_info 0 /INPUT 1 "PLUS";
    .port_info 1 /OUTPUT 1 "MINUS";
v0x55c2aceef260_0 .net "MINUS", 0 0, o0x7f26b12fe2b8;  alias, 0 drivers
v0x55c2aceef340_0 .net "PLUS", 0 0, o0x7f26b12fe2e8;  alias, 0 drivers
S_0x55c2aceef460 .scope module, "VI__SIMPV_8996dd62" "vdc_0" 2 162, 2 51 0, S_0x55c2ace94f60;
 .timescale 0 0;
    .port_info 0 /INPUT 1 "PLUS";
    .port_info 1 /OUTPUT 1 "MINUS";
v0x55c2aceef640_0 .net "MINUS", 0 0, o0x7f26b12fe378;  alias, 0 drivers
v0x55c2aceef720_0 .net "PLUS", 0 0, o0x7f26b12fe3a8;  alias, 0 drivers
S_0x55c2aceef840 .scope module, "VI__kelvin_GNDpowergood_69026127" "vdc_0" 2 197, 2 51 0, S_0x55c2ace94f60;
 .timescale 0 0;
    .port_info 0 /INPUT 1 "PLUS";
    .port_info 1 /OUTPUT 1 "MINUS";
v0x55c2aceefa20_0 .net "MINUS", 0 0, o0x7f26b12fe438;  alias, 0 drivers
v0x55c2aceefb00_0 .net "PLUS", 0 0, o0x7f26b12fe468;  alias, 0 drivers
S_0x55c2aceefc20 .scope module, "V_GNDpowergoodx_3652261b" "vpwl_0x0_11ux0_11d002ux0" 2 167, 2 57 0, S_0x55c2ace94f60;
 .timescale 0 0;
    .port_info 0 /OUTPUT 1 "PLUS";
    .port_info 1 /INPUT 1 "MINUS";
v0x55c2aceefe40_0 .net "MINUS", 0 0, o0x7f26b12fe018;  alias, 0 drivers
v0x55c2aceeff00_0 .net "PLUS", 0 0, o0x7f26b12fe078;  alias, 0 drivers
S_0x55c2aceefff0 .scope module, "V_PFIx_88da6932" "vpwl_0x0_199d998ux0_200ux0_10000ux5" 2 142, 2 46 0, S_0x55c2ace94f60;
 .timescale 0 0;
    .port_info 0 /OUTPUT 1 "PLUS";
    .port_info 1 /INPUT 1 "MINUS";
v0x55c2acef0210_0 .net "MINUS", 0 0, o0x7f26b12fe018;  alias, 0 drivers
v0x55c2acef02d0_0 .net "PLUS", 0 0, o0x7f26b12fe168;  alias, 0 drivers
S_0x55c2acef03b0 .scope module, "V_REF_POWERGOODx_bf7564e6" "vpwl_0x0_11ux0_11d002ux1d2" 2 177, 2 62 0, S_0x55c2ace94f60;
 .timescale 0 0;
    .port_info 0 /OUTPUT 1 "PLUS";
    .port_info 1 /INPUT 1 "MINUS";
v0x55c2acef05d0_0 .net "MINUS", 0 0, o0x7f26b12fe018;  alias, 0 drivers
v0x55c2acef0690_0 .net "PLUS", 0 0, o0x7f26b12fe2e8;  alias, 0 drivers
S_0x55c2acef07a0 .scope module, "V_SIMPVx_5dd161ce" "vpwl_0x0_11ux0_11d002ux5" 2 157, 2 30 0, S_0x55c2ace94f60;
 .timescale 0 0;
    .port_info 0 /OUTPUT 1 "PLUS";
    .port_info 1 /INPUT 1 "MINUS";
v0x55c2acef09c0_0 .net "MINUS", 0 0, o0x7f26b12fe018;  alias, 0 drivers
v0x55c2acef0b10_0 .net "PLUS", 0 0, o0x7f26b12fe3a8;  alias, 0 drivers
S_0x55c2acef0c20 .scope module, "V_enable_powergoodx_f460d2f0" "vpwl_0x0_11ux0_11d002ux5d0" 2 187, 2 67 0, S_0x55c2ace94f60;
 .timescale 0 0;
    .port_info 0 /OUTPUT 1 "PLUS";
    .port_info 1 /INPUT 1 "MINUS";
v0x55c2acef0df0_0 .net "MINUS", 0 0, o0x7f26b12fe018;  alias, 0 drivers
v0x55c2acef0eb0_0 .net "PLUS", 0 0, o0x7f26b12fe678;  alias, 0 drivers
S_0x55c2acef0fd0 .scope module, "V_kelvin_GNDpowergoodx_0d19acc3" "vpwl_0x0_11ux0_11d002ux0" 2 192, 2 57 0, S_0x55c2ace94f60;
 .timescale 0 0;
    .port_info 0 /OUTPUT 1 "PLUS";
    .port_info 1 /INPUT 1 "MINUS";
v0x55c2acef11f0_0 .net "MINUS", 0 0, o0x7f26b12fe018;  alias, 0 drivers
v0x55c2acef12b0_0 .net "PLUS", 0 0, o0x7f26b12fe438;  alias, 0 drivers
S_0x55c2acef13c0 .scope module, "XCELG" "vpwl_0x0" 2 115, 2 24 0, S_0x55c2ace94f60;
 .timescale 0 0;
    .port_info 0 /OUTPUT 1 "PLUS";
    .port_info 1 /INPUT 1 "MINUS";
v0x55c2acef15e0_0 .net "MINUS", 0 0, o0x7f26b12fe018;  alias, 0 drivers
v0x55c2acef16a0_0 .net "PLUS", 0 0, o0x7f26b12fe768;  alias, 0 drivers
S_0x55c2acef17c0 .scope module, "XCELSUB" "vpwl_0x0" 2 125, 2 24 0, S_0x55c2ace94f60;
 .timescale 0 0;
    .port_info 0 /OUTPUT 1 "PLUS";
    .port_info 1 /INPUT 1 "MINUS";
v0x55c2acef19e0_0 .net "MINUS", 0 0, o0x7f26b12fe018;  alias, 0 drivers
v0x55c2acef1bb0_0 .net "PLUS", 0 0, o0x7f26b12fe7f8;  alias, 0 drivers
S_0x55c2acef1cd0 .scope module, "XCELV" "vpwl_0x0_11ux0_11d002ux5" 2 120, 2 30 0, S_0x55c2ace94f60;
 .timescale 0 0;
    .port_info 0 /OUTPUT 1 "PLUS";
    .port_info 1 /INPUT 1 "MINUS";
v0x55c2acef1ef0_0 .net "MINUS", 0 0, o0x7f26b12fe018;  alias, 0 drivers
v0x55c2acef1fb0_0 .net "PLUS", 0 0, o0x7f26b12fe888;  alias, 0 drivers
S_0x55c2acef20d0 .scope module, "XIP_5a601a48" "SIMbias" 2 130, 2 38 0, S_0x55c2ace94f60;
 .timescale 0 0;
    .port_info 0 /INPUT 1 "V";
    .port_info 1 /OUTPUT 1 "IP";
    .port_info 2 /OUTPUT 1 "IN";
v0x55c2acef2410_0 .net "IN", 0 0, o0x7f26b12fe918;  alias, 0 drivers
v0x55c2acef24f0_0 .net "IP", 0 0, o0x7f26b12fe948;  alias, 0 drivers
v0x55c2acef25b0_0 .net "V", 0 0, o0x7f26b12fe378;  alias, 0 drivers
S_0x55c2acef26f0 .scope module, "XIP_f5d3565c" "SIMbias" 2 136, 2 38 0, S_0x55c2ace94f60;
 .timescale 0 0;
    .port_info 0 /INPUT 1 "V";
    .port_info 1 /OUTPUT 1 "IP";
    .port_info 2 /OUTPUT 1 "IN";
v0x55c2acef2920_0 .net "IN", 0 0, o0x7f26b12fea08;  alias, 0 drivers
v0x55c2acef2a00_0 .net "IP", 0 0, o0x7f26b12fea38;  alias, 0 drivers
v0x55c2acef2ac0_0 .net "V", 0 0, o0x7f26b12fe378;  alias, 0 drivers
S_0x55c2acef2c40 .scope module, "XNC61" "STONEnoconn" 2 95, 2 5 0, S_0x55c2ace94f60;
 .timescale 0 0;
    .port_info 0 /INPUT 1 "noconn";
v0x55c2acef2e40_0 .net "noconn", 0 0, o0x7f26b12fe228;  alias, 0 drivers
S_0x55c2acef2f20 .scope module, "XNCIP_5a601a48" "STONEnoconn" 2 99, 2 5 0, S_0x55c2ace94f60;
 .timescale 0 0;
    .port_info 0 /INPUT 1 "noconn";
v0x55c2acef3120_0 .net "noconn", 0 0, o0x7f26b12fe918;  alias, 0 drivers
S_0x55c2acef3230 .scope module, "XNCIP_f5d3565c" "STONEnoconn" 2 103, 2 5 0, S_0x55c2ace94f60;
 .timescale 0 0;
    .port_info 0 /INPUT 1 "noconn";
v0x55c2acef3430_0 .net "noconn", 0 0, o0x7f26b12fea08;  alias, 0 drivers
S_0x55c2acef3540 .scope module, "Xd_enable_powergood" "dbuf_e926e395" 2 107, 2 14 0, S_0x55c2ace94f60;
 .timescale 0 0;
    .port_info 0 /INPUT 1 "CELV";
    .port_info 1 /INPUT 1 "CELG";
    .port_info 2 /INPUT 1 "i";
    .port_info 3 /OUTPUT 1 "o";
    .port_info 4 /INPUT 1 "SUB";
v0x55c2acef37d0_0 .net "CELG", 0 0, o0x7f26b12fe768;  alias, 0 drivers
v0x55c2acef38a0_0 .net "CELV", 0 0, o0x7f26b12fe888;  alias, 0 drivers
v0x55c2acef3970_0 .net "SUB", 0 0, o0x7f26b12fe7f8;  alias, 0 drivers
v0x55c2acef3a70_0 .net "i", 0 0, o0x7f26b12fe678;  alias, 0 drivers
v0x55c2acef3b40_0 .net "o", 0 0, o0x7f26b12feb88;  alias, 0 drivers
# The file index is used to find the file name in the following table.
:file_names 3;
    "N/A";
    "<interactive>";
    "/celera/projects/Sunnyvale/software/POWERGOODpuget/verilog10/FORCE_POWERGOODpuget.v";
