#! /usr/local/bin/vvp
:ivl_version "11.0 (stable)" "(v11_0)";
:ivl_delay_selection "TYPICAL";
:vpi_time_precision + 0;
:vpi_module "/usr/local/lib/ivl/system.vpi";
:vpi_module "/usr/local/lib/ivl/vhdl_sys.vpi";
:vpi_module "/usr/local/lib/ivl/vhdl_textio.vpi";
:vpi_module "/usr/local/lib/ivl/v2005_math.vpi";
:vpi_module "/usr/local/lib/ivl/va_math.vpi";
S_0x561f626c8f60 .scope module, "CAPshuntDRIVERdebug" "CAPshuntDRIVERdebug" 2 22;
 .timescale 0 0;
    .port_info 0 /INPUT 1 "dft_gate1";
    .port_info 1 /INPUT 1 "dft_startup";
    .port_info 2 /INPUT 1 "active_shunt";
    .port_info 3 /INPUT 1 "enable_shunt";
    .port_info 4 /INPUT 1 "maximum_channel_0";
    .port_info 5 /INPUT 1 "maximum_channel_1";
    .port_info 6 /OUTPUT 1 "hijack_enable_shunt";
    .port_info 7 /OUTPUT 1 "hijack_maximum_channel_0";
    .port_info 8 /OUTPUT 1 "hijack_maximum_channel_1";
o0x7f7347308018 .functor BUFZ 1, C4<z>; HiZ drive
v0x561f62712850_0 .net "active_shunt", 0 0, o0x7f7347308018;  0 drivers
o0x7f7347308078 .functor BUFZ 1, C4<z>; HiZ drive
v0x561f627128f0_0 .net "dft_gate1", 0 0, o0x7f7347308078;  0 drivers
o0x7f73473080d8 .functor BUFZ 1, C4<z>; HiZ drive
v0x561f627129c0_0 .net "dft_startup", 0 0, o0x7f73473080d8;  0 drivers
o0x7f7347308138 .functor BUFZ 1, C4<z>; HiZ drive
v0x561f62712ac0_0 .net "enable_shunt", 0 0, o0x7f7347308138;  0 drivers
o0x7f7347308168 .functor BUFZ 1, C4<z>; HiZ drive
v0x561f62712b90_0 .net "hijack_enable_shunt", 0 0, o0x7f7347308168;  0 drivers
o0x7f73473082e8 .functor BUFZ 1, C4<z>; HiZ drive
v0x561f62712c80_0 .net "hijack_maximum_channel_0", 0 0, o0x7f73473082e8;  0 drivers
o0x7f7347308228 .functor BUFZ 1, C4<z>; HiZ drive
v0x561f62712d50_0 .net "hijack_maximum_channel_1", 0 0, o0x7f7347308228;  0 drivers
o0x7f73473081f8 .functor BUFZ 1, C4<z>; HiZ drive
v0x561f62712e20_0 .net "maximum_channel_0", 0 0, o0x7f73473081f8;  0 drivers
o0x7f73473082b8 .functor BUFZ 1, C4<z>; HiZ drive
v0x561f62712ef0_0 .net "maximum_channel_1", 0 0, o0x7f73473082b8;  0 drivers
S_0x561f626c6e30 .scope module, "XNCactive_shunt" "STONEnoconn" 2 60, 2 15 0, S_0x561f626c8f60;
 .timescale 0 0;
    .port_info 0 /INPUT 1 "noconn";
v0x561f626c84b0_0 .net "noconn", 0 0, o0x7f7347308018;  alias, 0 drivers
S_0x561f62711780 .scope module, "XNCdft_gate1" "STONEnoconn" 2 52, 2 15 0, S_0x561f626c8f60;
 .timescale 0 0;
    .port_info 0 /INPUT 1 "noconn";
v0x561f626c90f0_0 .net "noconn", 0 0, o0x7f7347308078;  alias, 0 drivers
S_0x561f62711a00 .scope module, "XNCdft_startup" "STONEnoconn" 2 56, 2 15 0, S_0x561f626c8f60;
 .timescale 0 0;
    .port_info 0 /INPUT 1 "noconn";
v0x561f626c8ec0_0 .net "noconn", 0 0, o0x7f73473080d8;  alias, 0 drivers
S_0x561f62711c60 .scope module, "XWRAP_28_29" "WRAPPER1" 2 37, 2 5 0, S_0x561f626c8f60;
 .timescale 0 0;
    .port_info 0 /OUTPUT 1 "o";
    .port_info 1 /INPUT 1 "i";
v0x561f62711e40_0 .net "i", 0 0, o0x7f7347308138;  alias, 0 drivers
v0x561f62711f20_0 .net "o", 0 0, o0x7f7347308168;  alias, 0 drivers
S_0x561f62712040 .scope module, "XWRAP_33_36" "WRAPPER1" 2 42, 2 5 0, S_0x561f626c8f60;
 .timescale 0 0;
    .port_info 0 /OUTPUT 1 "o";
    .port_info 1 /INPUT 1 "i";
v0x561f62712270_0 .net "i", 0 0, o0x7f73473081f8;  alias, 0 drivers
v0x561f62712350_0 .net "o", 0 0, o0x7f7347308228;  alias, 0 drivers
S_0x561f62712470 .scope module, "XWRAP_35_34" "WRAPPER1" 2 47, 2 5 0, S_0x561f626c8f60;
 .timescale 0 0;
    .port_info 0 /OUTPUT 1 "o";
    .port_info 1 /INPUT 1 "i";
v0x561f62712650_0 .net "i", 0 0, o0x7f73473082b8;  alias, 0 drivers
v0x561f62712730_0 .net "o", 0 0, o0x7f73473082e8;  alias, 0 drivers
# The file index is used to find the file name in the following table.
:file_names 3;
    "N/A";
    "<interactive>";
    "/celera/projects/Sunnyvale/software/CAPshunt/verilog8/CAPshuntDRIVERdebug.v";
