#! /usr/local/bin/vvp
:ivl_version "11.0 (stable)" "(v11_0)";
:ivl_delay_selection "TYPICAL";
:vpi_time_precision + 0;
:vpi_module "/usr/local/lib/ivl/system.vpi";
:vpi_module "/usr/local/lib/ivl/vhdl_sys.vpi";
:vpi_module "/usr/local/lib/ivl/vhdl_textio.vpi";
:vpi_module "/usr/local/lib/ivl/v2005_math.vpi";
:vpi_module "/usr/local/lib/ivl/va_math.vpi";
S_0x55a7122b1f60 .scope module, "SOFTSTARTwaltz" "SOFTSTARTwaltz" 2 42;
 .timescale 0 0;
    .port_info 0 /INOUT 1 "SS";
    .port_info 1 /INPUT 1 "REF";
    .port_info 2 /INPUT 1 "MUDV";
    .port_info 3 /INPUT 1 "CELG59462";
    .port_info 4 /INPUT 1 "CELV96848";
    .port_info 5 /INPUT 1 "CELSUB40948";
    .port_info 6 /INPUT 1 "IP_4d71065b";
    .port_info 7 /INPUT 1 "IP_9218e44e";
    .port_info 8 /INPUT 1 "IP_ad72ebe7";
    .port_info 9 /INPUT 1 "enable_brick";
    .port_info 10 /OUTPUT 1 "done_softstart";
    .port_info 11 /INPUT 1 "SENSE_G_9218e44e";
    .port_info 12 /INPUT 1 "enable_softstart";
    .port_info 13 /OUTPUT 1 "completed_softstart";
    .port_info 14 /INPUT 1 "kelvin_MUDGsoftstart";
o0x7f3f2eacb0d8 .functor BUFZ 1, C4<z>; HiZ drive
v0x55a712303a30_0 .net "CELG59462", 0 0, o0x7f3f2eacb0d8;  0 drivers
o0x7f3f2eacb108 .functor BUFZ 1, C4<z>; HiZ drive
v0x55a712304e40_0 .net "CELSUB40948", 0 0, o0x7f3f2eacb108;  0 drivers
o0x7f3f2eacb138 .functor BUFZ 1, C4<z>; HiZ drive
v0x55a712304f50_0 .net "CELV96848", 0 0, o0x7f3f2eacb138;  0 drivers
o0x7f3f2eacb498 .functor BUFZ 1, C4<z>; HiZ drive
v0x55a712305040_0 .net "IP_4d71065b", 0 0, o0x7f3f2eacb498;  0 drivers
o0x7f3f2eacb4c8 .functor BUFZ 1, C4<z>; HiZ drive
v0x55a7123050e0_0 .net "IP_9218e44e", 0 0, o0x7f3f2eacb4c8;  0 drivers
o0x7f3f2eacb4f8 .functor BUFZ 1, C4<z>; HiZ drive
v0x55a7123051d0_0 .net "IP_ad72ebe7", 0 0, o0x7f3f2eacb4f8;  0 drivers
o0x7f3f2eacb528 .functor BUFZ 1, C4<z>; HiZ drive
v0x55a712305270_0 .net "MUDV", 0 0, o0x7f3f2eacb528;  0 drivers
o0x7f3f2eacb558 .functor BUFZ 1, C4<z>; HiZ drive
v0x55a712305340_0 .net "REF", 0 0, o0x7f3f2eacb558;  0 drivers
o0x7f3f2eacb588 .functor BUFZ 1, C4<z>; HiZ drive
v0x55a712305410_0 .net "SENSE_G_9218e44e", 0 0, o0x7f3f2eacb588;  0 drivers
o0x7f3f2eacb168 .functor BUFZ 1, C4<z>; HiZ drive
v0x55a7123054e0_0 .net "SS", 0 0, o0x7f3f2eacb168;  0 drivers
o0x7f3f2eacb5b8 .functor BUFZ 1, C4<z>; HiZ drive
v0x55a712305580_0 .net "completed_softstart", 0 0, o0x7f3f2eacb5b8;  0 drivers
o0x7f3f2eacb1c8 .functor BUFZ 1, C4<z>; HiZ drive
v0x55a712305620_0 .net "done_softstart", 0 0, o0x7f3f2eacb1c8;  0 drivers
o0x7f3f2eacb1f8 .functor BUFZ 1, C4<z>; HiZ drive
v0x55a712305710_0 .net "enable_brick", 0 0, o0x7f3f2eacb1f8;  0 drivers
o0x7f3f2eacb228 .functor BUFZ 1, C4<z>; HiZ drive
v0x55a7123057b0_0 .net "enable_softstart", 0 0, o0x7f3f2eacb228;  0 drivers
o0x7f3f2eacb5e8 .functor BUFZ 1, C4<z>; HiZ drive
v0x55a712305880_0 .net "kelvin_MUDGsoftstart", 0 0, o0x7f3f2eacb5e8;  0 drivers
o0x7f3f2eacb048 .functor BUFZ 1, C4<z>; HiZ drive
v0x55a712305950_0 .net "net_46", 0 0, o0x7f3f2eacb048;  0 drivers
o0x7f3f2eacb018 .functor BUFZ 1, C4<z>; HiZ drive
v0x55a712305a40_0 .net "net_47", 0 0, o0x7f3f2eacb018;  0 drivers
o0x7f3f2eacb258 .functor BUFZ 1, C4<z>; HiZ drive
v0x55a712305c40_0 .net "net_48", 0 0, o0x7f3f2eacb258;  0 drivers
o0x7f3f2eacb288 .functor BUFZ 1, C4<z>; HiZ drive
v0x55a712305d30_0 .net "net_49", 0 0, o0x7f3f2eacb288;  0 drivers
o0x7f3f2eacb198 .functor BUFZ 1, C4<z>; HiZ drive
v0x55a712305e20_0 .net "net_50", 0 0, o0x7f3f2eacb198;  0 drivers
S_0x55a7122e99d0 .scope module, "XCONFIGURATION" "SOFTSTARTwaltzCONFIGURATION" 2 63, 2 2 0, S_0x55a7122b1f60;
 .timescale 0 0;
    .port_info 0 /INPUT 1 "halfway";
    .port_info 1 /INPUT 1 "softstart_1ms";
v0x55a7122b14b0_0 .net "halfway", 0 0, o0x7f3f2eacb018;  alias, 0 drivers
v0x55a7122b20f0_0 .net "softstart_1ms", 0 0, o0x7f3f2eacb048;  alias, 0 drivers
S_0x55a712302d70 .scope module, "XDEBUG" "SOFTSTARTwaltzDEBUG" 2 68, 2 7 0, S_0x55a7122b1f60;
 .timescale 0 0;
    .port_info 0 /INPUT 1 "SS";
    .port_info 1 /INPUT 1 "CELG59462";
    .port_info 2 /INPUT 1 "CELV96848";
    .port_info 3 /INPUT 1 "dft_clock";
    .port_info 4 /INPUT 1 "CELSUB40948";
    .port_info 5 /INPUT 1 "enable_brick";
    .port_info 6 /INPUT 1 "done_softstart";
    .port_info 7 /INPUT 1 "enable_softstart";
    .port_info 8 /OUTPUT 1 "hijack_enable_brick";
    .port_info 9 /OUTPUT 1 "hijack_enable_softstart";
v0x55a7122b1ec0_0 .net "CELG59462", 0 0, o0x7f3f2eacb0d8;  alias, 0 drivers
v0x55a712303070_0 .net "CELSUB40948", 0 0, o0x7f3f2eacb108;  alias, 0 drivers
v0x55a712303130_0 .net "CELV96848", 0 0, o0x7f3f2eacb138;  alias, 0 drivers
v0x55a7123031d0_0 .net "SS", 0 0, o0x7f3f2eacb168;  alias, 0 drivers
v0x55a712303290_0 .net "dft_clock", 0 0, o0x7f3f2eacb198;  alias, 0 drivers
v0x55a7123033a0_0 .net "done_softstart", 0 0, o0x7f3f2eacb1c8;  alias, 0 drivers
v0x55a712303460_0 .net "enable_brick", 0 0, o0x7f3f2eacb1f8;  alias, 0 drivers
v0x55a712303520_0 .net "enable_softstart", 0 0, o0x7f3f2eacb228;  alias, 0 drivers
v0x55a7123035e0_0 .net "hijack_enable_brick", 0 0, o0x7f3f2eacb258;  alias, 0 drivers
v0x55a7123036a0_0 .net "hijack_enable_softstart", 0 0, o0x7f3f2eacb288;  alias, 0 drivers
S_0x55a7123038a0 .scope module, "XMAIN" "SOFTSTARTwaltz8BMAIN" 2 81, 2 20 0, S_0x55a7122b1f60;
 .timescale 0 0;
    .port_info 0 /INOUT 1 "SS";
    .port_info 1 /INPUT 1 "REF";
    .port_info 2 /INPUT 1 "MUDV";
    .port_info 3 /INPUT 1 "halfway";
    .port_info 4 /INPUT 1 "CELG59462";
    .port_info 5 /INPUT 1 "CELV96848";
    .port_info 6 /OUTPUT 1 "dft_clock";
    .port_info 7 /INPUT 1 "CELSUB40948";
    .port_info 8 /INPUT 1 "IP_4d71065b";
    .port_info 9 /INPUT 1 "IP_9218e44e";
    .port_info 10 /INPUT 1 "IP_ad72ebe7";
    .port_info 11 /INPUT 1 "enable_brick";
    .port_info 12 /INPUT 1 "softstart_1ms";
    .port_info 13 /OUTPUT 1 "done_softstart";
    .port_info 14 /INPUT 1 "SENSE_G_9218e44e";
    .port_info 15 /INPUT 1 "enable_softstart";
    .port_info 16 /OUTPUT 1 "completed_softstart";
    .port_info 17 /INPUT 1 "kelvin_MUDGsoftstart";
v0x55a712303c90_0 .net "CELG59462", 0 0, o0x7f3f2eacb0d8;  alias, 0 drivers
v0x55a712303d60_0 .net "CELSUB40948", 0 0, o0x7f3f2eacb108;  alias, 0 drivers
v0x55a712303e30_0 .net "CELV96848", 0 0, o0x7f3f2eacb138;  alias, 0 drivers
v0x55a712303f30_0 .net "IP_4d71065b", 0 0, o0x7f3f2eacb498;  alias, 0 drivers
v0x55a712303fd0_0 .net "IP_9218e44e", 0 0, o0x7f3f2eacb4c8;  alias, 0 drivers
v0x55a7123040c0_0 .net "IP_ad72ebe7", 0 0, o0x7f3f2eacb4f8;  alias, 0 drivers
v0x55a712304160_0 .net "MUDV", 0 0, o0x7f3f2eacb528;  alias, 0 drivers
v0x55a712304200_0 .net "REF", 0 0, o0x7f3f2eacb558;  alias, 0 drivers
v0x55a7123042c0_0 .net "SENSE_G_9218e44e", 0 0, o0x7f3f2eacb588;  alias, 0 drivers
v0x55a712304410_0 .net "SS", 0 0, o0x7f3f2eacb168;  alias, 0 drivers
v0x55a7123044b0_0 .net "completed_softstart", 0 0, o0x7f3f2eacb5b8;  alias, 0 drivers
v0x55a712304550_0 .net "dft_clock", 0 0, o0x7f3f2eacb198;  alias, 0 drivers
v0x55a712304620_0 .net "done_softstart", 0 0, o0x7f3f2eacb1c8;  alias, 0 drivers
v0x55a7123046f0_0 .net "enable_brick", 0 0, o0x7f3f2eacb258;  alias, 0 drivers
v0x55a7123047c0_0 .net "enable_softstart", 0 0, o0x7f3f2eacb288;  alias, 0 drivers
v0x55a712304890_0 .net "halfway", 0 0, o0x7f3f2eacb018;  alias, 0 drivers
v0x55a712304960_0 .net "kelvin_MUDGsoftstart", 0 0, o0x7f3f2eacb5e8;  alias, 0 drivers
v0x55a712304b10_0 .net "softstart_1ms", 0 0, o0x7f3f2eacb048;  alias, 0 drivers
# The file index is used to find the file name in the following table.
:file_names 3;
    "N/A";
    "<interactive>";
    "/celera/projects/Sunnyvale/software/SOFTSTARTwaltz/verilog10/SOFTSTARTwaltz.v";
