#! /usr/local/bin/vvp
:ivl_version "11.0 (stable)" "(v11_0)";
:ivl_delay_selection "TYPICAL";
:vpi_time_precision + 0;
:vpi_module "/usr/local/lib/ivl/system.vpi";
:vpi_module "/usr/local/lib/ivl/vhdl_sys.vpi";
:vpi_module "/usr/local/lib/ivl/vhdl_textio.vpi";
:vpi_module "/usr/local/lib/ivl/v2005_math.vpi";
:vpi_module "/usr/local/lib/ivl/va_math.vpi";
S_0x555555847f60 .scope module, "sim_DUT2" "sim_DUT2" 2 67;
 .timescale 0 0;
o0x7fffff25f018 .functor BUFZ 1, C4<z>; HiZ drive
v0x5555558a4390_0 .net "BSO_0", 0 0, o0x7fffff25f018;  0 drivers
o0x7fffff25f048 .functor BUFZ 1, C4<z>; HiZ drive
v0x5555558a44a0_0 .net "BSO_1", 0 0, o0x7fffff25f048;  0 drivers
o0x7fffff25f078 .functor BUFZ 1, C4<z>; HiZ drive
v0x5555558a45b0_0 .net "BSO_2", 0 0, o0x7fffff25f078;  0 drivers
o0x7fffff25f0a8 .functor BUFZ 1, C4<z>; HiZ drive
v0x5555558a46a0_0 .net "BSO_3", 0 0, o0x7fffff25f0a8;  0 drivers
o0x7fffff25f0d8 .functor BUFZ 1, C4<z>; HiZ drive
v0x5555558a4790_0 .net "BS_0", 0 0, o0x7fffff25f0d8;  0 drivers
o0x7fffff25f108 .functor BUFZ 1, C4<z>; HiZ drive
v0x5555558a48d0_0 .net "BS_1", 0 0, o0x7fffff25f108;  0 drivers
o0x7fffff25f138 .functor BUFZ 1, C4<z>; HiZ drive
v0x5555558a49c0_0 .net "BS_2", 0 0, o0x7fffff25f138;  0 drivers
o0x7fffff25f168 .functor BUFZ 1, C4<z>; HiZ drive
v0x5555558a4ab0_0 .net "BS_3", 0 0, o0x7fffff25f168;  0 drivers
o0x7fffff25f198 .functor BUFZ 1, C4<z>; HiZ drive
v0x5555558a4ba0_0 .net "CELG59462", 0 0, o0x7fffff25f198;  0 drivers
o0x7fffff25f1c8 .functor BUFZ 1, C4<z>; HiZ drive
v0x5555558a4c40_0 .net "CELSUB40948", 0 0, o0x7fffff25f1c8;  0 drivers
o0x7fffff25f1f8 .functor BUFZ 1, C4<z>; HiZ drive
v0x5555558a4d30_0 .net "CELV96848", 0 0, o0x7fffff25f1f8;  0 drivers
o0x7fffff25f228 .functor BUFZ 1, C4<z>; HiZ drive
v0x5555558a4e20_0 .net "COMPOUT", 0 0, o0x7fffff25f228;  0 drivers
o0x7fffff25f738 .functor BUFZ 1, C4<z>; HiZ drive
v0x5555558a4f10_0 .net "GND", 0 0, o0x7fffff25f738;  0 drivers
o0x7fffff25f768 .functor BUFZ 1, C4<z>; HiZ drive
v0x5555558a5000_0 .net "IPUL", 0 0, o0x7fffff25f768;  0 drivers
o0x7fffff25f798 .functor BUFZ 1, C4<z>; HiZ drive
v0x5555558a50f0_0 .net "IPWL", 0 0, o0x7fffff25f798;  0 drivers
o0x7fffff25faf8 .functor BUFZ 1, C4<z>; HiZ drive
v0x5555558a51e0_0 .net "IP_efc25439", 0 0, o0x7fffff25faf8;  0 drivers
o0x7fffff25f258 .functor BUFZ 1, C4<z>; HiZ drive
v0x5555558a5280_0 .net "ISIN", 0 0, o0x7fffff25f258;  0 drivers
o0x7fffff25f7c8 .functor BUFZ 1, C4<z>; HiZ drive
v0x5555558a5430_0 .net "ISQR", 0 0, o0x7fffff25f7c8;  0 drivers
o0x7fffff25f288 .functor BUFZ 1, C4<z>; HiZ drive
v0x5555558a5520_0 .net "ITRI", 0 0, o0x7fffff25f288;  0 drivers
o0x7fffff25f2b8 .functor BUFZ 1, C4<z>; HiZ drive
v0x5555558a55c0_0 .net "PORB97836", 0 0, o0x7fffff25f2b8;  0 drivers
o0x7fffff25f2e8 .functor BUFZ 1, C4<z>; HiZ drive
v0x5555558a56b0_0 .net "SENSE_G_465a3572", 0 0, o0x7fffff25f2e8;  0 drivers
o0x7fffff25f7f8 .functor BUFZ 1, C4<z>; HiZ drive
v0x5555558a57a0_0 .net "VPUL", 0 0, o0x7fffff25f7f8;  0 drivers
o0x7fffff25f318 .functor BUFZ 1, C4<z>; HiZ drive
v0x5555558a5890_0 .net "VPWL", 0 0, o0x7fffff25f318;  0 drivers
o0x7fffff25f828 .functor BUFZ 1, C4<z>; HiZ drive
v0x5555558a5980_0 .net "VSIN", 0 0, o0x7fffff25f828;  0 drivers
o0x7fffff25f348 .functor BUFZ 1, C4<z>; HiZ drive
v0x5555558a5a70_0 .net "VSQR", 0 0, o0x7fffff25f348;  0 drivers
o0x7fffff25f378 .functor BUFZ 1, C4<z>; HiZ drive
v0x5555558a5b60_0 .net "VTRI", 0 0, o0x7fffff25f378;  0 drivers
o0x7fffff25fb28 .functor BUFZ 4, C4<zzzz>; HiZ drive
v0x5555558a5c00_0 .net "register_BS_xdatamap1_19739851", 3 0, o0x7fffff25fb28;  0 drivers
S_0x555555880380 .scope module, "XDUT2" "DUT2" 2 74, 2 2 0, S_0x555555847f60;
 .timescale 0 0;
    .port_info 0 /INPUT 1 "BS_0";
    .port_info 1 /INPUT 1 "BS_1";
    .port_info 2 /INPUT 1 "BS_2";
    .port_info 3 /INPUT 1 "BS_3";
    .port_info 4 /INPUT 1 "ISIN";
    .port_info 5 /INPUT 1 "ITRI";
    .port_info 6 /INPUT 1 "VPWL";
    .port_info 7 /INPUT 1 "VSQR";
    .port_info 8 /INPUT 1 "VTRI";
    .port_info 9 /OUTPUT 1 "BSO_0";
    .port_info 10 /OUTPUT 1 "BSO_1";
    .port_info 11 /OUTPUT 1 "BSO_2";
    .port_info 12 /OUTPUT 1 "BSO_3";
    .port_info 13 /OUTPUT 1 "COMPOUT";
    .port_info 14 /INPUT 1 "CELG59462";
    .port_info 15 /INPUT 1 "CELV96848";
    .port_info 16 /INPUT 1 "PORB97836";
    .port_info 17 /INPUT 1 "CELSUB40948";
    .port_info 18 /INPUT 1 "SENSE_G_465a3572";
v0x5555558480f0_0 .net "BSO_0", 0 0, o0x7fffff25f018;  alias, 0 drivers
v0x555555847ec0_0 .net "BSO_1", 0 0, o0x7fffff25f048;  alias, 0 drivers
v0x5555558a0d10_0 .net "BSO_2", 0 0, o0x7fffff25f078;  alias, 0 drivers
v0x5555558a0db0_0 .net "BSO_3", 0 0, o0x7fffff25f0a8;  alias, 0 drivers
v0x5555558a0e70_0 .net "BS_0", 0 0, o0x7fffff25f0d8;  alias, 0 drivers
v0x5555558a0f80_0 .net "BS_1", 0 0, o0x7fffff25f108;  alias, 0 drivers
v0x5555558a1040_0 .net "BS_2", 0 0, o0x7fffff25f138;  alias, 0 drivers
v0x5555558a1100_0 .net "BS_3", 0 0, o0x7fffff25f168;  alias, 0 drivers
v0x5555558a11c0_0 .net "CELG59462", 0 0, o0x7fffff25f198;  alias, 0 drivers
v0x5555558a1280_0 .net "CELSUB40948", 0 0, o0x7fffff25f1c8;  alias, 0 drivers
v0x5555558a1340_0 .net "CELV96848", 0 0, o0x7fffff25f1f8;  alias, 0 drivers
v0x5555558a1400_0 .net "COMPOUT", 0 0, o0x7fffff25f228;  alias, 0 drivers
v0x5555558a14c0_0 .net "ISIN", 0 0, o0x7fffff25f258;  alias, 0 drivers
v0x5555558a1580_0 .net "ITRI", 0 0, o0x7fffff25f288;  alias, 0 drivers
v0x5555558a1640_0 .net "PORB97836", 0 0, o0x7fffff25f2b8;  alias, 0 drivers
v0x5555558a1700_0 .net "SENSE_G_465a3572", 0 0, o0x7fffff25f2e8;  alias, 0 drivers
v0x5555558a17c0_0 .net "VPWL", 0 0, o0x7fffff25f318;  alias, 0 drivers
v0x5555558a1990_0 .net "VSQR", 0 0, o0x7fffff25f348;  alias, 0 drivers
v0x5555558a1a50_0 .net "VTRI", 0 0, o0x7fffff25f378;  alias, 0 drivers
S_0x5555558a1e10 .scope module, "XEXTERNALDUT2" "EXTERNALDUT2" 2 96, 2 24 0, S_0x555555847f60;
 .timescale 0 0;
    .port_info 0 /INOUT 1 "GND";
    .port_info 1 /INOUT 1 "IPUL";
    .port_info 2 /INOUT 1 "IPWL";
    .port_info 3 /INOUT 1 "ISIN";
    .port_info 4 /INOUT 1 "ISQR";
    .port_info 5 /INOUT 1 "ITRI";
    .port_info 6 /INOUT 1 "VPUL";
    .port_info 7 /INOUT 1 "VSIN";
    .port_info 8 /INPUT 1 "VTRI";
    .port_info 9 /INPUT 1 "BSO_0";
    .port_info 10 /INPUT 1 "BSO_1";
    .port_info 11 /INPUT 1 "BSO_2";
    .port_info 12 /INPUT 1 "BSO_3";
    .port_info 13 /INOUT 1 "COMPOUT";
v0x5555558474b0_0 .net "BSO_0", 0 0, o0x7fffff25f018;  alias, 0 drivers
v0x5555558a2120_0 .net "BSO_1", 0 0, o0x7fffff25f048;  alias, 0 drivers
v0x5555558a21f0_0 .net "BSO_2", 0 0, o0x7fffff25f078;  alias, 0 drivers
v0x5555558a22f0_0 .net "BSO_3", 0 0, o0x7fffff25f0a8;  alias, 0 drivers
v0x5555558a23c0_0 .net "COMPOUT", 0 0, o0x7fffff25f228;  alias, 0 drivers
v0x5555558a24b0_0 .net "GND", 0 0, o0x7fffff25f738;  alias, 0 drivers
v0x5555558a2550_0 .net "IPUL", 0 0, o0x7fffff25f768;  alias, 0 drivers
v0x5555558a25f0_0 .net "IPWL", 0 0, o0x7fffff25f798;  alias, 0 drivers
v0x5555558a2690_0 .net "ISIN", 0 0, o0x7fffff25f258;  alias, 0 drivers
v0x5555558a2760_0 .net "ISQR", 0 0, o0x7fffff25f7c8;  alias, 0 drivers
v0x5555558a2800_0 .net "ITRI", 0 0, o0x7fffff25f288;  alias, 0 drivers
v0x5555558a28d0_0 .net "VPUL", 0 0, o0x7fffff25f7f8;  alias, 0 drivers
v0x5555558a2970_0 .net "VSIN", 0 0, o0x7fffff25f828;  alias, 0 drivers
v0x5555558a2a10_0 .net "VTRI", 0 0, o0x7fffff25f378;  alias, 0 drivers
S_0x5555558a2c40 .scope module, "XFORCEDUT2" "FORCEDUT2" 2 113, 2 41 0, S_0x555555847f60;
 .timescale 0 0;
    .port_info 0 /INOUT 1 "GND";
    .port_info 1 /INOUT 1 "BS_0";
    .port_info 2 /INOUT 1 "BS_1";
    .port_info 3 /INOUT 1 "BS_2";
    .port_info 4 /INOUT 1 "BS_3";
    .port_info 5 /INOUT 1 "IPUL";
    .port_info 6 /OUTPUT 1 "IPWL";
    .port_info 7 /INOUT 1 "ISIN";
    .port_info 8 /INOUT 1 "ISQR";
    .port_info 9 /INOUT 1 "ITRI";
    .port_info 10 /INOUT 1 "VPUL";
    .port_info 11 /OUTPUT 1 "VPWL";
    .port_info 12 /INOUT 1 "VSIN";
    .port_info 13 /OUTPUT 1 "VSQR";
    .port_info 14 /INOUT 1 "VTRI";
    .port_info 15 /OUTPUT 1 "CELG59462";
    .port_info 16 /OUTPUT 1 "CELV96848";
    .port_info 17 /OUTPUT 1 "PORB97836";
    .port_info 18 /OUTPUT 1 "CELSUB40948";
    .port_info 19 /OUTPUT 1 "IP_efc25439";
    .port_info 20 /OUTPUT 1 "SENSE_G_465a3572";
    .port_info 21 /INPUT 4 "register_BS_xdatamap1_19739851";
v0x5555558a3020_0 .net "BS_0", 0 0, o0x7fffff25f0d8;  alias, 0 drivers
v0x5555558a30f0_0 .net "BS_1", 0 0, o0x7fffff25f108;  alias, 0 drivers
v0x5555558a31c0_0 .net "BS_2", 0 0, o0x7fffff25f138;  alias, 0 drivers
v0x5555558a32c0_0 .net "BS_3", 0 0, o0x7fffff25f168;  alias, 0 drivers
v0x5555558a3390_0 .net "CELG59462", 0 0, o0x7fffff25f198;  alias, 0 drivers
v0x5555558a3480_0 .net "CELSUB40948", 0 0, o0x7fffff25f1c8;  alias, 0 drivers
v0x5555558a3550_0 .net "CELV96848", 0 0, o0x7fffff25f1f8;  alias, 0 drivers
v0x5555558a3620_0 .net "GND", 0 0, o0x7fffff25f738;  alias, 0 drivers
v0x5555558a36f0_0 .net "IPUL", 0 0, o0x7fffff25f768;  alias, 0 drivers
v0x5555558a37c0_0 .net "IPWL", 0 0, o0x7fffff25f798;  alias, 0 drivers
v0x5555558a3890_0 .net "IP_efc25439", 0 0, o0x7fffff25faf8;  alias, 0 drivers
v0x5555558a3930_0 .net "ISIN", 0 0, o0x7fffff25f258;  alias, 0 drivers
v0x5555558a39d0_0 .net "ISQR", 0 0, o0x7fffff25f7c8;  alias, 0 drivers
v0x5555558a3a70_0 .net "ITRI", 0 0, o0x7fffff25f288;  alias, 0 drivers
v0x5555558a3b60_0 .net "PORB97836", 0 0, o0x7fffff25f2b8;  alias, 0 drivers
v0x5555558a3c00_0 .net "SENSE_G_465a3572", 0 0, o0x7fffff25f2e8;  alias, 0 drivers
v0x5555558a3cd0_0 .net "VPUL", 0 0, o0x7fffff25f7f8;  alias, 0 drivers
v0x5555558a3eb0_0 .net "VPWL", 0 0, o0x7fffff25f318;  alias, 0 drivers
v0x5555558a3f80_0 .net "VSIN", 0 0, o0x7fffff25f828;  alias, 0 drivers
v0x5555558a4050_0 .net "VSQR", 0 0, o0x7fffff25f348;  alias, 0 drivers
v0x5555558a4120_0 .net "VTRI", 0 0, o0x7fffff25f378;  alias, 0 drivers
v0x5555558a4210_0 .net "register_BS_xdatamap1_19739851", 3 0, o0x7fffff25fb28;  alias, 0 drivers
# The file index is used to find the file name in the following table.
:file_names 3;
    "N/A";
    "<interactive>";
    "/celera/projects/Sunnyvale/software/DUT2/verilog8/sim_DUT2.v";
