#! /usr/local/bin/vvp
:ivl_version "11.0 (stable)" "(v11_0)";
:ivl_delay_selection "TYPICAL";
:vpi_time_precision + 0;
:vpi_module "/usr/local/lib/ivl/system.vpi";
:vpi_module "/usr/local/lib/ivl/vhdl_sys.vpi";
:vpi_module "/usr/local/lib/ivl/vhdl_textio.vpi";
:vpi_module "/usr/local/lib/ivl/v2005_math.vpi";
:vpi_module "/usr/local/lib/ivl/va_math.vpi";
S_0x555555880e20 .scope module, "sim_REGULATIONoffset_ROW16" "sim_REGULATIONoffset_ROW16" 2 55;
 .timescale 0 0;
o0x7fffff25f858 .functor BUFZ 1, C4<z>; HiZ drive
v0x5555558a15c0_0 .net "CELG59462", 0 0, o0x7fffff25f858;  0 drivers
o0x7fffff25f888 .functor BUFZ 1, C4<z>; HiZ drive
v0x5555558a16b0_0 .net "CELSUB40948", 0 0, o0x7fffff25f888;  0 drivers
o0x7fffff25f8b8 .functor BUFZ 1, C4<z>; HiZ drive
v0x5555558a1780_0 .net "CELV96848", 0 0, o0x7fffff25f8b8;  0 drivers
o0x7fffff25f018 .functor BUFZ 1, C4<z>; HiZ drive
v0x5555558a1880_0 .net "GND", 0 0, o0x7fffff25f018;  0 drivers
o0x7fffff25f8e8 .functor BUFZ 1, C4<z>; HiZ drive
v0x5555558a1950_0 .net "IINREF", 0 0, o0x7fffff25f8e8;  0 drivers
o0x7fffff25f048 .functor BUFZ 1, C4<z>; HiZ drive
v0x5555558a19f0_0 .net "IP_REGULATIONoffset1", 0 0, o0x7fffff25f048;  0 drivers
o0x7fffff25f078 .functor BUFZ 1, C4<z>; HiZ drive
v0x5555558a1ae0_0 .net "REF", 0 0, o0x7fffff25f078;  0 drivers
o0x7fffff25f918 .functor BUFZ 1, C4<z>; HiZ drive
v0x5555558a1bd0_0 .net "REF_GMCHARGE", 0 0, o0x7fffff25f918;  0 drivers
o0x7fffff25f948 .functor BUFZ 1, C4<z>; HiZ drive
v0x5555558a1c70_0 .net "REF_GMO", 0 0, o0x7fffff25f948;  0 drivers
o0x7fffff25f978 .functor BUFZ 1, C4<z>; HiZ drive
v0x5555558a1d10_0 .net "REF_GMV", 0 0, o0x7fffff25f978;  0 drivers
o0x7fffff25f0a8 .functor BUFZ 1, C4<z>; HiZ drive
v0x5555558a1de0_0 .net "REFconfigurationLSB_0", 0 0, o0x7fffff25f0a8;  0 drivers
o0x7fffff25f0d8 .functor BUFZ 1, C4<z>; HiZ drive
v0x5555558a1e80_0 .net "REFconfigurationLSB_1", 0 0, o0x7fffff25f0d8;  0 drivers
o0x7fffff25f108 .functor BUFZ 1, C4<z>; HiZ drive
v0x5555558a1f70_0 .net "REFconfigurationLSB_2", 0 0, o0x7fffff25f108;  0 drivers
o0x7fffff25f138 .functor BUFZ 1, C4<z>; HiZ drive
v0x5555558a2060_0 .net "REFconfigurationLSB_3", 0 0, o0x7fffff25f138;  0 drivers
o0x7fffff25f168 .functor BUFZ 1, C4<z>; HiZ drive
v0x5555558a2150_0 .net "REFconfigurationLSB_4", 0 0, o0x7fffff25f168;  0 drivers
o0x7fffff25f198 .functor BUFZ 1, C4<z>; HiZ drive
v0x5555558a2240_0 .net "REFconfigurationLSB_5", 0 0, o0x7fffff25f198;  0 drivers
o0x7fffff25f1c8 .functor BUFZ 1, C4<z>; HiZ drive
v0x5555558a2330_0 .net "REFconfigurationLSB_6", 0 0, o0x7fffff25f1c8;  0 drivers
o0x7fffff25f1f8 .functor BUFZ 1, C4<z>; HiZ drive
v0x5555558a2530_0 .net "REFconfigurationLSB_7", 0 0, o0x7fffff25f1f8;  0 drivers
o0x7fffff25f228 .functor BUFZ 1, C4<z>; HiZ drive
v0x5555558a2620_0 .net "REFconfigurationMSB_0", 0 0, o0x7fffff25f228;  0 drivers
o0x7fffff25f258 .functor BUFZ 1, C4<z>; HiZ drive
v0x5555558a2710_0 .net "REFconfigurationMSB_1", 0 0, o0x7fffff25f258;  0 drivers
o0x7fffff25f288 .functor BUFZ 1, C4<z>; HiZ drive
v0x5555558a2800_0 .net "REFconfigurationMSB_2", 0 0, o0x7fffff25f288;  0 drivers
o0x7fffff25f2b8 .functor BUFZ 1, C4<z>; HiZ drive
v0x5555558a28f0_0 .net "REFconfigurationMSB_3", 0 0, o0x7fffff25f2b8;  0 drivers
o0x7fffff25f2e8 .functor BUFZ 1, C4<z>; HiZ drive
v0x5555558a29e0_0 .net "SIMPV", 0 0, o0x7fffff25f2e8;  0 drivers
o0x7fffff25f318 .functor BUFZ 1, C4<z>; HiZ drive
v0x5555558a2ad0_0 .net "enable_regulation", 0 0, o0x7fffff25f318;  0 drivers
o0x7fffff25f348 .functor BUFZ 1, C4<z>; HiZ drive
v0x5555558a2bc0_0 .net "mode_stepdown", 0 0, o0x7fffff25f348;  0 drivers
o0x7fffff25f378 .functor BUFZ 8, C4<zzzzzzzz>; HiZ drive
v0x5555558a2cb0_0 .net "register_REFconfigurationLSB_xd_refconfigurationlsb_75f9990d", 7 0, o0x7fffff25f378;  0 drivers
o0x7fffff25f3a8 .functor BUFZ 4, C4<zzzz>; HiZ drive
v0x5555558a2d50_0 .net "register_REFconfigurationMSB_xd_refconfigurationmsb_22f53307", 3 0, o0x7fffff25f3a8;  0 drivers
o0x7fffff25f3d8 .functor BUFZ 1, C4<z>; HiZ drive
v0x5555558a2df0_0 .net "register_enable_regulation_xd_enable_regulation_8547b18f", 0 0, o0x7fffff25f3d8;  0 drivers
o0x7fffff25f408 .functor BUFZ 1, C4<z>; HiZ drive
v0x5555558a2e90_0 .net "register_mode_stepdown_xd_mode_stepdown_1c23b5b4", 0 0, o0x7fffff25f408;  0 drivers
S_0x555555880fb0 .scope module, "XFORCE_REGULATIONoffset1" "FORCE_REGULATIONoffset" 2 63, 2 2 0, S_0x555555880e20;
 .timescale 0 0;
    .port_info 0 /OUTPUT 1 "GND";
    .port_info 1 /INPUT 1 "REF";
    .port_info 2 /OUTPUT 1 "SIMPV";
    .port_info 3 /INOUT 1 "mode_stepdown";
    .port_info 4 /INOUT 1 "enable_regulation";
    .port_info 5 /OUTPUT 1 "IP_REGULATIONoffset1";
    .port_info 6 /INOUT 1 "REFconfigurationLSB_0";
    .port_info 7 /INOUT 1 "REFconfigurationLSB_1";
    .port_info 8 /INOUT 1 "REFconfigurationLSB_2";
    .port_info 9 /INOUT 1 "REFconfigurationLSB_3";
    .port_info 10 /INOUT 1 "REFconfigurationLSB_4";
    .port_info 11 /INOUT 1 "REFconfigurationLSB_5";
    .port_info 12 /INOUT 1 "REFconfigurationLSB_6";
    .port_info 13 /INOUT 1 "REFconfigurationLSB_7";
    .port_info 14 /INOUT 1 "REFconfigurationMSB_0";
    .port_info 15 /INOUT 1 "REFconfigurationMSB_1";
    .port_info 16 /INOUT 1 "REFconfigurationMSB_2";
    .port_info 17 /INOUT 1 "REFconfigurationMSB_3";
    .port_info 18 /INPUT 1 "register_mode_stepdown_xd_mode_stepdown_1c23b5b4";
    .port_info 19 /INPUT 1 "register_enable_regulation_xd_enable_regulation_8547b18f";
    .port_info 20 /INPUT 8 "register_REFconfigurationLSB_xd_refconfigurationlsb_75f9990d";
    .port_info 21 /INPUT 4 "register_REFconfigurationMSB_xd_refconfigurationmsb_22f53307";
v0x5555558474b0_0 .net "GND", 0 0, o0x7fffff25f018;  alias, 0 drivers
v0x5555558480f0_0 .net "IP_REGULATIONoffset1", 0 0, o0x7fffff25f048;  alias, 0 drivers
v0x555555847ec0_0 .net "REF", 0 0, o0x7fffff25f078;  alias, 0 drivers
v0x55555589ea20_0 .net "REFconfigurationLSB_0", 0 0, o0x7fffff25f0a8;  alias, 0 drivers
v0x55555589eae0_0 .net "REFconfigurationLSB_1", 0 0, o0x7fffff25f0d8;  alias, 0 drivers
v0x55555589ebf0_0 .net "REFconfigurationLSB_2", 0 0, o0x7fffff25f108;  alias, 0 drivers
v0x55555589ecb0_0 .net "REFconfigurationLSB_3", 0 0, o0x7fffff25f138;  alias, 0 drivers
v0x55555589ed70_0 .net "REFconfigurationLSB_4", 0 0, o0x7fffff25f168;  alias, 0 drivers
v0x55555589ee30_0 .net "REFconfigurationLSB_5", 0 0, o0x7fffff25f198;  alias, 0 drivers
v0x55555589eef0_0 .net "REFconfigurationLSB_6", 0 0, o0x7fffff25f1c8;  alias, 0 drivers
v0x55555589efb0_0 .net "REFconfigurationLSB_7", 0 0, o0x7fffff25f1f8;  alias, 0 drivers
v0x55555589f070_0 .net "REFconfigurationMSB_0", 0 0, o0x7fffff25f228;  alias, 0 drivers
v0x55555589f130_0 .net "REFconfigurationMSB_1", 0 0, o0x7fffff25f258;  alias, 0 drivers
v0x55555589f1f0_0 .net "REFconfigurationMSB_2", 0 0, o0x7fffff25f288;  alias, 0 drivers
v0x55555589f2b0_0 .net "REFconfigurationMSB_3", 0 0, o0x7fffff25f2b8;  alias, 0 drivers
v0x55555589f370_0 .net "SIMPV", 0 0, o0x7fffff25f2e8;  alias, 0 drivers
v0x55555589f430_0 .net "enable_regulation", 0 0, o0x7fffff25f318;  alias, 0 drivers
v0x55555589f600_0 .net "mode_stepdown", 0 0, o0x7fffff25f348;  alias, 0 drivers
v0x55555589f6c0_0 .net "register_REFconfigurationLSB_xd_refconfigurationlsb_75f9990d", 7 0, o0x7fffff25f378;  alias, 0 drivers
v0x55555589f7a0_0 .net "register_REFconfigurationMSB_xd_refconfigurationmsb_22f53307", 3 0, o0x7fffff25f3a8;  alias, 0 drivers
v0x55555589f880_0 .net "register_enable_regulation_xd_enable_regulation_8547b18f", 0 0, o0x7fffff25f3d8;  alias, 0 drivers
v0x55555589f940_0 .net "register_mode_stepdown_xd_mode_stepdown_1c23b5b4", 0 0, o0x7fffff25f408;  alias, 0 drivers
S_0x55555589fcc0 .scope module, "XREGULATIONoffset1" "REGULATIONoffset" 2 88, 2 27 0, S_0x555555880e20;
 .timescale 0 0;
    .port_info 0 /INPUT 1 "REF";
    .port_info 1 /INPUT 1 "SIMPV";
    .port_info 2 /INOUT 1 "IINREF";
    .port_info 3 /INOUT 1 "REF_GMO";
    .port_info 4 /INOUT 1 "REF_GMV";
    .port_info 5 /INPUT 1 "CELG59462";
    .port_info 6 /INPUT 1 "CELV96848";
    .port_info 7 /INPUT 1 "CELSUB40948";
    .port_info 8 /INOUT 1 "REF_GMCHARGE";
    .port_info 9 /INPUT 1 "mode_stepdown";
    .port_info 10 /INPUT 1 "enable_regulation";
    .port_info 11 /INPUT 1 "IP_REGULATIONoffset1";
    .port_info 12 /INPUT 1 "REFconfigurationLSB_0";
    .port_info 13 /INPUT 1 "REFconfigurationLSB_1";
    .port_info 14 /INPUT 1 "REFconfigurationLSB_2";
    .port_info 15 /INPUT 1 "REFconfigurationLSB_3";
    .port_info 16 /INPUT 1 "REFconfigurationLSB_4";
    .port_info 17 /INPUT 1 "REFconfigurationLSB_5";
    .port_info 18 /INPUT 1 "REFconfigurationLSB_6";
    .port_info 19 /INPUT 1 "REFconfigurationLSB_7";
    .port_info 20 /INPUT 1 "REFconfigurationMSB_0";
    .port_info 21 /INPUT 1 "REFconfigurationMSB_1";
    .port_info 22 /INPUT 1 "REFconfigurationMSB_2";
    .port_info 23 /INPUT 1 "REFconfigurationMSB_3";
v0x5555558a00c0_0 .net "CELG59462", 0 0, o0x7fffff25f858;  alias, 0 drivers
v0x5555558a0180_0 .net "CELSUB40948", 0 0, o0x7fffff25f888;  alias, 0 drivers
v0x5555558a0240_0 .net "CELV96848", 0 0, o0x7fffff25f8b8;  alias, 0 drivers
v0x5555558a02e0_0 .net "IINREF", 0 0, o0x7fffff25f8e8;  alias, 0 drivers
v0x5555558a03a0_0 .net "IP_REGULATIONoffset1", 0 0, o0x7fffff25f048;  alias, 0 drivers
v0x5555558a0490_0 .net "REF", 0 0, o0x7fffff25f078;  alias, 0 drivers
v0x5555558a0560_0 .net "REF_GMCHARGE", 0 0, o0x7fffff25f918;  alias, 0 drivers
v0x5555558a0600_0 .net "REF_GMO", 0 0, o0x7fffff25f948;  alias, 0 drivers
v0x5555558a06a0_0 .net "REF_GMV", 0 0, o0x7fffff25f978;  alias, 0 drivers
v0x5555558a0760_0 .net "REFconfigurationLSB_0", 0 0, o0x7fffff25f0a8;  alias, 0 drivers
v0x5555558a0830_0 .net "REFconfigurationLSB_1", 0 0, o0x7fffff25f0d8;  alias, 0 drivers
v0x5555558a0900_0 .net "REFconfigurationLSB_2", 0 0, o0x7fffff25f108;  alias, 0 drivers
v0x5555558a09d0_0 .net "REFconfigurationLSB_3", 0 0, o0x7fffff25f138;  alias, 0 drivers
v0x5555558a0aa0_0 .net "REFconfigurationLSB_4", 0 0, o0x7fffff25f168;  alias, 0 drivers
v0x5555558a0b70_0 .net "REFconfigurationLSB_5", 0 0, o0x7fffff25f198;  alias, 0 drivers
v0x5555558a0c40_0 .net "REFconfigurationLSB_6", 0 0, o0x7fffff25f1c8;  alias, 0 drivers
v0x5555558a0d10_0 .net "REFconfigurationLSB_7", 0 0, o0x7fffff25f1f8;  alias, 0 drivers
v0x5555558a0ef0_0 .net "REFconfigurationMSB_0", 0 0, o0x7fffff25f228;  alias, 0 drivers
v0x5555558a0fc0_0 .net "REFconfigurationMSB_1", 0 0, o0x7fffff25f258;  alias, 0 drivers
v0x5555558a1090_0 .net "REFconfigurationMSB_2", 0 0, o0x7fffff25f288;  alias, 0 drivers
v0x5555558a1160_0 .net "REFconfigurationMSB_3", 0 0, o0x7fffff25f2b8;  alias, 0 drivers
v0x5555558a1230_0 .net "SIMPV", 0 0, o0x7fffff25f2e8;  alias, 0 drivers
v0x5555558a1300_0 .net "enable_regulation", 0 0, o0x7fffff25f318;  alias, 0 drivers
v0x5555558a13d0_0 .net "mode_stepdown", 0 0, o0x7fffff25f348;  alias, 0 drivers
# The file index is used to find the file name in the following table.
:file_names 3;
    "N/A";
    "<interactive>";
    "/celera/projects/Sunnyvale/software/REGULATIONoffset/verilog10/sim_REGULATIONoffset_ROW16.v";
