#! /usr/local/bin/vvp
:ivl_version "11.0 (stable)" "(v11_0)";
:ivl_delay_selection "TYPICAL";
:vpi_time_precision + 0;
:vpi_module "/usr/local/lib/ivl/system.vpi";
:vpi_module "/usr/local/lib/ivl/vhdl_sys.vpi";
:vpi_module "/usr/local/lib/ivl/vhdl_textio.vpi";
:vpi_module "/usr/local/lib/ivl/v2005_math.vpi";
:vpi_module "/usr/local/lib/ivl/va_math.vpi";
S_0x557d2caa0f60 .scope module, "FAULTMANAGERwaltz" "FAULTMANAGERwaltz" 2 60;
 .timescale 0 0;
    .port_info 0 /INPUT 1 "REF";
    .port_info 1 /INPUT 1 "MUDV";
    .port_info 2 /INPUT 1 "clock";
    .port_info 3 /INPUT 1 "CELG59462";
    .port_info 4 /INPUT 1 "CELV96848";
    .port_info 5 /INPUT 1 "PORB97836";
    .port_info 6 /OUTPUT 1 "fault_run";
    .port_info 7 /INPUT 1 "CELSUB40948";
    .port_info 8 /INPUT 1 "IP_799e9a57";
    .port_info 9 /INPUT 1 "IP_7f7f5fd0";
    .port_info 10 /INPUT 1 "blank_fault";
    .port_info 11 /INPUT 1 "fault_short";
    .port_info 12 /OUTPUT 1 "fault_freeze";
    .port_info 13 /INPUT 1 "enable_faultmanager";
o0x7f6dee1ac2b8 .functor BUFZ 1, C4<z>; HiZ drive
v0x557d2cafb820_0 .net "CELG59462", 0 0, o0x7f6dee1ac2b8;  0 drivers
o0x7f6dee1ac2e8 .functor BUFZ 1, C4<z>; HiZ drive
v0x557d2cafb8c0_0 .net "CELSUB40948", 0 0, o0x7f6dee1ac2e8;  0 drivers
o0x7f6dee1ac318 .functor BUFZ 1, C4<z>; HiZ drive
v0x557d2cafb9d0_0 .net "CELV96848", 0 0, o0x7f6dee1ac318;  0 drivers
o0x7f6dee1ac438 .functor BUFZ 1, C4<z>; HiZ drive
v0x557d2cafbac0_0 .net "IP_799e9a57", 0 0, o0x7f6dee1ac438;  0 drivers
o0x7f6dee1ac468 .functor BUFZ 1, C4<z>; HiZ drive
v0x557d2cafbb60_0 .net "IP_7f7f5fd0", 0 0, o0x7f6dee1ac468;  0 drivers
o0x7f6dee1ac498 .functor BUFZ 1, C4<z>; HiZ drive
v0x557d2cafbc50_0 .net "MUDV", 0 0, o0x7f6dee1ac498;  0 drivers
o0x7f6dee1ac4c8 .functor BUFZ 1, C4<z>; HiZ drive
v0x557d2cafbcf0_0 .net "PORB97836", 0 0, o0x7f6dee1ac4c8;  0 drivers
o0x7f6dee1ac4f8 .functor BUFZ 1, C4<z>; HiZ drive
v0x557d2cafbdc0_0 .net "REF", 0 0, o0x7f6dee1ac4f8;  0 drivers
o0x7f6dee1ac348 .functor BUFZ 1, C4<z>; HiZ drive
v0x557d2cafbe90_0 .net "a0", 0 0, o0x7f6dee1ac348;  0 drivers
o0x7f6dee1ac528 .functor BUFZ 1, C4<z>; HiZ drive
v0x557d2cafbfc0_0 .net "blank_fault", 0 0, o0x7f6dee1ac528;  0 drivers
o0x7f6dee1ac588 .functor BUFZ 1, C4<z>; HiZ drive
v0x557d2cafc090_0 .net "celkelvin_GNDthermometer", 0 0, o0x7f6dee1ac588;  0 drivers
o0x7f6dee1ac5b8 .functor BUFZ 1, C4<z>; HiZ drive
v0x557d2cafc160_0 .net "clock", 0 0, o0x7f6dee1ac5b8;  0 drivers
o0x7f6dee1ac048 .functor BUFZ 1, C4<z>; HiZ drive
v0x557d2cafc230_0 .net "enable_faultmanager", 0 0, o0x7f6dee1ac048;  0 drivers
o0x7f6dee1ac078 .functor BUFZ 1, C4<z>; HiZ drive
v0x557d2cafc300_0 .net "fault_freeze", 0 0, o0x7f6dee1ac078;  0 drivers
o0x7f6dee1ac0a8 .functor BUFZ 1, C4<z>; HiZ drive
v0x557d2cafc3a0_0 .net "fault_run", 0 0, o0x7f6dee1ac0a8;  0 drivers
o0x7f6dee1ac0d8 .functor BUFZ 1, C4<z>; HiZ drive
v0x557d2cafc490_0 .net "fault_short", 0 0, o0x7f6dee1ac0d8;  0 drivers
o0x7f6dee1ac6a8 .functor BUFZ 1, C4<z>; HiZ drive
v0x557d2cafc530_0 .net "net_46", 0 0, o0x7f6dee1ac6a8;  0 drivers
o0x7f6dee1ac558 .functor BUFZ 1, C4<z>; HiZ drive
v0x557d2cafc730_0 .net "net_47", 0 0, o0x7f6dee1ac558;  0 drivers
o0x7f6dee1ac618 .functor BUFZ 1, C4<z>; HiZ drive
v0x557d2cafc820_0 .net "net_48", 0 0, o0x7f6dee1ac618;  0 drivers
o0x7f6dee1ac648 .functor BUFZ 1, C4<z>; HiZ drive
v0x557d2cafc910_0 .net "net_49", 0 0, o0x7f6dee1ac648;  0 drivers
o0x7f6dee1ac678 .functor BUFZ 1, C4<z>; HiZ drive
v0x557d2cafca00_0 .net "net_50", 0 0, o0x7f6dee1ac678;  0 drivers
o0x7f6dee1ac5e8 .functor BUFZ 1, C4<z>; HiZ drive
v0x557d2cafcaf0_0 .net "net_51", 0 0, o0x7f6dee1ac5e8;  0 drivers
o0x7f6dee1ac108 .functor BUFZ 1, C4<z>; HiZ drive
v0x557d2cafcbe0_0 .net "net_70", 0 0, o0x7f6dee1ac108;  0 drivers
o0x7f6dee1ac018 .functor BUFZ 1, C4<z>; HiZ drive
v0x557d2cafccd0_0 .net "net_71", 0 0, o0x7f6dee1ac018;  0 drivers
o0x7f6dee1ac138 .functor BUFZ 1, C4<z>; HiZ drive
v0x557d2cafcdc0_0 .net "net_72", 0 0, o0x7f6dee1ac138;  0 drivers
S_0x557d2ca9ee50 .scope module, "XDEBUG" "FAULTMANAGERwaltzDEBUG" 2 80, 2 2 0, S_0x557d2caa0f60;
 .timescale 0 0;
    .port_info 0 /INPUT 1 "fault_run";
    .port_info 1 /INPUT 1 "fault_short";
    .port_info 2 /INPUT 1 "fault_freeze";
    .port_info 3 /INPUT 1 "dft_delaySHORT";
    .port_info 4 /OUTPUT 1 "hijack_fault_short";
    .port_info 5 /INPUT 1 "enable_faultmanager";
    .port_info 6 /OUTPUT 1 "hijack_enable_faultmanager";
v0x557d2caa04b0_0 .net "dft_delaySHORT", 0 0, o0x7f6dee1ac018;  alias, 0 drivers
v0x557d2caa10f0_0 .net "enable_faultmanager", 0 0, o0x7f6dee1ac048;  alias, 0 drivers
v0x557d2caa0ec0_0 .net "fault_freeze", 0 0, o0x7f6dee1ac078;  alias, 0 drivers
v0x557d2caf7f70_0 .net "fault_run", 0 0, o0x7f6dee1ac0a8;  alias, 0 drivers
v0x557d2caf8030_0 .net "fault_short", 0 0, o0x7f6dee1ac0d8;  alias, 0 drivers
v0x557d2caf8140_0 .net "hijack_enable_faultmanager", 0 0, o0x7f6dee1ac108;  alias, 0 drivers
v0x557d2caf8200_0 .net "hijack_fault_short", 0 0, o0x7f6dee1ac138;  alias, 0 drivers
S_0x557d2caf83a0 .scope module, "XDRMNOTL" "PEBBLEtielo" 2 115, 2 40 0, S_0x557d2caa0f60;
 .timescale 0 0;
    .port_info 0 /OUTPUT 1 "q";
    .port_info 1 /INPUT 1 "G";
    .port_info 2 /INPUT 1 "SUB";
    .port_info 3 /INPUT 1 "V";
v0x557d2caf85a0_0 .net "G", 0 0, o0x7f6dee1ac2b8;  alias, 0 drivers
v0x557d2caf8660_0 .net "SUB", 0 0, o0x7f6dee1ac2e8;  alias, 0 drivers
v0x557d2caf8720_0 .net "V", 0 0, o0x7f6dee1ac318;  alias, 0 drivers
v0x557d2caf87f0_0 .net "q", 0 0, o0x7f6dee1ac348;  alias, 0 drivers
S_0x557d2caf8960 .scope module, "XMAIN" "FAULTMANAGERwaltzMAIN" 2 90, 2 12 0, S_0x557d2caa0f60;
 .timescale 0 0;
    .port_info 0 /INPUT 1 "REF";
    .port_info 1 /INPUT 1 "MUDV";
    .port_info 2 /INPUT 1 "clock";
    .port_info 3 /INPUT 1 "CELG59462";
    .port_info 4 /INPUT 1 "CELV96848";
    .port_info 5 /INPUT 1 "PORB97836";
    .port_info 6 /OUTPUT 1 "fault_run";
    .port_info 7 /INPUT 1 "CELSUB40948";
    .port_info 8 /INPUT 1 "IP_799e9a57";
    .port_info 9 /INPUT 1 "IP_7f7f5fd0";
    .port_info 10 /INPUT 1 "blank_fault";
    .port_info 11 /INPUT 1 "fault_short";
    .port_info 12 /INPUT 1 "mode_hiccup";
    .port_info 13 /OUTPUT 1 "fault_freeze";
    .port_info 14 /INPUT 1 "hijack_delay";
    .port_info 15 /INPUT 1 "blank_thermal";
    .port_info 16 /OUTPUT 1 "dft_delaySHORT";
    .port_info 17 /INPUT 1 "enable_faultmanager";
    .port_info 18 /INPUT 1 "hijack_short_status";
    .port_info 19 /INPUT 1 "hijack_thermal_status";
    .port_info 20 /INPUT 1 "celkelvin_GNDthermometer";
    .port_info 21 /INPUT 1 "hijack_faultmanager_status";
v0x557d2caf8d60_0 .net "CELG59462", 0 0, o0x7f6dee1ac2b8;  alias, 0 drivers
v0x557d2caf8e30_0 .net "CELSUB40948", 0 0, o0x7f6dee1ac2e8;  alias, 0 drivers
v0x557d2caf8f00_0 .net "CELV96848", 0 0, o0x7f6dee1ac318;  alias, 0 drivers
v0x557d2caf9000_0 .net "IP_799e9a57", 0 0, o0x7f6dee1ac438;  alias, 0 drivers
v0x557d2caf90a0_0 .net "IP_7f7f5fd0", 0 0, o0x7f6dee1ac468;  alias, 0 drivers
v0x557d2caf9190_0 .net "MUDV", 0 0, o0x7f6dee1ac498;  alias, 0 drivers
v0x557d2caf9230_0 .net "PORB97836", 0 0, o0x7f6dee1ac4c8;  alias, 0 drivers
v0x557d2caf92d0_0 .net "REF", 0 0, o0x7f6dee1ac4f8;  alias, 0 drivers
v0x557d2caf9390_0 .net "blank_fault", 0 0, o0x7f6dee1ac528;  alias, 0 drivers
v0x557d2caf9450_0 .net "blank_thermal", 0 0, o0x7f6dee1ac558;  alias, 0 drivers
v0x557d2caf9510_0 .net "celkelvin_GNDthermometer", 0 0, o0x7f6dee1ac588;  alias, 0 drivers
v0x557d2caf95d0_0 .net "clock", 0 0, o0x7f6dee1ac5b8;  alias, 0 drivers
v0x557d2caf9690_0 .net "dft_delaySHORT", 0 0, o0x7f6dee1ac018;  alias, 0 drivers
v0x557d2caf9730_0 .net "enable_faultmanager", 0 0, o0x7f6dee1ac108;  alias, 0 drivers
v0x557d2caf9800_0 .net "fault_freeze", 0 0, o0x7f6dee1ac078;  alias, 0 drivers
v0x557d2caf98d0_0 .net "fault_run", 0 0, o0x7f6dee1ac0a8;  alias, 0 drivers
v0x557d2caf99a0_0 .net "fault_short", 0 0, o0x7f6dee1ac138;  alias, 0 drivers
v0x557d2caf9b80_0 .net "hijack_delay", 0 0, o0x7f6dee1ac5e8;  alias, 0 drivers
v0x557d2caf9c20_0 .net "hijack_faultmanager_status", 0 0, o0x7f6dee1ac618;  alias, 0 drivers
v0x557d2caf9cc0_0 .net "hijack_short_status", 0 0, o0x7f6dee1ac648;  alias, 0 drivers
v0x557d2caf9d60_0 .net "hijack_thermal_status", 0 0, o0x7f6dee1ac678;  alias, 0 drivers
v0x557d2caf9e00_0 .net "mode_hiccup", 0 0, o0x7f6dee1ac6a8;  alias, 0 drivers
S_0x557d2cafa160 .scope module, "blank_thermal_WRAPPER" "WRAPPER1" 2 132, 2 52 0, S_0x557d2caa0f60;
 .timescale 0 0;
    .port_info 0 /OUTPUT 1 "o";
    .port_info 1 /INPUT 1 "i";
v0x557d2cafa310_0 .net "i", 0 0, o0x7f6dee1ac348;  alias, 0 drivers
v0x557d2cafa400_0 .net "o", 0 0, o0x7f6dee1ac558;  alias, 0 drivers
S_0x557d2cafa4f0 .scope module, "hijack_delay_WRAPPER" "WRAPPER1" 2 127, 2 52 0, S_0x557d2caa0f60;
 .timescale 0 0;
    .port_info 0 /OUTPUT 1 "o";
    .port_info 1 /INPUT 1 "i";
v0x557d2cafa720_0 .net "i", 0 0, o0x7f6dee1ac348;  alias, 0 drivers
v0x557d2cafa830_0 .net "o", 0 0, o0x7f6dee1ac5e8;  alias, 0 drivers
S_0x557d2cafa910 .scope module, "hijack_faultmanager_status_WRAPPER" "WRAPPER1" 2 147, 2 52 0, S_0x557d2caa0f60;
 .timescale 0 0;
    .port_info 0 /OUTPUT 1 "o";
    .port_info 1 /INPUT 1 "i";
v0x557d2cafaaf0_0 .net "i", 0 0, o0x7f6dee1ac348;  alias, 0 drivers
v0x557d2cafabb0_0 .net "o", 0 0, o0x7f6dee1ac618;  alias, 0 drivers
S_0x557d2cafac90 .scope module, "hijack_short_status_WRAPPER" "WRAPPER1" 2 137, 2 52 0, S_0x557d2caa0f60;
 .timescale 0 0;
    .port_info 0 /OUTPUT 1 "o";
    .port_info 1 /INPUT 1 "i";
v0x557d2cafae70_0 .net "i", 0 0, o0x7f6dee1ac348;  alias, 0 drivers
v0x557d2cafaf30_0 .net "o", 0 0, o0x7f6dee1ac648;  alias, 0 drivers
S_0x557d2cafb040 .scope module, "hijack_thermal_status_WRAPPER" "WRAPPER1" 2 142, 2 52 0, S_0x557d2caa0f60;
 .timescale 0 0;
    .port_info 0 /OUTPUT 1 "o";
    .port_info 1 /INPUT 1 "i";
v0x557d2cafb1d0_0 .net "i", 0 0, o0x7f6dee1ac348;  alias, 0 drivers
v0x557d2cafb290_0 .net "o", 0 0, o0x7f6dee1ac678;  alias, 0 drivers
S_0x557d2cafb3a0 .scope module, "mode_hiccup_WRAPPER" "WRAPPER1" 2 122, 2 52 0, S_0x557d2caa0f60;
 .timescale 0 0;
    .port_info 0 /OUTPUT 1 "o";
    .port_info 1 /INPUT 1 "i";
v0x557d2cafb650_0 .net "i", 0 0, o0x7f6dee1ac348;  alias, 0 drivers
v0x557d2cafb710_0 .net "o", 0 0, o0x7f6dee1ac6a8;  alias, 0 drivers
# The file index is used to find the file name in the following table.
:file_names 3;
    "N/A";
    "<interactive>";
    "/celera/projects/Sunnyvale/software/FAULTMANAGERwaltz/verilog10/FAULTMANAGERwaltz.v";
